Archive member included to satisfy reference by file (symbol)

C:/ST/STM32CubeIDE_2.1.1/STM32CubeIDE/plugins/com.st.stm32cube.ide.mcu.externaltools.gnu-tools-for-stm32.14.3.rel1.win32_1.0.100.202602081740/tools/bin/../lib/gcc/arm-none-eabi/14.3.1/../../../../arm-none-eabi/lib/thumb/v7e-m+fp/hard\libc_nano.a(libc_a-exit.o)
                              C:/ST/STM32CubeIDE_2.1.1/STM32CubeIDE/plugins/com.st.stm32cube.ide.mcu.externaltools.gnu-tools-for-stm32.14.3.rel1.win32_1.0.100.202602081740/tools/bin/../lib/gcc/arm-none-eabi/14.3.1/../../../../arm-none-eabi/lib/thumb/v7e-m+fp/hard/crt0.o (exit)
C:/ST/STM32CubeIDE_2.1.1/STM32CubeIDE/plugins/com.st.stm32cube.ide.mcu.externaltools.gnu-tools-for-stm32.14.3.rel1.win32_1.0.100.202602081740/tools/bin/../lib/gcc/arm-none-eabi/14.3.1/../../../../arm-none-eabi/lib/thumb/v7e-m+fp/hard\libc_nano.a(libc_a-findfp.o)
                              C:/ST/STM32CubeIDE_2.1.1/STM32CubeIDE/plugins/com.st.stm32cube.ide.mcu.externaltools.gnu-tools-for-stm32.14.3.rel1.win32_1.0.100.202602081740/tools/bin/../lib/gcc/arm-none-eabi/14.3.1/../../../../arm-none-eabi/lib/thumb/v7e-m+fp/hard\libc_nano.a(libc_a-exit.o) (__stdio_exit_handler)
C:/ST/STM32CubeIDE_2.1.1/STM32CubeIDE/plugins/com.st.stm32cube.ide.mcu.externaltools.gnu-tools-for-stm32.14.3.rel1.win32_1.0.100.202602081740/tools/bin/../lib/gcc/arm-none-eabi/14.3.1/../../../../arm-none-eabi/lib/thumb/v7e-m+fp/hard\libc_nano.a(libc_a-fwalk.o)
                              C:/ST/STM32CubeIDE_2.1.1/STM32CubeIDE/plugins/com.st.stm32cube.ide.mcu.externaltools.gnu-tools-for-stm32.14.3.rel1.win32_1.0.100.202602081740/tools/bin/../lib/gcc/arm-none-eabi/14.3.1/../../../../arm-none-eabi/lib/thumb/v7e-m+fp/hard\libc_nano.a(libc_a-findfp.o) (_fwalk_sglue)
C:/ST/STM32CubeIDE_2.1.1/STM32CubeIDE/plugins/com.st.stm32cube.ide.mcu.externaltools.gnu-tools-for-stm32.14.3.rel1.win32_1.0.100.202602081740/tools/bin/../lib/gcc/arm-none-eabi/14.3.1/../../../../arm-none-eabi/lib/thumb/v7e-m+fp/hard\libc_nano.a(libc_a-snprintf.o)
                              ./Core/Src/storage_manager.o (snprintf)
C:/ST/STM32CubeIDE_2.1.1/STM32CubeIDE/plugins/com.st.stm32cube.ide.mcu.externaltools.gnu-tools-for-stm32.14.3.rel1.win32_1.0.100.202602081740/tools/bin/../lib/gcc/arm-none-eabi/14.3.1/../../../../arm-none-eabi/lib/thumb/v7e-m+fp/hard\libc_nano.a(libc_a-stdio.o)
                              C:/ST/STM32CubeIDE_2.1.1/STM32CubeIDE/plugins/com.st.stm32cube.ide.mcu.externaltools.gnu-tools-for-stm32.14.3.rel1.win32_1.0.100.202602081740/tools/bin/../lib/gcc/arm-none-eabi/14.3.1/../../../../arm-none-eabi/lib/thumb/v7e-m+fp/hard\libc_nano.a(libc_a-findfp.o) (__sread)
C:/ST/STM32CubeIDE_2.1.1/STM32CubeIDE/plugins/com.st.stm32cube.ide.mcu.externaltools.gnu-tools-for-stm32.14.3.rel1.win32_1.0.100.202602081740/tools/bin/../lib/gcc/arm-none-eabi/14.3.1/../../../../arm-none-eabi/lib/thumb/v7e-m+fp/hard\libc_nano.a(libc_a-memcmp.o)
                              ./Core/Src/main.o (memcmp)
C:/ST/STM32CubeIDE_2.1.1/STM32CubeIDE/plugins/com.st.stm32cube.ide.mcu.externaltools.gnu-tools-for-stm32.14.3.rel1.win32_1.0.100.202602081740/tools/bin/../lib/gcc/arm-none-eabi/14.3.1/../../../../arm-none-eabi/lib/thumb/v7e-m+fp/hard\libc_nano.a(libc_a-memset.o)
                              C:/ST/STM32CubeIDE_2.1.1/STM32CubeIDE/plugins/com.st.stm32cube.ide.mcu.externaltools.gnu-tools-for-stm32.14.3.rel1.win32_1.0.100.202602081740/tools/bin/../lib/gcc/arm-none-eabi/14.3.1/../../../../arm-none-eabi/lib/thumb/v7e-m+fp/hard/crt0.o (memset)
C:/ST/STM32CubeIDE_2.1.1/STM32CubeIDE/plugins/com.st.stm32cube.ide.mcu.externaltools.gnu-tools-for-stm32.14.3.rel1.win32_1.0.100.202602081740/tools/bin/../lib/gcc/arm-none-eabi/14.3.1/../../../../arm-none-eabi/lib/thumb/v7e-m+fp/hard\libc_nano.a(libc_a-closer.o)
                              C:/ST/STM32CubeIDE_2.1.1/STM32CubeIDE/plugins/com.st.stm32cube.ide.mcu.externaltools.gnu-tools-for-stm32.14.3.rel1.win32_1.0.100.202602081740/tools/bin/../lib/gcc/arm-none-eabi/14.3.1/../../../../arm-none-eabi/lib/thumb/v7e-m+fp/hard\libc_nano.a(libc_a-stdio.o) (_close_r)
C:/ST/STM32CubeIDE_2.1.1/STM32CubeIDE/plugins/com.st.stm32cube.ide.mcu.externaltools.gnu-tools-for-stm32.14.3.rel1.win32_1.0.100.202602081740/tools/bin/../lib/gcc/arm-none-eabi/14.3.1/../../../../arm-none-eabi/lib/thumb/v7e-m+fp/hard\libc_nano.a(libc_a-reent.o)
                              C:/ST/STM32CubeIDE_2.1.1/STM32CubeIDE/plugins/com.st.stm32cube.ide.mcu.externaltools.gnu-tools-for-stm32.14.3.rel1.win32_1.0.100.202602081740/tools/bin/../lib/gcc/arm-none-eabi/14.3.1/../../../../arm-none-eabi/lib/thumb/v7e-m+fp/hard\libc_nano.a(libc_a-closer.o) (errno)
C:/ST/STM32CubeIDE_2.1.1/STM32CubeIDE/plugins/com.st.stm32cube.ide.mcu.externaltools.gnu-tools-for-stm32.14.3.rel1.win32_1.0.100.202602081740/tools/bin/../lib/gcc/arm-none-eabi/14.3.1/../../../../arm-none-eabi/lib/thumb/v7e-m+fp/hard\libc_nano.a(libc_a-impure.o)
[...]
Memory Configuration

Name             Origin             Length             Attributes
CCMRAM           0x10000000         0x00010000         xrw
RAM              0x20000000         0x00030000         xrw
FLASH            0x08000000         0x00200000         xr
*default*        0x00000000         0xffffffff

Linker script and memory map

LOAD C:/ST/STM32CubeIDE_2.1.1/STM32CubeIDE/plugins/com.st.stm32cube.ide.mcu.externaltools.gnu-tools-for-stm32.14.3.rel1.win32_1.0.100.202602081740/tools/bin/../lib/gcc/arm-none-eabi/14.3.1/thumb/v7e-m+fp/hard/crti.o
LOAD C:/ST/STM32CubeIDE_2.1.1/STM32CubeIDE/plugins/com.st.stm32cube.ide.mcu.externaltools.gnu-tools-for-stm32.14.3.rel1.win32_1.0.100.202602081740/tools/bin/../lib/gcc/arm-none-eabi/14.3.1/thumb/v7e-m+fp/hard/crtbegin.o
LOAD C:/ST/STM32CubeIDE_2.1.1/STM32CubeIDE/plugins/com.st.stm32cube.ide.mcu.externaltools.gnu-tools-for-stm32.14.3.rel1.win32_1.0.100.202602081740/tools/bin/../lib/gcc/arm-none-eabi/14.3.1/../../../../arm-none-eabi/lib/thumb/v7e-m+fp/hard/crt0.o
LOAD ./Core/Src/main.o
LOAD ./Core/Src/sd_spi.o
LOAD ./Core/Src/stm32f4xx_hal_msp.o
LOAD ./Core/Src/stm32f4xx_it.o
LOAD ./Core/Src/storage_manager.o
LOAD ./Core/Src/syscalls.o
LOAD ./Core/Src/sysmem.o
LOAD ./Core/Src/system_stm32f4xx.o
LOAD ./Core/Startup/startup_stm32f429zitx.o
LOAD ./Drivers/STM32F4xx_HAL_Driver/Src/stm32f4xx_hal.o
LOAD ./Drivers/STM32F4xx_HAL_Driver/Src/stm32f4xx_hal_cortex.o
LOAD ./Drivers/STM32F4xx_HAL_Driver/Src/stm32f4xx_hal_dma.o
LOAD ./Drivers/STM32F4xx_HAL_Driver/Src/stm32f4xx_hal_dma_ex.o
LOAD ./Drivers/STM32F4xx_HAL_Driver/Src/stm32f4xx_hal_exti.o
LOAD ./Drivers/STM32F4xx_HAL_Driver/Src/stm32f4xx_hal_flash.o
LOAD ./Drivers/STM32F4xx_HAL_Driver/Src/stm32f4xx_hal_flash_ex.o
LOAD ./Drivers/STM32F4xx_HAL_Driver/Src/stm32f4xx_hal_flash_ramfunc.o
LOAD ./Drivers/STM32F4xx_HAL_Driver/Src/stm32f4xx_hal_gpio.o
LOAD ./Drivers/STM32F4xx_HAL_Driver/Src/stm32f4xx_hal_pcd.o
LOAD ./Drivers/STM32F4xx_HAL_Driver/Src/stm32f4xx_hal_pcd_ex.o
LOAD ./Drivers/STM32F4xx_HAL_Driver/Src/stm32f4xx_hal_pwr.o
LOAD ./Drivers/STM32F4xx_HAL_Driver/Src/stm32f4xx_hal_pwr_ex.o
LOAD ./Drivers/STM32F4xx_HAL_Driver/Src/stm32f4xx_hal_rcc.o
LOAD ./Drivers/STM32F4xx_HAL_Driver/Src/stm32f4xx_hal_rcc_ex.o
LOAD ./Drivers/STM32F4xx_HAL_Driver/Src/stm32f4xx_hal_spi.o
LOAD ./Drivers/STM32F4xx_HAL_Driver/Src/stm32f4xx_ll_usb.o
LOAD ./FATFS/App/fatfs.o
LOAD ./FATFS/Target/user_diskio.o
LOAD ./Middlewares/ST/STM32_USB_Device_Library/Class/MSC/Src/usbd_msc.o
LOAD ./Middlewares/ST/STM32_USB_Device_Library/Class/MSC/Src/usbd_msc_bot.o
LOAD ./Middlewares/ST/STM32_USB_Device_Library/Class/MSC/Src/usbd_msc_data.o
LOAD ./Middlewares/ST/STM32_USB_Device_Library/Class/MSC/Src/usbd_msc_scsi.o
LOAD ./Middlewares/ST/STM32_USB_Device_Library/Core/Src/usbd_core.o
LOAD ./Middlewares/ST/STM32_USB_Device_Library/Core/Src/usbd_ctlreq.o
LOAD ./Middlewares/ST/STM32_USB_Device_Library/Core/Src/usbd_ioreq.o
LOAD ./Middlewares/Third_Party/FatFs/src/diskio.o
LOAD ./Middlewares/Third_Party/FatFs/src/ff.o
LOAD ./Middlewares/Third_Party/FatFs/src/ff_gen_drv.o
LOAD ./Middlewares/Third_Party/FatFs/src/option/syscall.o
LOAD ./USB_DEVICE/App/usb_device.o
LOAD ./USB_DEVICE/App/usbd_desc.o
LOAD ./USB_DEVICE/App/usbd_storage_if.o
LOAD ./USB_DEVICE/Target/usbd_conf.o
START GROUP
LOAD C:/ST/STM32CubeIDE_2.1.1/STM32CubeIDE/plugins/com.st.stm32cube.ide.mcu.externaltools.gnu-tools-for-stm32.14.3.rel1.win32_1.0.100.202602081740/tools/bin/../lib/gcc/arm-none-eabi/14.3.1/../../../../arm-none-eabi/lib/thumb/v7e-m+fp/hard\libc_nano.a
LOAD C:/ST/STM32CubeIDE_2.1.1/STM32CubeIDE/plugins/com.st.stm32cube.ide.mcu.externaltools.gnu-tools-for-stm32.14.3.rel1.win32_1.0.100.202602081740/tools/bin/../lib/gcc/arm-none-eabi/14.3.1/../../../../arm-none-eabi/lib/thumb/v7e-m+fp/hard\libm.a
END GROUP
START GROUP
LOAD C:/ST/STM32CubeIDE_2.1.1/STM32CubeIDE/plugins/com.st.stm32cube.ide.mcu.externaltools.gnu-tools-for-stm32.14.3.rel1.win32_1.0.100.202602081740/tools/bin/../lib/gcc/arm-none-eabi/14.3.1/thumb/v7e-m+fp/hard\libgcc.a
LOAD C:/ST/STM32CubeIDE_2.1.1/STM32CubeIDE/plugins/com.st.stm32cube.ide.mcu.externaltools.gnu-tools-for-stm32.14.3.rel1.win32_1.0.100.202602081740/tools/bin/../lib/gcc/arm-none-eabi/14.3.1/../../../../arm-none-eabi/lib/thumb/v7e-m+fp/hard\libc_nano.a
END GROUP
START GROUP
LOAD C:/ST/STM32CubeIDE_2.1.1/STM32CubeIDE/plugins/com.st.stm32cube.ide.mcu.externaltools.gnu-tools-for-stm32.14.3.rel1.win32_1.0.100.202602081740/tools/bin/../lib/gcc/arm-none-eabi/14.3.1/thumb/v7e-m+fp/hard\libgcc.a
LOAD C:/ST/STM32CubeIDE_2.1.1/STM32CubeIDE/plugins/com.st.stm32cube.ide.mcu.externaltools.gnu-tools-for-stm32.14.3.rel1.win32_1.0.100.202602081740/tools/bin/../lib/gcc/arm-none-eabi/14.3.1/../../../../arm-none-eabi/lib/thumb/v7e-m+fp/hard\libc_nano.a
LOAD C:/ST/STM32CubeIDE_2.1.1/STM32CubeIDE/plugins/com.st.stm32cube.ide.mcu.externaltools.gnu-tools-for-stm32.14.3.rel1.win32_1.0.100.202602081740/tools/bin/../lib/gcc/arm-none-eabi/14.3.1/../../../../arm-none-eabi/lib/thumb/v7e-m+fp/hard\libnosys.a
END GROUP
START GROUP
LOAD C:/ST/STM32CubeIDE_2.1.1/STM32CubeIDE/plugins/com.st.stm32cube.ide.mcu.externaltools.gnu-tools-for-stm32.14.3.rel1.win32_1.0.100.202602081740/tools/bin/../lib/gcc/arm-none-eabi/14.3.1/thumb/v7e-m+fp/hard\libgcc.a
LOAD C:/ST/STM32CubeIDE_2.1.1/STM32CubeIDE/plugins/com.st.stm32cube.ide.mcu.externaltools.gnu-tools-for-stm32.14.3.rel1.win32_1.0.100.202602081740/tools/bin/../lib/gcc/arm-none-eabi/14.3.1/../../../../arm-none-eabi/lib/thumb/v7e-m+fp/hard\libc_nano.a
LOAD C:/ST/STM32CubeIDE_2.1.1/STM32CubeIDE/plugins/com.st.stm32cube.ide.mcu.externaltools.gnu-tools-for-stm32.14.3.rel1.win32_1.0.100.202602081740/tools/bin/../lib/gcc/arm-none-eabi/14.3.1/../../../../arm-none-eabi/lib/thumb/v7e-m+fp/hard\libnosys.a
END GROUP
LOAD C:/ST/STM32CubeIDE_2.1.1/STM32CubeIDE/plugins/com.st.stm32cube.ide.mcu.externaltools.gnu-tools-for-stm32.14.3.rel1.win32_1.0.100.202602081740/tools/bin/../lib/gcc/arm-none-eabi/14.3.1/thumb/v7e-m+fp/hard/crtend.o
LOAD C:/ST/STM32CubeIDE_2.1.1/STM32CubeIDE/plugins/com.st.stm32cube.ide.mcu.externaltools.gnu-tools-for-stm32.14.3.rel1.win32_1.0.100.202602081740/tools/bin/../lib/gcc/arm-none-eabi/14.3.1/thumb/v7e-m+fp/hard/crtn.o
                0x20030000                        _estack = (ORIGIN (RAM) + LENGTH (RAM))
                0x00001000                        _Min_Heap_Size = 0x1000
                0x00001000                        _Min_Stack_Size = 0x1000

.isr_vector     0x08000000      0x1ac
                0x08000000                        . = ALIGN (0x4)
 *(.isr_vector)
 .isr_vector    0x08000000      0x1ac ./Core/Startup/startup_stm32f429zitx.o
                0x08000000                g_pfnVectors
                0x080001ac                        . = ALIGN (0x4)

.text           0x080001ac     0x9874
                0x080001ac                        . = ALIGN (0x4)
 *(.text)
 .text          0x080001ac       0x40 C:/ST/STM32CubeIDE_2.1.1/STM32CubeIDE/plugins/com.st.stm32cube.ide.mcu.externaltools.gnu-tools-for-stm32.14.3.rel1.win32_1.0.100.202602081740/tools/bin/../lib/gcc/arm-none-eabi/14.3.1/thumb/v7e-m+fp/hard/crtbegin.o
 .text          0x080001ec       0x30 C:/ST/STM32CubeIDE_2.1.1/STM32CubeIDE/plugins/com.st.stm32cube.ide.mcu.externaltools.gnu-tools-for-stm32.14.3.rel1.win32_1.0.100.202602081740/tools/bin/../lib/gcc/arm-none-eabi/14.3.1/thumb/v7e-m+fp/hard\libgcc.a(_aeabi_uldivmod.o)
                0x080001ec                __aeabi_uldivmod
 .text          0x0800021c      0x2f8 C:/ST/STM32CubeIDE_2.1.1/STM32CubeIDE/plugins/com.st.stm32cube.ide.mcu.externaltools.gnu-tools-for-stm32.14.3.rel1.win32_1.0.100.202602081740/tools/bin/../lib/gcc/arm-none-eabi/14.3.1/thumb/v7e-m+fp/hard\libgcc.a(_udivmoddi4.o)
                0x0800021c                __udivmoddi4
 .text          0x08000514        0x4 C:/ST/STM32CubeIDE_2.1.1/STM32CubeIDE/plugins/com.st.stm32cube.ide.mcu.externaltools.gnu-tools-for-stm32.14.3.rel1.win32_1.0.100.202602081740/tools/bin/../lib/gcc/arm-none-eabi/14.3.1/thumb/v7e-m+fp/hard\libgcc.a(_dvmd_tls.o)
                0x08000514                __aeabi_idiv0
                0x08000514                __aeabi_ldiv0
 *(.text*)
 .text.main     0x08000518       0x26 ./Core/Src/main.o
                0x08000518                main
 *fill*         0x0800053e        0x2 
 .text.SystemClock_Config
                0x08000540       0xd4 ./Core/Src/main.o
                0x08000540                SystemClock_Config
 .text.MX_SPI1_Init
                0x08000614       0x6c ./Core/Src/main.o
 .text.MX_GPIO_Init
                0x08000680       0xa4 ./Core/Src/main.o
 .text.Error_Handler
                0x08000724        0xc ./Core/Src/main.o
                0x08000724                Error_Handler
 .text.SD_CS_Low
                0x08000730       0x18 ./Core/Src/sd_spi.o
 .text.SD_CS_High
                0x08000748       0x18 ./Core/Src/sd_spi.o
 .text.SD_SPI_Transfer
                0x08000760       0x3c ./Core/Src/sd_spi.o
 .text.SD_SPI_ReceiveBuffer
                0x0800079c       0x48 ./Core/Src/sd_spi.o
 .text.SD_SPI_TransmitBuffer
                0x080007e4       0x44 ./Core/Src/sd_spi.o
 .text.SD_WaitReady
                0x08000828       0x38 ./Core/Src/sd_spi.o
 .text.SD_Select
                0x08000860       0x30 ./Core/Src/sd_spi.o
 .text.SD_Deselect
                0x08000890       0x12 ./Core/Src/sd_spi.o
 .text.SD_GetCommandCRC
                0x080008a2       0x2c ./Core/Src/sd_spi.o
 .text.SD_SendCommand
                0x080008ce       0xda ./Core/Src/sd_spi.o
 .text.SD_ReceiveDataBlock
                0x080009a8       0x5c ./Core/Src/sd_spi.o
 .text.SD_TransmitDataBlock
                0x08000a04       0x9e ./Core/Src/sd_spi.o
 .text.SD_ReadCSD
                0x08000aa2       0x3c ./Core/Src/sd_spi.o
 .text.SD_ParseSectorCount
                0x08000ade      0x104 ./Core/Src/sd_spi.o
 *fill*         0x08000be2        0x2 
 .text.SD_Init  0x08000be4      0x214 ./Core/Src/sd_spi.o
                0x08000be4                SD_Init
 .text.SD_IsReady
                0x08000df8       0x18 ./Core/Src/sd_spi.o
                0x08000df8                SD_IsReady
 .text.SD_GetAddress
                0x08000e10       0x28 ./Core/Src/sd_spi.o
 .text.SD_ReadBlocks
                0x08000e38       0xe0 ./Core/Src/sd_spi.o
                0x08000e38                SD_ReadBlocks
 .text.SD_WriteBlocks
                0x08000f18       0xfc ./Core/Src/sd_spi.o
                0x08000f18                SD_WriteBlocks
 .text.SD_GetSectorCount
                0x08001014       0x18 ./Core/Src/sd_spi.o
                0x08001014                SD_GetSectorCount
 .text.HAL_MspInit
                0x0800102c       0x50 ./Core/Src/stm32f4xx_hal_msp.o
                0x0800102c                HAL_MspInit
 .text.HAL_SPI_MspInit
                0x0800107c       0xa0 ./Core/Src/stm32f4xx_hal_msp.o
                0x0800107c                HAL_SPI_MspInit
 .text.NMI_Handler
                0x0800111c        0x8 ./Core/Src/stm32f4xx_it.o
                0x0800111c                NMI_Handler
 .text.HardFault_Handler
                0x08001124        0x8 ./Core/Src/stm32f4xx_it.o
                0x08001124                HardFault_Handler
 .text.MemManage_Handler
                0x0800112c        0x8 ./Core/Src/stm32f4xx_it.o
                0x0800112c                MemManage_Handler
 .text.BusFault_Handler
                0x08001134        0x8 ./Core/Src/stm32f4xx_it.o
                0x08001134                BusFault_Handler
 .text.UsageFault_Handler
                0x0800113c        0x8 ./Core/Src/stm32f4xx_it.o
                0x0800113c                UsageFault_Handler
 .text.SVC_Handler
                0x08001144        0xe ./Core/Src/stm32f4xx_it.o
                0x08001144                SVC_Handler
 .text.DebugMon_Handler
                0x08001152        0xe ./Core/Src/stm32f4xx_it.o
                0x08001152                DebugMon_Handler
 .text.PendSV_Handler
                0x08001160        0xe ./Core/Src/stm32f4xx_it.o
                0x08001160                PendSV_Handler
 .text.SysTick_Handler
                0x0800116e        0xc ./Core/Src/stm32f4xx_it.o
                0x0800116e                SysTick_Handler
 *fill*         0x0800117a        0x2 
 .text.SPI1_IRQHandler
                0x0800117c       0x14 ./Core/Src/stm32f4xx_it.o
                0x0800117c                SPI1_IRQHandler
 .text.OTG_FS_IRQHandler
                0x08001190       0x14 ./Core/Src/stm32f4xx_it.o
                0x08001190                OTG_FS_IRQHandler
 .text.SystemInit
                0x080011a4       0x24 ./Core/Src/system_stm32f4xx.o
                0x080011a4                SystemInit
 .text.Reset_Handler
                0x080011c8       0x50 ./Core/Startup/startup_stm32f429zitx.o
                0x080011c8                Reset_Handler
 .text.Default_Handler
                0x08001218        0x2 ./Core/Startup/startup_stm32f429zitx.o
                0x08001218                RTC_Alarm_IRQHandler
                0x08001218                HASH_RNG_IRQHandler
                0x08001218                EXTI2_IRQHandler
                0x08001218                TIM8_CC_IRQHandler
                0x08001218                UART8_IRQHandler
                0x08001218                SPI4_IRQHandler
                0x08001218                TIM1_CC_IRQHandler
                0x08001218                DMA2_Stream5_IRQHandler
                0x08001218                DMA1_Stream5_IRQHandler
                0x08001218                PVD_IRQHandler
                0x08001218                SDIO_IRQHandler
                0x08001218                TAMP_STAMP_IRQHandler
                0x08001218                CAN2_RX1_IRQHandler
                0x08001218                EXTI3_IRQHandler
                0x08001218                TIM8_TRG_COM_TIM14_IRQHandler
                0x08001218                TIM1_UP_TIM10_IRQHandler
                0x08001218                TIM8_UP_TIM13_IRQHandler
                0x08001218                I2C3_ER_IRQHandler
                0x08001218                EXTI0_IRQHandler
                0x08001218                I2C2_EV_IRQHandler
                0x08001218                DMA1_Stream2_IRQHandler
                0x08001218                CAN1_RX0_IRQHandler
                0x08001218                FPU_IRQHandler
                0x08001218                OTG_HS_WKUP_IRQHandler
                0x08001218                LTDC_ER_IRQHandler
                0x08001218                CAN2_SCE_IRQHandler
                0x08001218                DMA2_Stream2_IRQHandler
                0x08001218                TIM6_DAC_IRQHandler
                0x08001218                TIM1_BRK_TIM9_IRQHandler
                0x08001218                DCMI_IRQHandler
                0x08001218                CAN2_RX0_IRQHandler
                0x08001218                DMA2_Stream3_IRQHandler
                0x08001218                USART6_IRQHandler
                0x08001218                USART3_IRQHandler
                0x08001218                CAN1_RX1_IRQHandler
                0x08001218                UART5_IRQHandler
                0x08001218                DMA2_Stream0_IRQHandler
                0x08001218                TIM4_IRQHandler
                0x08001218                I2C1_EV_IRQHandler
                0x08001218                DMA1_Stream6_IRQHandler
                0x08001218                DMA1_Stream1_IRQHandler
                0x08001218                UART4_IRQHandler
                0x08001218                TIM3_IRQHandler
                0x08001218                RCC_IRQHandler
                0x08001218                TIM8_BRK_TIM12_IRQHandler
                0x08001218                Default_Handler
                0x08001218                EXTI15_10_IRQHandler
                0x08001218                ADC_IRQHandler
                0x08001218                DMA1_Stream7_IRQHandler
                0x08001218                SPI5_IRQHandler
                0x08001218                TIM7_IRQHandler
                0x08001218                CAN2_TX_IRQHandler
                0x08001218                TIM5_IRQHandler
                0x08001218                DMA2_Stream7_IRQHandler
                0x08001218                I2C3_EV_IRQHandler
                0x08001218                EXTI9_5_IRQHandler
                0x08001218                RTC_WKUP_IRQHandler
                0x08001218                LTDC_IRQHandler
                0x08001218                ETH_WKUP_IRQHandler
                0x08001218                SPI2_IRQHandler
                0x08001218                OTG_HS_EP1_IN_IRQHandler
                0x08001218                DMA1_Stream0_IRQHandler
                0x08001218                CAN1_TX_IRQHandler
                0x08001218                EXTI4_IRQHandler
                0x08001218                ETH_IRQHandler
                0x08001218                OTG_HS_EP1_OUT_IRQHandler
                0x08001218                WWDG_IRQHandler
                0x08001218                SPI6_IRQHandler
                0x08001218                TIM2_IRQHandler
                0x08001218                OTG_FS_WKUP_IRQHandler
                0x08001218                TIM1_TRG_COM_TIM11_IRQHandler
                0x08001218                OTG_HS_IRQHandler
                0x08001218                DMA2D_IRQHandler
                0x08001218                EXTI1_IRQHandler
                0x08001218                UART7_IRQHandler
                0x08001218                USART2_IRQHandler
                0x08001218                I2C2_ER_IRQHandler
                0x08001218                DMA2_Stream1_IRQHandler
                0x08001218                CAN1_SCE_IRQHandler
                0x08001218                FLASH_IRQHandler
                0x08001218                DMA2_Stream4_IRQHandler
                0x08001218                USART1_IRQHandler
                0x08001218                SPI3_IRQHandler
                0x08001218                DMA1_Stream4_IRQHandler
                0x08001218                I2C1_ER_IRQHandler
                0x08001218                FMC_IRQHandler
                0x08001218                DMA2_Stream6_IRQHandler
                0x08001218                SAI1_IRQHandler
                0x08001218                DMA1_Stream3_IRQHandler
 *fill*         0x0800121a        0x2 
 .text.HAL_Init
                0x0800121c       0x44 ./Drivers/STM32F4xx_HAL_Driver/Src/stm32f4xx_hal.o
                0x0800121c                HAL_Init
 .text.HAL_InitTick
                0x08001260       0x60 ./Drivers/STM32F4xx_HAL_Driver/Src/stm32f4xx_hal.o
                0x08001260                HAL_InitTick
 .text.HAL_IncTick
                0x080012c0       0x28 ./Drivers/STM32F4xx_HAL_Driver/Src/stm32f4xx_hal.o
                0x080012c0                HAL_IncTick
 .text.HAL_GetTick
                0x080012e8       0x18 ./Drivers/STM32F4xx_HAL_Driver/Src/stm32f4xx_hal.o
                0x080012e8                HAL_GetTick
 .text.HAL_Delay
                0x08001300       0x48 ./Drivers/STM32F4xx_HAL_Driver/Src/stm32f4xx_hal.o
                0x08001300                HAL_Delay
 .text.__NVIC_SetPriorityGrouping
                0x08001348       0x48 ./Drivers/STM32F4xx_HAL_Driver/Src/stm32f4xx_hal_cortex.o
 .text.__NVIC_GetPriorityGrouping
                0x08001390       0x1c ./Drivers/STM32F4xx_HAL_Driver/Src/stm32f4xx_hal_cortex.o
 .text.__NVIC_EnableIRQ
                0x080013ac       0x3c ./Drivers/STM32F4xx_HAL_Driver/Src/stm32f4xx_hal_cortex.o
 .text.__NVIC_SetPriority
                0x080013e8       0x54 ./Drivers/STM32F4xx_HAL_Driver/Src/stm32f4xx_hal_cortex.o
 .text.NVIC_EncodePriority
                0x0800143c       0x66 ./Drivers/STM32F4xx_HAL_Driver/Src/stm32f4xx_hal_cortex.o
 *fill*         0x080014a2        0x2 
 .text.SysTick_Config
                0x080014a4       0x44 ./Drivers/STM32F4xx_HAL_Driver/Src/stm32f4xx_hal_cortex.o
 .text.HAL_NVIC_SetPriorityGrouping
                0x080014e8       0x16 ./Drivers/STM32F4xx_HAL_Driver/Src/stm32f4xx_hal_cortex.o
                0x080014e8                HAL_NVIC_SetPriorityGrouping
 .text.HAL_NVIC_SetPriority
                0x080014fe       0x38 ./Drivers/STM32F4xx_HAL_Driver/Src/stm32f4xx_hal_cortex.o
                0x080014fe                HAL_NVIC_SetPriority
 .text.HAL_NVIC_EnableIRQ
                0x08001536       0x1c ./Drivers/STM32F4xx_HAL_Driver/Src/stm32f4xx_hal_cortex.o
                0x08001536                HAL_NVIC_EnableIRQ
 .text.HAL_SYSTICK_Config
                0x08001552       0x18 ./Drivers/STM32F4xx_HAL_Driver/Src/stm32f4xx_hal_cortex.o
                0x08001552                HAL_SYSTICK_Config
 .text.HAL_DMA_Abort_IT
                0x0800156a       0x44 ./Drivers/STM32F4xx_HAL_Driver/Src/stm32f4xx_hal_dma.o
                0x0800156a                HAL_DMA_Abort_IT
 *fill*         0x080015ae        0x2 
 .text.HAL_GPIO_Init
                0x080015b0      0x358 ./Drivers/STM32F4xx_HAL_Driver/Src/stm32f4xx_hal_gpio.o
                0x080015b0                HAL_GPIO_Init
 .text.HAL_GPIO_WritePin
                0x08001908       0x32 ./Drivers/STM32F4xx_HAL_Driver/Src/stm32f4xx_hal_gpio.o
                0x08001908                HAL_GPIO_WritePin
 .text.HAL_PCD_Init
                0x0800193a      0x21e ./Drivers/STM32F4xx_HAL_Driver/Src/stm32f4xx_hal_pcd.o
                0x0800193a                HAL_PCD_Init
 .text.HAL_PCD_Start
                0x08001b58       0x6a ./Drivers/STM32F4xx_HAL_Driver/Src/stm32f4xx_hal_pcd.o
                0x08001b58                HAL_PCD_Start
 .text.HAL_PCD_IRQHandler
                0x08001bc2      0x942 ./Drivers/STM32F4xx_HAL_Driver/Src/stm32f4xx_hal_pcd.o
                0x08001bc2                HAL_PCD_IRQHandler
 .text.HAL_PCD_SetAddress
                0x08002504       0x48 ./Drivers/STM32F4xx_HAL_Driver/Src/stm32f4xx_hal_pcd.o
                0x08002504                HAL_PCD_SetAddress
 .text.HAL_PCD_EP_Open
                0x0800254c       0xd4 ./Drivers/STM32F4xx_HAL_Driver/Src/stm32f4xx_hal_pcd.o
                0x0800254c                HAL_PCD_EP_Open
 .text.HAL_PCD_EP_Close
                0x08002620       0x94 ./Drivers/STM32F4xx_HAL_Driver/Src/stm32f4xx_hal_pcd.o
                0x08002620                HAL_PCD_EP_Close
 .text.HAL_PCD_EP_Receive
                0x080026b4       0x76 ./Drivers/STM32F4xx_HAL_Driver/Src/stm32f4xx_hal_pcd.o
                0x080026b4                HAL_PCD_EP_Receive
 .text.HAL_PCD_EP_GetRxCount
                0x0800272a       0x30 ./Drivers/STM32F4xx_HAL_Driver/Src/stm32f4xx_hal_pcd.o
                0x0800272a                HAL_PCD_EP_GetRxCount
 .text.HAL_PCD_EP_Transmit
                0x0800275a       0x74 ./Drivers/STM32F4xx_HAL_Driver/Src/stm32f4xx_hal_pcd.o
                0x0800275a                HAL_PCD_EP_Transmit
 .text.HAL_PCD_EP_SetStall
                0x080027ce       0xc6 ./Drivers/STM32F4xx_HAL_Driver/Src/stm32f4xx_hal_pcd.o
                0x080027ce                HAL_PCD_EP_SetStall
 .text.HAL_PCD_EP_ClrStall
                0x08002894       0xac ./Drivers/STM32F4xx_HAL_Driver/Src/stm32f4xx_hal_pcd.o
                0x08002894                HAL_PCD_EP_ClrStall
 .text.HAL_PCD_EP_Abort
                0x08002940       0x62 ./Drivers/STM32F4xx_HAL_Driver/Src/stm32f4xx_hal_pcd.o
                0x08002940                HAL_PCD_EP_Abort
 .text.HAL_PCD_EP_Flush
                0x080029a2       0x5a ./Drivers/STM32F4xx_HAL_Driver/Src/stm32f4xx_hal_pcd.o
                0x080029a2                HAL_PCD_EP_Flush
 .text.PCD_WriteEmptyTxFifo
                0x080029fc      0x118 ./Drivers/STM32F4xx_HAL_Driver/Src/stm32f4xx_hal_pcd.o
 .text.PCD_EP_OutXfrComplete_int
                0x08002b14      0x1d0 ./Drivers/STM32F4xx_HAL_Driver/Src/stm32f4xx_hal_pcd.o
 .text.PCD_EP_OutSetupPacket_int
                0x08002ce4       0x8c ./Drivers/STM32F4xx_HAL_Driver/Src/stm32f4xx_hal_pcd.o
 .text.HAL_PCDEx_SetTxFiFo
                0x08002d70       0x8e ./Drivers/STM32F4xx_HAL_Driver/Src/stm32f4xx_hal_pcd_ex.o
                0x08002d70                HAL_PCDEx_SetTxFiFo
 .text.HAL_PCDEx_SetRxFiFo
                0x08002dfe       0x22 ./Drivers/STM32F4xx_HAL_Driver/Src/stm32f4xx_hal_pcd_ex.o
                0x08002dfe                HAL_PCDEx_SetRxFiFo
 .text.HAL_PCDEx_LPM_Callback
                0x08002e20       0x18 ./Drivers/STM32F4xx_HAL_Driver/Src/stm32f4xx_hal_pcd_ex.o
                0x08002e20                HAL_PCDEx_LPM_Callback
 .text.HAL_RCC_OscConfig
                0x08002e38      0x4f0 ./Drivers/STM32F4xx_HAL_Driver/Src/stm32f4xx_hal_rcc.o
                0x08002e38                HAL_RCC_OscConfig
 .text.HAL_RCC_ClockConfig
                0x08003328      0x1cc ./Drivers/STM32F4xx_HAL_Driver/Src/stm32f4xx_hal_rcc.o
                0x08003328                HAL_RCC_ClockConfig
 .text.HAL_RCC_GetSysClockFreq
                0x080034f4      0x20c ./Drivers/STM32F4xx_HAL_Driver/Src/stm32f4xx_hal_rcc.o
                0x080034f4                HAL_RCC_GetSysClockFreq
 .text.HAL_RCC_GetHCLKFreq
                0x08003700       0x18 ./Drivers/STM32F4xx_HAL_Driver/Src/stm32f4xx_hal_rcc.o
                0x08003700                HAL_RCC_GetHCLKFreq
 .text.HAL_SPI_Init
                0x08003718      0x112 ./Drivers/STM32F4xx_HAL_Driver/Src/stm32f4xx_hal_spi.o
                0x08003718                HAL_SPI_Init
 .text.HAL_SPI_TransmitReceive
                0x0800382a      0x352 ./Drivers/STM32F4xx_HAL_Driver/Src/stm32f4xx_hal_spi.o
                0x0800382a                HAL_SPI_TransmitReceive
 .text.HAL_SPI_IRQHandler
                0x08003b7c      0x200 ./Drivers/STM32F4xx_HAL_Driver/Src/stm32f4xx_hal_spi.o
                0x08003b7c                HAL_SPI_IRQHandler
 .text.HAL_SPI_ErrorCallback
                0x08003d7c       0x14 ./Drivers/STM32F4xx_HAL_Driver/Src/stm32f4xx_hal_spi.o
                0x08003d7c                HAL_SPI_ErrorCallback
 .text.SPI_DMAAbortOnError
                0x08003d90       0x28 ./Drivers/STM32F4xx_HAL_Driver/Src/stm32f4xx_hal_spi.o
 .text.SPI_WaitFlagStateUntilTimeout
                0x08003db8      0x110 ./Drivers/STM32F4xx_HAL_Driver/Src/stm32f4xx_hal_spi.o
 .text.SPI_EndRxTxTransaction
                0x08003ec8       0xa8 ./Drivers/STM32F4xx_HAL_Driver/Src/stm32f4xx_hal_spi.o
 .text.USB_CoreInit
                0x08003f70       0xc8 ./Drivers/STM32F4xx_HAL_Driver/Src/stm32f4xx_ll_usb.o
                0x08003f70                USB_CoreInit
 .text.USB_SetTurnaroundTime
                0x08004038      0x144 ./Drivers/STM32F4xx_HAL_Driver/Src/stm32f4xx_ll_usb.o
                0x08004038                USB_SetTurnaroundTime
 .text.USB_EnableGlobalInt
                0x0800417c       0x22 ./Drivers/STM32F4xx_HAL_Driver/Src/stm32f4xx_ll_usb.o
                0x0800417c                USB_EnableGlobalInt
 .text.USB_DisableGlobalInt
                0x0800419e       0x22 ./Drivers/STM32F4xx_HAL_Driver/Src/stm32f4xx_ll_usb.o
                0x0800419e                USB_DisableGlobalInt
 .text.USB_SetCurrentMode
                0x080041c0       0x98 ./Drivers/STM32F4xx_HAL_Driver/Src/stm32f4xx_ll_usb.o
                0x080041c0                USB_SetCurrentMode
 .text.USB_DevInit
                0x08004258      0x2c8 ./Drivers/STM32F4xx_HAL_Driver/Src/stm32f4xx_ll_usb.o
                0x08004258                USB_DevInit
 .text.USB_FlushTxFifo
                0x08004520       0x64 ./Drivers/STM32F4xx_HAL_Driver/Src/stm32f4xx_ll_usb.o
                0x08004520                USB_FlushTxFifo
 .text.USB_FlushRxFifo
                0x08004584       0x5c ./Drivers/STM32F4xx_HAL_Driver/Src/stm32f4xx_ll_usb.o
                0x08004584                USB_FlushRxFifo
 .text.USB_SetDevSpeed
                0x080045e0       0x32 ./Drivers/STM32F4xx_HAL_Driver/Src/stm32f4xx_ll_usb.o
                0x080045e0                USB_SetDevSpeed
 .text.USB_GetDevSpeed
                0x08004612       0x4a ./Drivers/STM32F4xx_HAL_Driver/Src/stm32f4xx_ll_usb.o
                0x08004612                USB_GetDevSpeed
 .text.USB_ActivateEndpoint
                0x0800465c      0x10e ./Drivers/STM32F4xx_HAL_Driver/Src/stm32f4xx_ll_usb.o
                0x0800465c                USB_ActivateEndpoint
 *fill*         0x0800476a        0x2 
 .text.USB_DeactivateEndpoint
                0x0800476c      0x1b8 ./Drivers/STM32F4xx_HAL_Driver/Src/stm32f4xx_ll_usb.o
                0x0800476c                USB_DeactivateEndpoint
 .text.USB_EPStartXfer
                0x08004924      0x53c ./Drivers/STM32F4xx_HAL_Driver/Src/stm32f4xx_ll_usb.o
                0x08004924                USB_EPStartXfer
 .text.USB_EPStopXfer
                0x08004e60      0x154 ./Drivers/STM32F4xx_HAL_Driver/Src/stm32f4xx_ll_usb.o
                0x08004e60                USB_EPStopXfer
 .text.USB_WritePacket
                0x08004fb4       0x7c ./Drivers/STM32F4xx_HAL_Driver/Src/stm32f4xx_ll_usb.o
                0x08004fb4                USB_WritePacket
 .text.USB_ReadPacket
                0x08005030       0xb0 ./Drivers/STM32F4xx_HAL_Driver/Src/stm32f4xx_ll_usb.o
                0x08005030                USB_ReadPacket
 .text.USB_EPSetStall
                0x080050e0       0xdc ./Drivers/STM32F4xx_HAL_Driver/Src/stm32f4xx_ll_usb.o
                0x080050e0                USB_EPSetStall
 .text.USB_EPClearStall
                0x080051bc       0xcc ./Drivers/STM32F4xx_HAL_Driver/Src/stm32f4xx_ll_usb.o
                0x080051bc                USB_EPClearStall
 .text.USB_SetDevAddress
                0x08005288       0x4c ./Drivers/STM32F4xx_HAL_Driver/Src/stm32f4xx_ll_usb.o
                0x08005288                USB_SetDevAddress
 .text.USB_DevConnect
                0x080052d4       0x42 ./Drivers/STM32F4xx_HAL_Driver/Src/stm32f4xx_ll_usb.o
                0x080052d4                USB_DevConnect
 .text.USB_DevDisconnect
                0x08005316       0x42 ./Drivers/STM32F4xx_HAL_Driver/Src/stm32f4xx_ll_usb.o
                0x08005316                USB_DevDisconnect
 .text.USB_ReadInterrupts
                0x08005358       0x26 ./Drivers/STM32F4xx_HAL_Driver/Src/stm32f4xx_ll_usb.o
                0x08005358                USB_ReadInterrupts
 .text.USB_ReadDevAllOutEpInterrupt
                0x0800537e       0x34 ./Drivers/STM32F4xx_HAL_Driver/Src/stm32f4xx_ll_usb.o
                0x0800537e                USB_ReadDevAllOutEpInterrupt
 .text.USB_ReadDevAllInEpInterrupt
                0x080053b2       0x34 ./Drivers/STM32F4xx_HAL_Driver/Src/stm32f4xx_ll_usb.o
                0x080053b2                USB_ReadDevAllInEpInterrupt
 .text.USB_ReadDevOutEPInterrupt
                0x080053e6       0x3c ./Drivers/STM32F4xx_HAL_Driver/Src/stm32f4xx_ll_usb.o
                0x080053e6                USB_ReadDevOutEPInterrupt
 .text.USB_ReadDevInEPInterrupt
                0x08005422       0x5c ./Drivers/STM32F4xx_HAL_Driver/Src/stm32f4xx_ll_usb.o
                0x08005422                USB_ReadDevInEPInterrupt
 .text.USB_GetMode
                0x0800547e       0x1c ./Drivers/STM32F4xx_HAL_Driver/Src/stm32f4xx_ll_usb.o
                0x0800547e                USB_GetMode
 .text.USB_ActivateSetup
                0x0800549a       0x46 ./Drivers/STM32F4xx_HAL_Driver/Src/stm32f4xx_ll_usb.o
                0x0800549a                USB_ActivateSetup
 .text.USB_EP0_OutStart
                0x080054e0       0xbc ./Drivers/STM32F4xx_HAL_Driver/Src/stm32f4xx_ll_usb.o
                0x080054e0                USB_EP0_OutStart
 .text.USB_CoreReset
                0x0800559c       0x70 ./Drivers/STM32F4xx_HAL_Driver/Src/stm32f4xx_ll_usb.o
 .text.MX_FATFS_Init
                0x0800560c       0x24 ./FATFS/App/fatfs.o
                0x0800560c                MX_FATFS_Init
 .text.USER_initialize
                0x08005630       0x2c ./FATFS/Target/user_diskio.o
                0x08005630                USER_initialize
 .text.USER_status
                0x0800565c       0x2c ./FATFS/Target/user_diskio.o
                0x0800565c                USER_status
 .text.USER_read
                0x08005688       0x58 ./FATFS/Target/user_diskio.o
                0x08005688                USER_read
 .text.USER_write
                0x080056e0       0x58 ./FATFS/Target/user_diskio.o
                0x080056e0                USER_write
 .text.USER_ioctl
                0x08005738       0x9c ./FATFS/Target/user_diskio.o
                0x08005738                USER_ioctl
 .text.USBD_MSC_Init
                0x080057d4      0x120 ./Middlewares/ST/STM32_USB_Device_Library/Class/MSC/Src/usbd_msc.o
                0x080057d4                USBD_MSC_Init
 .text.USBD_MSC_DeInit
                0x080058f4       0xb0 ./Middlewares/ST/STM32_USB_Device_Library/Class/MSC/Src/usbd_msc.o
                0x080058f4                USBD_MSC_DeInit
 .text.USBD_MSC_Setup
                0x080059a4      0x200 ./Middlewares/ST/STM32_USB_Device_Library/Class/MSC/Src/usbd_msc.o
                0x080059a4                USBD_MSC_Setup
 .text.USBD_MSC_DataIn
                0x08005ba4       0x20 ./Middlewares/ST/STM32_USB_Device_Library/Class/MSC/Src/usbd_msc.o
                0x08005ba4                USBD_MSC_DataIn
 .text.USBD_MSC_DataOut
                0x08005bc4       0x20 ./Middlewares/ST/STM32_USB_Device_Library/Class/MSC/Src/usbd_msc.o
                0x08005bc4                USBD_MSC_DataOut
 .text.USBD_MSC_GetHSCfgDesc
                0x08005be4       0x58 ./Middlewares/ST/STM32_USB_Device_Library/Class/MSC/Src/usbd_msc.o
                0x08005be4                USBD_MSC_GetHSCfgDesc
 .text.USBD_MSC_GetFSCfgDesc
                0x08005c3c       0x58 ./Middlewares/ST/STM32_USB_Device_Library/Class/MSC/Src/usbd_msc.o
                0x08005c3c                USBD_MSC_GetFSCfgDesc
 .text.USBD_MSC_GetOtherSpeedCfgDesc
                0x08005c94       0x58 ./Middlewares/ST/STM32_USB_Device_Library/Class/MSC/Src/usbd_msc.o
                0x08005c94                USBD_MSC_GetOtherSpeedCfgDesc
 .text.USBD_MSC_GetDeviceQualifierDescriptor
                0x08005cec       0x20 ./Middlewares/ST/STM32_USB_Device_Library/Class/MSC/Src/usbd_msc.o
                0x08005cec                USBD_MSC_GetDeviceQualifierDescriptor
 .text.USBD_MSC_RegisterStorage
                0x08005d0c       0x34 ./Middlewares/ST/STM32_USB_Device_Library/Class/MSC/Src/usbd_msc.o
                0x08005d0c                USBD_MSC_RegisterStorage
 .text.MSC_BOT_Init
                0x08005d40       0x94 ./Middlewares/ST/STM32_USB_Device_Library/Class/MSC/Src/usbd_msc_bot.o
                0x08005d40                MSC_BOT_Init
 .text.MSC_BOT_Reset
                0x08005dd4       0x68 ./Middlewares/ST/STM32_USB_Device_Library/Class/MSC/Src/usbd_msc_bot.o
                0x08005dd4                MSC_BOT_Reset
 .text.MSC_BOT_DeInit
                0x08005e3c       0x30 ./Middlewares/ST/STM32_USB_Device_Library/Class/MSC/Src/usbd_msc_bot.o
                0x08005e3c                MSC_BOT_DeInit
 .text.MSC_BOT_DataIn
                0x08005e6c       0x74 ./Middlewares/ST/STM32_USB_Device_Library/Class/MSC/Src/usbd_msc_bot.o
                0x08005e6c                MSC_BOT_DataIn
 .text.MSC_BOT_DataOut
                0x08005ee0       0x68 ./Middlewares/ST/STM32_USB_Device_Library/Class/MSC/Src/usbd_msc_bot.o
                0x08005ee0                MSC_BOT_DataOut
 .text.MSC_BOT_CBW_Decode
                0x08005f48      0x12c ./Middlewares/ST/STM32_USB_Device_Library/Class/MSC/Src/usbd_msc_bot.o
 .text.MSC_BOT_SendData
                0x08006074       0x6c ./Middlewares/ST/STM32_USB_Device_Library/Class/MSC/Src/usbd_msc_bot.o
 .text.MSC_BOT_SendCSW
                0x080060e0       0x74 ./Middlewares/ST/STM32_USB_Device_Library/Class/MSC/Src/usbd_msc_bot.o
                0x080060e0                MSC_BOT_SendCSW
 .text.MSC_BOT_Abort
                0x08006154       0x84 ./Middlewares/ST/STM32_USB_Device_Library/Class/MSC/Src/usbd_msc_bot.o
 .text.MSC_BOT_CplClrFeature
                0x080061d8       0x74 ./Middlewares/ST/STM32_USB_Device_Library/Class/MSC/Src/usbd_msc_bot.o
                0x080061d8                MSC_BOT_CplClrFeature
 .text.SCSI_ProcessCmd
                0x0800624c      0x354 ./Middlewares/ST/STM32_USB_Device_Library/Class/MSC/Src/usbd_msc_scsi.o
                0x0800624c                SCSI_ProcessCmd
 .text.SCSI_TestUnitReady
                0x080065a0       0xb2 ./Middlewares/ST/STM32_USB_Device_Library/Class/MSC/Src/usbd_msc_scsi.o
 *fill*         0x08006652        0x2 
 .text.SCSI_Inquiry
                0x08006654       0xf8 ./Middlewares/ST/STM32_USB_Device_Library/Class/MSC/Src/usbd_msc_scsi.o
 .text.SCSI_ReadCapacity10
                0x0800674c       0xf4 ./Middlewares/ST/STM32_USB_Device_Library/Class/MSC/Src/usbd_msc_scsi.o
 .text.SCSI_ReadCapacity16
                0x08006840      0x160 ./Middlewares/ST/STM32_USB_Device_Library/Class/MSC/Src/usbd_msc_scsi.o
 .text.SCSI_ReadFormatCapacity
                0x080069a0       0xf6 ./Middlewares/ST/STM32_USB_Device_Library/Class/MSC/Src/usbd_msc_scsi.o
 *fill*         0x08006a96        0x2 
 .text.SCSI_ModeSense6
                0x08006a98       0xa0 ./Middlewares/ST/STM32_USB_Device_Library/Class/MSC/Src/usbd_msc_scsi.o
 .text.SCSI_ModeSense10
                0x08006b38       0x9c ./Middlewares/ST/STM32_USB_Device_Library/Class/MSC/Src/usbd_msc_scsi.o
 .text.SCSI_RequestSense
                0x08006bd4      0x106 ./Middlewares/ST/STM32_USB_Device_Library/Class/MSC/Src/usbd_msc_scsi.o
 .text.SCSI_SenseCode
                0x08006cda       0x96 ./Middlewares/ST/STM32_USB_Device_Library/Class/MSC/Src/usbd_msc_scsi.o
                0x08006cda                SCSI_SenseCode
 .text.SCSI_StartStopUnit
                0x08006d70       0xaa ./Middlewares/ST/STM32_USB_Device_Library/Class/MSC/Src/usbd_msc_scsi.o
 .text.SCSI_AllowPreventRemovable
                0x08006e1a       0x5a ./Middlewares/ST/STM32_USB_Device_Library/Class/MSC/Src/usbd_msc_scsi.o
 .text.SCSI_Read10
                0x08006e74      0x154 ./Middlewares/ST/STM32_USB_Device_Library/Class/MSC/Src/usbd_msc_scsi.o
 .text.SCSI_Read12
                0x08006fc8      0x16a ./Middlewares/ST/STM32_USB_Device_Library/Class/MSC/Src/usbd_msc_scsi.o
 *fill*         0x08007132        0x2 
 .text.SCSI_Write10
                0x08007134      0x1b0 ./Middlewares/ST/STM32_USB_Device_Library/Class/MSC/Src/usbd_msc_scsi.o
 .text.SCSI_Write12
                0x080072e4      0x1d0 ./Middlewares/ST/STM32_USB_Device_Library/Class/MSC/Src/usbd_msc_scsi.o
 .text.SCSI_Verify10
                0x080074b4       0x84 ./Middlewares/ST/STM32_USB_Device_Library/Class/MSC/Src/usbd_msc_scsi.o
 .text.SCSI_ReportLuns
                0x08007538       0xa8 ./Middlewares/ST/STM32_USB_Device_Library/Class/MSC/Src/usbd_msc_scsi.o
 .text.SCSI_ReceiveDiagnosticResults
                0x080075e0       0x68 ./Middlewares/ST/STM32_USB_Device_Library/Class/MSC/Src/usbd_msc_scsi.o
 .text.SCSI_CheckAddressRange
                0x08007648       0x64 ./Middlewares/ST/STM32_USB_Device_Library/Class/MSC/Src/usbd_msc_scsi.o
 .text.SCSI_ProcessRead
                0x080076ac      0x104 ./Middlewares/ST/STM32_USB_Device_Library/Class/MSC/Src/usbd_msc_scsi.o
 .text.SCSI_ProcessWrite
                0x080077b0      0x120 ./Middlewares/ST/STM32_USB_Device_Library/Class/MSC/Src/usbd_msc_scsi.o
 .text.SCSI_UpdateBotData
                0x080078d0       0x52 ./Middlewares/ST/STM32_USB_Device_Library/Class/MSC/Src/usbd_msc_scsi.o
 .text.USBD_Init
                0x08007922       0x60 ./Middlewares/ST/STM32_USB_Device_Library/Core/Src/usbd_core.o
                0x08007922                USBD_Init
 .text.USBD_RegisterClass
                0x08007982       0x6c ./Middlewares/ST/STM32_USB_Device_Library/Core/Src/usbd_core.o
                0x08007982                USBD_RegisterClass
 .text.USBD_Start
                0x080079ee       0x18 ./Middlewares/ST/STM32_USB_Device_Library/Core/Src/usbd_core.o
                0x080079ee                USBD_Start
 .text.USBD_RunTestMode
                0x08007a06       0x16 ./Middlewares/ST/STM32_USB_Device_Library/Core/Src/usbd_core.o
                0x08007a06                USBD_RunTestMode
 .text.USBD_SetClassConfig
                0x08007a1c       0x38 ./Middlewares/ST/STM32_USB_Device_Library/Core/Src/usbd_core.o
                0x08007a1c                USBD_SetClassConfig
 .text.USBD_ClrClassConfig
                0x08007a54       0x34 ./Middlewares/ST/STM32_USB_Device_Library/Core/Src/usbd_core.o
                0x08007a54                USBD_ClrClassConfig
 .text.USBD_LL_SetupStage
                0x08007a88       0xaa ./Middlewares/ST/STM32_USB_Device_Library/Core/Src/usbd_core.o
                0x08007a88                USBD_LL_SetupStage
 .text.USBD_LL_DataOutStage
                0x08007b32      0x178 ./Middlewares/ST/STM32_USB_Device_Library/Core/Src/usbd_core.o
                0x08007b32                USBD_LL_DataOutStage
 .text.USBD_LL_DataInStage
                0x08007caa      0x176 ./Middlewares/ST/STM32_USB_Device_Library/Core/Src/usbd_core.o
                0x08007caa                USBD_LL_DataInStage
 .text.USBD_LL_Reset
                0x08007e20       0xa6 ./Middlewares/ST/STM32_USB_Device_Library/Core/Src/usbd_core.o
                0x08007e20                USBD_LL_Reset
 .text.USBD_LL_SetSpeed
                0x08007ec6       0x20 ./Middlewares/ST/STM32_USB_Device_Library/Core/Src/usbd_core.o
                0x08007ec6                USBD_LL_SetSpeed
 .text.USBD_LL_Suspend
                0x08007ee6       0x38 ./Middlewares/ST/STM32_USB_Device_Library/Core/Src/usbd_core.o
                0x08007ee6                USBD_LL_Suspend
 .text.USBD_LL_Resume
                0x08007f1e       0x30 ./Middlewares/ST/STM32_USB_Device_Library/Core/Src/usbd_core.o
                0x08007f1e                USBD_LL_Resume
 .text.USBD_LL_SOF
                0x08007f4e       0x40 ./Middlewares/ST/STM32_USB_Device_Library/Core/Src/usbd_core.o
                0x08007f4e                USBD_LL_SOF
 .text.USBD_LL_IsoINIncomplete
                0x08007f8e       0x64 ./Middlewares/ST/STM32_USB_Device_Library/Core/Src/usbd_core.o
                0x08007f8e                USBD_LL_IsoINIncomplete
 .text.USBD_LL_IsoOUTIncomplete
                0x08007ff2       0x64 ./Middlewares/ST/STM32_USB_Device_Library/Core/Src/usbd_core.o
                0x08007ff2                USBD_LL_IsoOUTIncomplete
 .text.USBD_LL_DevConnected
                0x08008056       0x16 ./Middlewares/ST/STM32_USB_Device_Library/Core/Src/usbd_core.o
                0x08008056                USBD_LL_DevConnected
 .text.USBD_LL_DevDisconnected
                0x0800806c       0x46 ./Middlewares/ST/STM32_USB_Device_Library/Core/Src/usbd_core.o
                0x0800806c                USBD_LL_DevDisconnected
 .text.USBD_CoreFindIF
                0x080080b2       0x1a ./Middlewares/ST/STM32_USB_Device_Library/Core/Src/usbd_core.o
                0x080080b2                USBD_CoreFindIF
 .text.USBD_CoreFindEP
                0x080080cc       0x1a ./Middlewares/ST/STM32_USB_Device_Library/Core/Src/usbd_core.o
                0x080080cc                USBD_CoreFindEP
 .text.USBD_GetEpDesc
                0x080080e6       0x70 ./Middlewares/ST/STM32_USB_Device_Library/Core/Src/usbd_core.o
                0x080080e6                USBD_GetEpDesc
 .text.USBD_GetNextDesc
                0x08008156       0x38 ./Middlewares/ST/STM32_USB_Device_Library/Core/Src/usbd_core.o
                0x08008156                USBD_GetNextDesc
 .text.SWAPBYTE
                0x0800818e       0x3e ./Middlewares/ST/STM32_USB_Device_Library/Core/Src/usbd_ctlreq.o
 .text.USBD_StdDevReq
                0x080081cc       0xe4 ./Middlewares/ST/STM32_USB_Device_Library/Core/Src/usbd_ctlreq.o
                0x080081cc                USBD_StdDevReq
 .text.USBD_StdItfReq
                0x080082b0       0xd8 ./Middlewares/ST/STM32_USB_Device_Library/Core/Src/usbd_ctlreq.o
                0x080082b0                USBD_StdItfReq
 .text.USBD_StdEPReq
                0x08008388      0x33e ./Middlewares/ST/STM32_USB_Device_Library/Core/Src/usbd_ctlreq.o
                0x08008388                USBD_StdEPReq
 *fill*         0x080086c6        0x2 
 .text.USBD_GetDescriptor
                0x080086c8      0x2d4 ./Middlewares/ST/STM32_USB_Device_Library/Core/Src/usbd_ctlreq.o
 .text.USBD_SetAddress
                0x0800899c       0x88 ./Middlewares/ST/STM32_USB_Device_Library/Core/Src/usbd_ctlreq.o
 .text.USBD_SetConfig
                0x08008a24      0x154 ./Middlewares/ST/STM32_USB_Device_Library/Core/Src/usbd_ctlreq.o
 .text.USBD_GetConfig
                0x08008b78       0x6c ./Middlewares/ST/STM32_USB_Device_Library/Core/Src/usbd_ctlreq.o
 .text.USBD_GetStatus
                0x08008be4       0x68 ./Middlewares/ST/STM32_USB_Device_Library/Core/Src/usbd_ctlreq.o
 .text.USBD_SetFeature
                0x08008c4c       0x52 ./Middlewares/ST/STM32_USB_Device_Library/Core/Src/usbd_ctlreq.o
 .text.USBD_ClrFeature
                0x08008c9e       0x44 ./Middlewares/ST/STM32_USB_Device_Library/Core/Src/usbd_ctlreq.o
 .text.USBD_ParseSetupRequest
                0x08008ce2       0x74 ./Middlewares/ST/STM32_USB_Device_Library/Core/Src/usbd_ctlreq.o
                0x08008ce2                USBD_ParseSetupRequest
 .text.USBD_CtlError
                0x08008d56       0x22 ./Middlewares/ST/STM32_USB_Device_Library/Core/Src/usbd_ctlreq.o
                0x08008d56                USBD_CtlError
 .text.USBD_GetString
                0x08008d78       0xa4 ./Middlewares/ST/STM32_USB_Device_Library/Core/Src/usbd_ctlreq.o
                0x08008d78                USBD_GetString
 .text.USBD_GetLen
                0x08008e1c       0x34 ./Middlewares/ST/STM32_USB_Device_Library/Core/Src/usbd_ctlreq.o
 .text.USBD_CtlSendData
                0x08008e50       0x3c ./Middlewares/ST/STM32_USB_Device_Library/Core/Src/usbd_ioreq.o
                0x08008e50                USBD_CtlSendData
 .text.USBD_CtlContinueSendData
                0x08008e8c       0x22 ./Middlewares/ST/STM32_USB_Device_Library/Core/Src/usbd_ioreq.o
                0x08008e8c                USBD_CtlContinueSendData
 .text.USBD_CtlContinueRx
                0x08008eae       0x22 ./Middlewares/ST/STM32_USB_Device_Library/Core/Src/usbd_ioreq.o
                0x08008eae                USBD_CtlContinueRx
 .text.USBD_CtlSendStatus
                0x08008ed0       0x26 ./Middlewares/ST/STM32_USB_Device_Library/Core/Src/usbd_ioreq.o
                0x08008ed0                USBD_CtlSendStatus
 .text.USBD_CtlReceiveStatus
                0x08008ef6       0x26 ./Middlewares/ST/STM32_USB_Device_Library/Core/Src/usbd_ioreq.o
                0x08008ef6                USBD_CtlReceiveStatus
 .text.FATFS_LinkDriverEx
                0x08008f1c       0x98 ./Middlewares/Third_Party/FatFs/src/ff_gen_drv.o
                0x08008f1c                FATFS_LinkDriverEx
 .text.FATFS_LinkDriver
                0x08008fb4       0x1e ./Middlewares/Third_Party/FatFs/src/ff_gen_drv.o
                0x08008fb4                FATFS_LinkDriver
 *fill*         0x08008fd2        0x2 
 .text.MX_USB_DEVICE_Init
                0x08008fd4       0x60 ./USB_DEVICE/App/usb_device.o
                0x08008fd4                MX_USB_DEVICE_Init
 .text.USBD_FS_DeviceDescriptor
                0x08009034       0x24 ./USB_DEVICE/App/usbd_desc.o
                0x08009034                USBD_FS_DeviceDescriptor
 .text.USBD_FS_LangIDStrDescriptor
                0x08009058       0x24 ./USB_DEVICE/App/usbd_desc.o
                0x08009058                USBD_FS_LangIDStrDescriptor
 .text.USBD_FS_ProductStrDescriptor
                0x0800907c       0x3c ./USB_DEVICE/App/usbd_desc.o
                0x0800907c                USBD_FS_ProductStrDescriptor
 .text.USBD_FS_ManufacturerStrDescriptor
                0x080090b8       0x28 ./USB_DEVICE/App/usbd_desc.o
                0x080090b8                USBD_FS_ManufacturerStrDescriptor
 .text.USBD_FS_SerialStrDescriptor
                0x080090e0       0x24 ./USB_DEVICE/App/usbd_desc.o
                0x080090e0                USBD_FS_SerialStrDescriptor
 .text.USBD_FS_ConfigStrDescriptor
                0x08009104       0x3c ./USB_DEVICE/App/usbd_desc.o
                0x08009104                USBD_FS_ConfigStrDescriptor
 .text.USBD_FS_InterfaceStrDescriptor
                0x08009140       0x3c ./USB_DEVICE/App/usbd_desc.o
                0x08009140                USBD_FS_InterfaceStrDescriptor
 .text.Get_SerialNum
                0x0800917c       0x58 ./USB_DEVICE/App/usbd_desc.o
 .text.IntToUnicode
                0x080091d4       0x7e ./USB_DEVICE/App/usbd_desc.o
 .text.STORAGE_Init_FS
                0x08009252       0x22 ./USB_DEVICE/App/usbd_storage_if.o
 .text.STORAGE_GetCapacity_FS
                0x08009274       0x2a ./USB_DEVICE/App/usbd_storage_if.o
 .text.STORAGE_IsReady_FS
                0x0800929e       0x18 ./USB_DEVICE/App/usbd_storage_if.o
 .text.STORAGE_IsWriteProtected_FS
                0x080092b6       0x18 ./USB_DEVICE/App/usbd_storage_if.o
 .text.STORAGE_Read_FS
                0x080092ce       0x34 ./USB_DEVICE/App/usbd_storage_if.o
 .text.STORAGE_Write_FS
                0x08009302       0x34 ./USB_DEVICE/App/usbd_storage_if.o
 .text.STORAGE_GetMaxLun_FS
                0x08009336       0x10 ./USB_DEVICE/App/usbd_storage_if.o
 *fill*         0x08009346        0x2 
 .text.HAL_PCD_MspInit
                0x08009348       0xa8 ./USB_DEVICE/Target/usbd_conf.o
                0x08009348                HAL_PCD_MspInit
 .text.HAL_PCD_SetupStageCallback
                0x080093f0       0x24 ./USB_DEVICE/Target/usbd_conf.o
                0x080093f0                HAL_PCD_SetupStageCallback
 .text.HAL_PCD_DataOutStageCallback
                0x08009414       0x36 ./USB_DEVICE/Target/usbd_conf.o
                0x08009414                HAL_PCD_DataOutStageCallback
 .text.HAL_PCD_DataInStageCallback
                0x0800944a       0x34 ./USB_DEVICE/Target/usbd_conf.o
                0x0800944a                HAL_PCD_DataInStageCallback
 .text.HAL_PCD_SOFCallback
                0x0800947e       0x1c ./USB_DEVICE/Target/usbd_conf.o
                0x0800947e                HAL_PCD_SOFCallback
 .text.HAL_PCD_ResetCallback
                0x0800949a       0x50 ./USB_DEVICE/Target/usbd_conf.o
                0x0800949a                HAL_PCD_ResetCallback
 *fill*         0x080094ea        0x2 
 .text.HAL_PCD_SuspendCallback
                0x080094ec       0x4c ./USB_DEVICE/Target/usbd_conf.o
                0x080094ec                HAL_PCD_SuspendCallback
 .text.HAL_PCD_ResumeCallback
                0x08009538       0x1c ./USB_DEVICE/Target/usbd_conf.o
                0x08009538                HAL_PCD_ResumeCallback
 .text.HAL_PCD_ISOOUTIncompleteCallback
                0x08009554       0x24 ./USB_DEVICE/Target/usbd_conf.o
                0x08009554                HAL_PCD_ISOOUTIncompleteCallback
 .text.HAL_PCD_ISOINIncompleteCallback
                0x08009578       0x24 ./USB_DEVICE/Target/usbd_conf.o
                0x08009578                HAL_PCD_ISOINIncompleteCallback
 .text.HAL_PCD_ConnectCallback
                0x0800959c       0x1c ./USB_DEVICE/Target/usbd_conf.o
                0x0800959c                HAL_PCD_ConnectCallback
 .text.HAL_PCD_DisconnectCallback
                0x080095b8       0x1c ./USB_DEVICE/Target/usbd_conf.o
                0x080095b8                HAL_PCD_DisconnectCallback
 .text.USBD_LL_Init
                0x080095d4       0x98 ./USB_DEVICE/Target/usbd_conf.o
                0x080095d4                USBD_LL_Init
 .text.USBD_LL_Start
                0x0800966c       0x36 ./USB_DEVICE/Target/usbd_conf.o
                0x0800966c                USBD_LL_Start
 .text.USBD_LL_OpenEP
                0x080096a2       0x4c ./USB_DEVICE/Target/usbd_conf.o
                0x080096a2                USBD_LL_OpenEP
 .text.USBD_LL_CloseEP
                0x080096ee       0x3e ./USB_DEVICE/Target/usbd_conf.o
                0x080096ee                USBD_LL_CloseEP
 .text.USBD_LL_FlushEP
                0x0800972c       0x3e ./USB_DEVICE/Target/usbd_conf.o
                0x0800972c                USBD_LL_FlushEP
 .text.USBD_LL_StallEP
                0x0800976a       0x3e ./USB_DEVICE/Target/usbd_conf.o
                0x0800976a                USBD_LL_StallEP
 .text.USBD_LL_ClearStallEP
                0x080097a8       0x3e ./USB_DEVICE/Target/usbd_conf.o
                0x080097a8                USBD_LL_ClearStallEP
 .text.USBD_LL_IsStallEP
                0x080097e6       0x58 ./USB_DEVICE/Target/usbd_conf.o
                0x080097e6                USBD_LL_IsStallEP
 .text.USBD_LL_SetUSBAddress
                0x0800983e       0x3e ./USB_DEVICE/Target/usbd_conf.o
                0x0800983e                USBD_LL_SetUSBAddress
 .text.USBD_LL_Transmit
                0x0800987c       0x42 ./USB_DEVICE/Target/usbd_conf.o
                0x0800987c                USBD_LL_Transmit
 .text.USBD_LL_PrepareReceive
                0x080098be       0x42 ./USB_DEVICE/Target/usbd_conf.o
                0x080098be                USBD_LL_PrepareReceive
 .text.USBD_LL_GetRxDataSize
                0x08009900       0x26 ./USB_DEVICE/Target/usbd_conf.o
                0x08009900                USBD_LL_GetRxDataSize
 *fill*         0x08009926        0x2 
 .text.USBD_static_malloc
                0x08009928       0x1c ./USB_DEVICE/Target/usbd_conf.o
                0x08009928                USBD_static_malloc
 .text.USBD_static_free
                0x08009944       0x14 ./USB_DEVICE/Target/usbd_conf.o
                0x08009944                USBD_static_free
 .text.USBD_Get_USB_Status
                0x08009958       0x58 ./USB_DEVICE/Target/usbd_conf.o
                0x08009958                USBD_Get_USB_Status
 .text.memset   0x080099b0       0x10 C:/ST/STM32CubeIDE_2.1.1/STM32CubeIDE/plugins/com.st.stm32cube.ide.mcu.externaltools.gnu-tools-for-stm32.14.3.rel1.win32_1.0.100.202602081740/tools/bin/../lib/gcc/arm-none-eabi/14.3.1/../../../../arm-none-eabi/lib/thumb/v7e-m+fp/hard\libc_nano.a(libc_a-memset.o)
                0x080099b0                memset
 .text.__libc_init_array
                0x080099c0       0x48 C:/ST/STM32CubeIDE_2.1.1/STM32CubeIDE/plugins/com.st.stm32cube.ide.mcu.externaltools.gnu-tools-for-stm32.14.3.rel1.win32_1.0.100.202602081740/tools/bin/../lib/gcc/arm-none-eabi/14.3.1/../../../../arm-none-eabi/lib/thumb/v7e-m+fp/hard\libc_nano.a(libc_a-init.o)
                0x080099c0                __libc_init_array
 *(.glue_7)
 .glue_7        0x08009a08        0x0 linker stubs
 *(.glue_7t)
 .glue_7t       0x08009a08        0x0 linker stubs
 *(.eh_frame)
 .eh_frame      0x08009a08        0x0 C:/ST/STM32CubeIDE_2.1.1/STM32CubeIDE/plugins/com.st.stm32cube.ide.mcu.externaltools.gnu-tools-for-stm32.14.3.rel1.win32_1.0.100.202602081740/tools/bin/../lib/gcc/arm-none-eabi/14.3.1/thumb/v7e-m+fp/hard/crtbegin.o
 *(.init)
 .init          0x08009a08        0x4 C:/ST/STM32CubeIDE_2.1.1/STM32CubeIDE/plugins/com.st.stm32cube.ide.mcu.externaltools.gnu-tools-for-stm32.14.3.rel1.win32_1.0.100.202602081740/tools/bin/../lib/gcc/arm-none-eabi/14.3.1/thumb/v7e-m+fp/hard/crti.o
                0x08009a08                _init
 .init          0x08009a0c        0x8 C:/ST/STM32CubeIDE_2.1.1/STM32CubeIDE/plugins/com.st.stm32cube.ide.mcu.externaltools.gnu-tools-for-stm32.14.3.rel1.win32_1.0.100.202602081740/tools/bin/../lib/gcc/arm-none-eabi/14.3.1/thumb/v7e-m+fp/hard/crtn.o
 *(.fini)
 .fini          0x08009a14        0x4 C:/ST/STM32CubeIDE_2.1.1/STM32CubeIDE/plugins/com.st.stm32cube.ide.mcu.externaltools.gnu-tools-for-stm32.14.3.rel1.win32_1.0.100.202602081740/tools/bin/../lib/gcc/arm-none-eabi/14.3.1/thumb/v7e-m+fp/hard/crti.o
                0x08009a14                _fini
 .fini          0x08009a18        0x8 C:/ST/STM32CubeIDE_2.1.1/STM32CubeIDE/plugins/com.st.stm32cube.ide.mcu.externaltools.gnu-tools-for-stm32.14.3.rel1.win32_1.0.100.202602081740/tools/bin/../lib/gcc/arm-none-eabi/14.3.1/thumb/v7e-m+fp/hard/crtn.o
                0x08009a20                        . = ALIGN (0x4)
                0x08009a20                        _etext = .

.vfp11_veneer   0x08009a20        0x0
 .vfp11_veneer  0x08009a20        0x0 linker stubs

.v4_bx          0x08009a20        0x0
 .v4_bx         0x08009a20        0x0 linker stubs

.iplt           0x08009a20        0x0
 .iplt          0x08009a20        0x0 C:/ST/STM32CubeIDE_2.1.1/STM32CubeIDE/plugins/com.st.stm32cube.ide.mcu.externaltools.gnu-tools-for-stm32.14.3.rel1.win32_1.0.100.202602081740/tools/bin/../lib/gcc/arm-none-eabi/14.3.1/thumb/v7e-m+fp/hard/crtbegin.o

.rodata         0x08009a20       0x78
                0x08009a20                        . = ALIGN (0x4)
 *(.rodata)
 .rodata        0x08009a20       0x42 ./USB_DEVICE/App/usbd_desc.o
 *(.rodata*)
 *fill*         0x08009a62        0x2 
 .rodata.AHBPrescTable
                0x08009a64       0x10 ./Core/Src/system_stm32f4xx.o
                0x08009a64                AHBPrescTable
 .rodata.STORAGE_Inquirydata_FS
                0x08009a74       0x24 ./USB_DEVICE/App/usbd_storage_if.o
                0x08009a74                STORAGE_Inquirydata_FS
                0x08009a98                        . = ALIGN (0x4)

.ARM.extab      0x08009a98        0x0
                0x08009a98                        . = ALIGN (0x4)
 *(.ARM.extab* .gnu.linkonce.armextab.*)
                0x08009a98                        . = ALIGN (0x4)

.ARM            0x08009a98        0x8
                0x08009a98                        . = ALIGN (0x4)
                0x08009a98                        __exidx_start = .
 *(.ARM.exidx*)
 .ARM.exidx     0x08009a98        0x8 C:/ST/STM32CubeIDE_2.1.1/STM32CubeIDE/plugins/com.st.stm32cube.ide.mcu.externaltools.gnu-tools-for-stm32.14.3.rel1.win32_1.0.100.202602081740/tools/bin/../lib/gcc/arm-none-eabi/14.3.1/thumb/v7e-m+fp/hard\libgcc.a(_udivmoddi4.o)
                0x08009aa0                        __exidx_end = .
                0x08009aa0                        . = ALIGN (0x4)

.preinit_array  0x08009aa0        0x0
                0x08009aa0                        . = ALIGN (0x4)
                0x08009aa0                        PROVIDE (__preinit_array_start = .)
 *(.preinit_array*)
                0x08009aa0                        PROVIDE (__preinit_array_end = .)
                0x08009aa0                        . = ALIGN (0x4)

.init_array     0x08009aa0        0x4
                0x08009aa0                        . = ALIGN (0x4)
                0x08009aa0                        PROVIDE (__init_array_start = .)
 *(SORT_BY_NAME(.init_array.*))
 *(.init_array*)
 .init_array    0x08009aa0        0x4 C:/ST/STM32CubeIDE_2.1.1/STM32CubeIDE/plugins/com.st.stm32cube.ide.mcu.externaltools.gnu-tools-for-stm32.14.3.rel1.win32_1.0.100.202602081740/tools/bin/../lib/gcc/arm-none-eabi/14.3.1/thumb/v7e-m+fp/hard/crtbegin.o
                0x08009aa4                        PROVIDE (__init_array_end = .)
                0x08009aa4                        . = ALIGN (0x4)

.fini_array     0x08009aa4        0x4
                0x08009aa4                        . = ALIGN (0x4)
                [!provide]                        PROVIDE (__fini_array_start = .)
 *(SORT_BY_NAME(.fini_array.*))
 *(.fini_array*)
 .fini_array    0x08009aa4        0x4 C:/ST/STM32CubeIDE_2.1.1/STM32CubeIDE/plugins/com.st.stm32cube.ide.mcu.externaltools.gnu-tools-for-stm32.14.3.rel1.win32_1.0.100.202602081740/tools/bin/../lib/gcc/arm-none-eabi/14.3.1/thumb/v7e-m+fp/hard/crtbegin.o
                [!provide]                        PROVIDE (__fini_array_end = .)
                0x08009aa8                        . = ALIGN (0x4)
                0x08009aa8                        _sidata = LOADADDR (.data)

.rel.dyn        0x08009aa8        0x0
 .rel.iplt      0x08009aa8        0x0 C:/ST/STM32CubeIDE_2.1.1/STM32CubeIDE/plugins/com.st.stm32cube.ide.mcu.externaltools.gnu-tools-for-stm32.14.3.rel1.win32_1.0.100.202602081740/tools/bin/../lib/gcc/arm-none-eabi/14.3.1/thumb/v7e-m+fp/hard/crtbegin.o

.data           0x20000000      0x110 load address 0x08009aa8
                0x20000000                        . = ALIGN (0x4)
                0x20000000                        _sdata = .
 *(.data)
 *(.data*)
 .data.SystemCoreClock
                0x20000000        0x4 ./Core/Src/system_stm32f4xx.o
                0x20000000                SystemCoreClock
 .data.uwTickPrio
                0x20000004        0x4 ./Drivers/STM32F4xx_HAL_Driver/Src/stm32f4xx_hal.o
                0x20000004                uwTickPrio
 .data.uwTickFreq
                0x20000008        0x1 ./Drivers/STM32F4xx_HAL_Driver/Src/stm32f4xx_hal.o
                0x20000008                uwTickFreq
 *fill*         0x20000009        0x3 
 .data.USER_Driver
                0x2000000c       0x14 ./FATFS/Target/user_diskio.o
                0x2000000c                USER_Driver
 .data.USBD_MSC
                0x20000020       0x38 ./Middlewares/ST/STM32_USB_Device_Library/Class/MSC/Src/usbd_msc.o
                0x20000020                USBD_MSC
 .data.USBD_MSC_CfgDesc
                0x20000058       0x20 ./Middlewares/ST/STM32_USB_Device_Library/Class/MSC/Src/usbd_msc.o
 .data.USBD_MSC_DeviceQualifierDesc
                0x20000078        0xa ./Middlewares/ST/STM32_USB_Device_Library/Class/MSC/Src/usbd_msc.o
 .data.MSCInEpAdd
                0x20000082        0x1 ./Middlewares/ST/STM32_USB_Device_Library/Class/MSC/Src/usbd_msc.o
                0x20000082                MSCInEpAdd
 .data.MSCOutEpAdd
                0x20000083        0x1 ./Middlewares/ST/STM32_USB_Device_Library/Class/MSC/Src/usbd_msc.o
                0x20000083                MSCOutEpAdd
 .data.MSC_Page00_Inquiry_Data
                0x20000084        0x6 ./Middlewares/ST/STM32_USB_Device_Library/Class/MSC/Src/usbd_msc_data.o
                0x20000084                MSC_Page00_Inquiry_Data
 *fill*         0x2000008a        0x2 
 .data.MSC_Page80_Inquiry_Data
                0x2000008c        0x8 ./Middlewares/ST/STM32_USB_Device_Library/Class/MSC/Src/usbd_msc_data.o
                0x2000008c                MSC_Page80_Inquiry_Data
 .data.MSC_Mode_Sense6_data
                0x20000094        0x4 ./Middlewares/ST/STM32_USB_Device_Library/Class/MSC/Src/usbd_msc_data.o
                0x20000094                MSC_Mode_Sense6_data
 .data.MSC_Mode_Sense10_data
                0x20000098        0x8 ./Middlewares/ST/STM32_USB_Device_Library/Class/MSC/Src/usbd_msc_data.o
                0x20000098                MSC_Mode_Sense10_data
 .data.FS_Desc  0x200000a0       0x1c ./USB_DEVICE/App/usbd_desc.o
                0x200000a0                FS_Desc
 .data.USBD_FS_DeviceDesc
                0x200000bc       0x12 ./USB_DEVICE/App/usbd_desc.o
                0x200000bc                USBD_FS_DeviceDesc
 *fill*         0x200000ce        0x2 
 .data.USBD_LangIDDesc
                0x200000d0        0x4 ./USB_DEVICE/App/usbd_desc.o
                0x200000d0                USBD_LangIDDesc
 .data.USBD_StringSerial
                0x200000d4       0x1a ./USB_DEVICE/App/usbd_desc.o
                0x200000d4                USBD_StringSerial
 *fill*         0x200000ee        0x2 
 .data.USBD_Storage_Interface_fops_FS
                0x200000f0       0x20 ./USB_DEVICE/App/usbd_storage_if.o
                0x200000f0                USBD_Storage_Interface_fops_FS
 *(.RamFunc)
 *(.RamFunc*)
                0x20000110                        . = ALIGN (0x4)
                0x20000110                        _edata = .
                0x08009bb8                        _siccmram = LOADADDR (.ccmram)

.igot.plt       0x20000110        0x0 load address 0x08009bb8
 .igot.plt      0x20000110        0x0 C:/ST/STM32CubeIDE_2.1.1/STM32CubeIDE/plugins/com.st.stm32cube.ide.mcu.externaltools.gnu-tools-for-stm32.14.3.rel1.win32_1.0.100.202602081740/tools/bin/../lib/gcc/arm-none-eabi/14.3.1/thumb/v7e-m+fp/hard/crtbegin.o

.ccmram         0x10000000        0x0 load address 0x08009bb8
                0x10000000                        . = ALIGN (0x4)
                0x10000000                        _sccmram = .
 *(.ccmram)
 *(.ccmram*)
                0x10000000                        . = ALIGN (0x4)
                0x10000000                        _eccmram = .
                0x10000000                        . = ALIGN (0x4)

.bss            0x20000110      0xd00
                0x20000110                        _sbss = .
                0x20000110                        __bss_start__ = _sbss
 *(.bss)
 .bss           0x20000110       0x1c C:/ST/STM32CubeIDE_2.1.1/STM32CubeIDE/plugins/com.st.stm32cube.ide.mcu.externaltools.gnu-tools-for-stm32.14.3.rel1.win32_1.0.100.202602081740/tools/bin/../lib/gcc/arm-none-eabi/14.3.1/thumb/v7e-m+fp/hard/crtbegin.o
 *(.bss*)
 .bss.hspi1     0x2000012c       0x58 ./Core/Src/main.o
                0x2000012c                hspi1
 .bss.sd_initialized
                0x20000184        0x1 ./Core/Src/sd_spi.o
 .bss.sd_card_type
                0x20000185        0x1 ./Core/Src/sd_spi.o
 *fill*         0x20000186        0x2 
 .bss.sd_sector_count
                0x20000188        0x4 ./Core/Src/sd_spi.o
 .bss.uwTick    0x2000018c        0x4 ./Drivers/STM32F4xx_HAL_Driver/Src/stm32f4xx_hal.o
                0x2000018c                uwTick
 .bss.retUSER   0x20000190        0x1 ./FATFS/App/fatfs.o
                0x20000190                retUSER
 *fill*         0x20000191        0x3 
 .bss.USERPath  0x20000194        0x4 ./FATFS/App/fatfs.o
                0x20000194                USERPath
 .bss.MSC_Diagnostic_Data
                0x20000198        0x8 ./Middlewares/ST/STM32_USB_Device_Library/Class/MSC/Src/usbd_msc_data.o
                0x20000198                MSC_Diagnostic_Data
 .bss.lun_report.0
                0x200001a0       0x18 ./Middlewares/ST/STM32_USB_Device_Library/Class/MSC/Src/usbd_msc_scsi.o
 .bss.cfgidx.0  0x200001b8        0x1 ./Middlewares/ST/STM32_USB_Device_Library/Core/Src/usbd_ctlreq.o
 *fill*         0x200001b9        0x3 
 .bss.disk      0x200001bc        0xc ./Middlewares/Third_Party/FatFs/src/ff_gen_drv.o
                0x200001bc                disk
 .bss.hUsbDeviceFS
                0x200001c8      0x2dc ./USB_DEVICE/App/usb_device.o
                0x200001c8                hUsbDeviceFS
 .bss.USBD_StrDesc
                0x200004a4      0x200 ./USB_DEVICE/App/usbd_desc.o
                0x200004a4                USBD_StrDesc
 .bss.hpcd_USB_OTG_FS
                0x200006a4      0x4e4 ./USB_DEVICE/Target/usbd_conf.o
                0x200006a4                hpcd_USB_OTG_FS
 .bss.mem.0     0x20000b88      0x288 ./USB_DEVICE/Target/usbd_conf.o
 *(COMMON)
                0x20000e10                        . = ALIGN (0x4)
                0x20000e10                        _ebss = .
                0x20000e10                        __bss_end__ = _ebss

._user_heap_stack
                0x20000e10     0x2000
                0x20000e10                        . = ALIGN (0x8)
                [!provide]                        PROVIDE (end = .)
                0x20000e10                        PROVIDE (_end = .)
                0x20001e10                        . = (. + _Min_Heap_Size)
 *fill*         0x20000e10     0x1000 
                0x20002e10                        . = (. + _Min_Stack_Size)
 *fill*         0x20001e10     0x1000 
                0x20002e10                        . = ALIGN (0x8)

/DISCARD/
 libc.a(*)
 libm.a(*)
 libgcc.a(*)

.ARM.attributes
                0x00000000       0x30
 *(.ARM.attributes)
 .ARM.attributes
                0x00000000       0x22 C:/ST/STM32CubeIDE_2.1.1/STM32CubeIDE/plugins/com.st.stm32cube.ide.mcu.externaltools.gnu-tools-for-stm32.14.3.rel1.win32_1.0.100.202602081740/tools/bin/../lib/gcc/arm-none-eabi/14.3.1/thumb/v7e-m+fp/hard/crti.o
 .ARM.attributes
                0x00000022       0x34 C:/ST/STM32CubeIDE_2.1.1/STM32CubeIDE/plugins/com.st.stm32cube.ide.mcu.externaltools.gnu-tools-for-stm32.14.3.rel1.win32_1.0.100.202602081740/tools/bin/../lib/gcc/arm-none-eabi/14.3.1/thumb/v7e-m+fp/hard/crtbegin.o
 .ARM.attributes
                0x00000056       0x34 ./Core/Src/main.o
 .ARM.attributes
                0x0000008a       0x34 ./Core/Src/sd_spi.o
 .ARM.attributes
                0x000000be       0x34 ./Core/Src/stm32f4xx_hal_msp.o
 .ARM.attributes
                0x000000f2       0x34 ./Core/Src/stm32f4xx_it.o
 .ARM.attributes
                0x00000126       0x34 ./Core/Src/system_stm32f4xx.o
 .ARM.attributes
                0x0000015a       0x21 ./Core/Startup/startup_stm32f429zitx.o
 .ARM.attributes
                0x0000017b       0x34 ./Drivers/STM32F4xx_HAL_Driver/Src/stm32f4xx_hal.o
 .ARM.attributes
                0x000001af       0x34 ./Drivers/STM32F4xx_HAL_Driver/Src/stm32f4xx_hal_cortex.o
 .ARM.attributes
                0x000001e3       0x34 ./Drivers/STM32F4xx_HAL_Driver/Src/stm32f4xx_hal_dma.o
 .ARM.attributes
                0x00000217       0x34 ./Drivers/STM32F4xx_HAL_Driver/Src/stm32f4xx_hal_gpio.o
 .ARM.attributes
                0x0000024b       0x34 ./Drivers/STM32F4xx_HAL_Driver/Src/stm32f4xx_hal_pcd.o
 .ARM.attributes
                0x0000027f       0x34 ./Drivers/STM32F4xx_HAL_Driver/Src/stm32f4xx_hal_pcd_ex.o
 .ARM.attributes
                0x000002b3       0x34 ./Drivers/STM32F4xx_HAL_Driver/Src/stm32f4xx_hal_rcc.o
 .ARM.attributes
                0x000002e7       0x34 ./Drivers/STM32F4xx_HAL_Driver/Src/stm32f4xx_hal_spi.o
 .ARM.attributes
                0x0000031b       0x34 ./Drivers/STM32F4xx_HAL_Driver/Src/stm32f4xx_ll_usb.o
 .ARM.attributes
                0x0000034f       0x34 ./FATFS/App/fatfs.o
 .ARM.attributes
                0x00000383       0x34 ./FATFS/Target/user_diskio.o
 .ARM.attributes
                0x000003b7       0x34 ./Middlewares/ST/STM32_USB_Device_Library/Class/MSC/Src/usbd_msc.o
 .ARM.attributes
                0x000003eb       0x34 ./Middlewares/ST/STM32_USB_Device_Library/Class/MSC/Src/usbd_msc_bot.o
 .ARM.attributes
                0x0000041f       0x34 ./Middlewares/ST/STM32_USB_Device_Library/Class/MSC/Src/usbd_msc_data.o
 .ARM.attributes
                0x00000453       0x34 ./Middlewares/ST/STM32_USB_Device_Library/Class/MSC/Src/usbd_msc_scsi.o
 .ARM.attributes
                0x00000487       0x34 ./Middlewares/ST/STM32_USB_Device_Library/Core/Src/usbd_core.o
 .ARM.attributes
                0x000004bb       0x34 ./Middlewares/ST/STM32_USB_Device_Library/Core/Src/usbd_ctlreq.o
 .ARM.attributes
                0x000004ef       0x34 ./Middlewares/ST/STM32_USB_Device_Library/Core/Src/usbd_ioreq.o
 .ARM.attributes
                0x00000523       0x34 ./Middlewares/Third_Party/FatFs/src/ff_gen_drv.o
 .ARM.attributes
                0x00000557       0x34 ./USB_DEVICE/App/usb_device.o
 .ARM.attributes
                0x0000058b       0x34 ./USB_DEVICE/App/usbd_desc.o
 .ARM.attributes
                0x000005bf       0x34 ./USB_DEVICE/App/usbd_storage_if.o
 .ARM.attributes
                0x000005f3       0x34 ./USB_DEVICE/Target/usbd_conf.o
 .ARM.attributes
                0x00000627       0x34 C:/ST/STM32CubeIDE_2.1.1/STM32CubeIDE/plugins/com.st.stm32cube.ide.mcu.externaltools.gnu-tools-for-stm32.14.3.rel1.win32_1.0.100.202602081740/tools/bin/../lib/gcc/arm-none-eabi/14.3.1/../../../../arm-none-eabi/lib/thumb/v7e-m+fp/hard\libc_nano.a(libc_a-memset.o)
 .ARM.attributes
                0x0000065b       0x34 C:/ST/STM32CubeIDE_2.1.1/STM32CubeIDE/plugins/com.st.stm32cube.ide.mcu.externaltools.gnu-tools-for-stm32.14.3.rel1.win32_1.0.100.202602081740/tools/bin/../lib/gcc/arm-none-eabi/14.3.1/../../../../arm-none-eabi/lib/thumb/v7e-m+fp/hard\libc_nano.a(libc_a-init.o)
 .ARM.attributes
                0x0000068f       0x22 C:/ST/STM32CubeIDE_2.1.1/STM32CubeIDE/plugins/com.st.stm32cube.ide.mcu.externaltools.gnu-tools-for-stm32.14.3.rel1.win32_1.0.100.202602081740/tools/bin/../lib/gcc/arm-none-eabi/14.3.1/thumb/v7e-m+fp/hard\libgcc.a(_aeabi_uldivmod.o)
 .ARM.attributes
                0x000006b1       0x34 C:/ST/STM32CubeIDE_2.1.1/STM32CubeIDE/plugins/com.st.stm32cube.ide.mcu.externaltools.gnu-tools-for-stm32.14.3.rel1.win32_1.0.100.202602081740/tools/bin/../lib/gcc/arm-none-eabi/14.3.1/thumb/v7e-m+fp/hard\libgcc.a(_udivmoddi4.o)
 .ARM.attributes
                0x000006e5       0x22 C:/ST/STM32CubeIDE_2.1.1/STM32CubeIDE/plugins/com.st.stm32cube.ide.mcu.externaltools.gnu-tools-for-stm32.14.3.rel1.win32_1.0.100.202602081740/tools/bin/../lib/gcc/arm-none-eabi/14.3.1/thumb/v7e-m+fp/hard\libgcc.a(_dvmd_tls.o)
 .ARM.attributes
                0x00000707       0x22 C:/ST/STM32CubeIDE_2.1.1/STM32CubeIDE/plugins/com.st.stm32cube.ide.mcu.externaltools.gnu-tools-for-stm32.14.3.rel1.win32_1.0.100.202602081740/tools/bin/../lib/gcc/arm-none-eabi/14.3.1/thumb/v7e-m+fp/hard/crtn.o
OUTPUT(SD_Card.elf elf32-littlearm)
LOAD linker stubs
LOAD C:/ST/STM32CubeIDE_2.1.1/STM32CubeIDE/plugins/com.st.stm32cube.ide.mcu.externaltools.gnu-tools-for-stm32.14.3.rel1.win32_1.0.100.202602081740/tools/bin/../lib/gcc/arm-none-eabi/14.3.1/../../../../arm-none-eabi/lib/thumb/v7e-m+fp/hard\libc.a
LOAD C:/ST/STM32CubeIDE_2.1.1/STM32CubeIDE/plugins/com.st.stm32cube.ide.mcu.externaltools.gnu-tools-for-stm32.14.3.rel1.win32_1.0.100.202602081740/tools/bin/../lib/gcc/arm-none-eabi/14.3.1/../../../../arm-none-eabi/lib/thumb/v7e-m+fp/hard\libm.a
LOAD C:/ST/STM32CubeIDE_2.1.1/STM32CubeIDE/plugins/com.st.stm32cube.ide.mcu.externaltools.gnu-tools-for-stm32.14.3.rel1.win32_1.0.100.202602081740/tools/bin/../lib/gcc/arm-none-eabi/14.3.1/thumb/v7e-m+fp/hard\libgcc.a

.debug_info     0x00000000    0x14102
 .debug_info    0x00000000     0x1387 ./Core/Src/main.o
 .debug_info    0x00001387      0xd6a ./Core/Src/sd_spi.o
 .debug_info    0x000020f1      0xbd6 ./Core/Src/stm32f4xx_hal_msp.o
 .debug_info    0x00002cc7      0xb0a ./Core/Src/stm32f4xx_it.o
 .debug_info    0x000037d1      0x52e ./Core/Src/system_stm32f4xx.o
 .debug_info    0x00003cff       0x30 ./Core/Startup/startup_stm32f429zitx.o
 .debug_info    0x00003d2f      0x9ba ./Drivers/STM32F4xx_HAL_Driver/Src/stm32f4xx_hal.o
 .debug_info    0x000046e9      0xdc2 ./Drivers/STM32F4xx_HAL_Driver/Src/stm32f4xx_hal_cortex.o
 .debug_info    0x000054ab      0x8e7 ./Drivers/STM32F4xx_HAL_Driver/Src/stm32f4xx_hal_dma.o
 .debug_info    0x00005d92      0x6db ./Drivers/STM32F4xx_HAL_Driver/Src/stm32f4xx_hal_gpio.o
 .debug_info    0x0000646d     0x156f ./Drivers/STM32F4xx_HAL_Driver/Src/stm32f4xx_hal_pcd.o
 .debug_info    0x000079dc      0x6ea ./Drivers/STM32F4xx_HAL_Driver/Src/stm32f4xx_hal_pcd_ex.o
 .debug_info    0x000080c6      0x8db ./Drivers/STM32F4xx_HAL_Driver/Src/stm32f4xx_hal_rcc.o
 .debug_info    0x000089a1     0x1525 ./Drivers/STM32F4xx_HAL_Driver/Src/stm32f4xx_hal_spi.o
 .debug_info    0x00009ec6     0x1993 ./Drivers/STM32F4xx_HAL_Driver/Src/stm32f4xx_ll_usb.o
 .debug_info    0x0000b859      0x4d9 ./FATFS/App/fatfs.o
 .debug_info    0x0000bd32      0x3c8 ./FATFS/Target/user_diskio.o
 .debug_info    0x0000c0fa      0xe11 ./Middlewares/ST/STM32_USB_Device_Library/Class/MSC/Src/usbd_msc.o
 .debug_info    0x0000cf0b      0xc9f ./Middlewares/ST/STM32_USB_Device_Library/Class/MSC/Src/usbd_msc_bot.o
 .debug_info    0x0000dbaa      0x12d ./Middlewares/ST/STM32_USB_Device_Library/Class/MSC/Src/usbd_msc_data.o
 .debug_info    0x0000dcd7     0x13d6 ./Middlewares/ST/STM32_USB_Device_Library/Class/MSC/Src/usbd_msc_scsi.o
 .debug_info    0x0000f0ad      0xe12 ./Middlewares/ST/STM32_USB_Device_Library/Core/Src/usbd_core.o
 .debug_info    0x0000febf      0xaeb ./Middlewares/ST/STM32_USB_Device_Library/Core/Src/usbd_ctlreq.o
 .debug_info    0x000109aa      0x762 ./Middlewares/ST/STM32_USB_Device_Library/Core/Src/usbd_ioreq.o
 .debug_info    0x0001110c      0x37f ./Middlewares/Third_Party/FatFs/src/ff_gen_drv.o
 .debug_info    0x0001148b      0x74b ./USB_DEVICE/App/usb_device.o
 .debug_info    0x00011bd6      0x458 ./USB_DEVICE/App/usbd_desc.o
 .debug_info    0x0001202e      0x40b ./USB_DEVICE/App/usbd_storage_if.o
 .debug_info    0x00012439     0x1cc9 ./USB_DEVICE/Target/usbd_conf.o

.debug_abbrev   0x00000000     0x3da7
 .debug_abbrev  0x00000000      0x2e2 ./Core/Src/main.o
 .debug_abbrev  0x000002e2      0x308 ./Core/Src/sd_spi.o
 .debug_abbrev  0x000005ea      0x1cd ./Core/Src/stm32f4xx_hal_msp.o
 .debug_abbrev  0x000007b7      0x1dd ./Core/Src/stm32f4xx_it.o
 .debug_abbrev  0x00000994      0x11a ./Core/Src/system_stm32f4xx.o
 .debug_abbrev  0x00000aae       0x24 ./Core/Startup/startup_stm32f429zitx.o
 .debug_abbrev  0x00000ad2      0x214 ./Drivers/STM32F4xx_HAL_Driver/Src/stm32f4xx_hal.o
 .debug_abbrev  0x00000ce6      0x31d ./Drivers/STM32F4xx_HAL_Driver/Src/stm32f4xx_hal_cortex.o
 .debug_abbrev  0x00001003      0x264 ./Drivers/STM32F4xx_HAL_Driver/Src/stm32f4xx_hal_dma.o
 .debug_abbrev  0x00001267      0x1d4 ./Drivers/STM32F4xx_HAL_Driver/Src/stm32f4xx_hal_gpio.o
 .debug_abbrev  0x0000143b      0x2b9 ./Drivers/STM32F4xx_HAL_Driver/Src/stm32f4xx_hal_pcd.o
 .debug_abbrev  0x000016f4      0x1da ./Drivers/STM32F4xx_HAL_Driver/Src/stm32f4xx_hal_pcd_ex.o
 .debug_abbrev  0x000018ce      0x2b7 ./Drivers/STM32F4xx_HAL_Driver/Src/stm32f4xx_hal_rcc.o
 .debug_abbrev  0x00001b85      0x27a ./Drivers/STM32F4xx_HAL_Driver/Src/stm32f4xx_hal_spi.o
 .debug_abbrev  0x00001dff      0x2b3 ./Drivers/STM32F4xx_HAL_Driver/Src/stm32f4xx_ll_usb.o
 .debug_abbrev  0x000020b2      0x160 ./FATFS/App/fatfs.o
 .debug_abbrev  0x00002212      0x15a ./FATFS/Target/user_diskio.o
 .debug_abbrev  0x0000236c      0x316 ./Middlewares/ST/STM32_USB_Device_Library/Class/MSC/Src/usbd_msc.o
 .debug_abbrev  0x00002682      0x2dc ./Middlewares/ST/STM32_USB_Device_Library/Class/MSC/Src/usbd_msc_bot.o
 .debug_abbrev  0x0000295e       0x6f ./Middlewares/ST/STM32_USB_Device_Library/Class/MSC/Src/usbd_msc_data.o
 .debug_abbrev  0x000029cd      0x313 ./Middlewares/ST/STM32_USB_Device_Library/Class/MSC/Src/usbd_msc_scsi.o
 .debug_abbrev  0x00002ce0      0x27c ./Middlewares/ST/STM32_USB_Device_Library/Core/Src/usbd_core.o
 .debug_abbrev  0x00002f5c      0x26f ./Middlewares/ST/STM32_USB_Device_Library/Core/Src/usbd_ctlreq.o
 .debug_abbrev  0x000031cb      0x19a ./Middlewares/ST/STM32_USB_Device_Library/Core/Src/usbd_ioreq.o
 .debug_abbrev  0x00003365      0x19f ./Middlewares/Third_Party/FatFs/src/ff_gen_drv.o
 .debug_abbrev  0x00003504      0x194 ./USB_DEVICE/App/usb_device.o
 .debug_abbrev  0x00003698      0x1e1 ./USB_DEVICE/App/usbd_desc.o
 .debug_abbrev  0x00003879      0x1ef ./USB_DEVICE/App/usbd_storage_if.o
 .debug_abbrev  0x00003a68      0x33f ./USB_DEVICE/Target/usbd_conf.o

.debug_aranges  0x00000000     0x1080
 .debug_aranges
                0x00000000       0x48 ./Core/Src/main.o
 .debug_aranges
                0x00000048       0xc0 ./Core/Src/sd_spi.o
 .debug_aranges
                0x00000108       0x30 ./Core/Src/stm32f4xx_hal_msp.o
 .debug_aranges
                0x00000138       0x70 ./Core/Src/stm32f4xx_it.o
 .debug_aranges
                0x000001a8       0x28 ./Core/Src/system_stm32f4xx.o
 .debug_aranges
                0x000001d0       0x28 ./Core/Startup/startup_stm32f429zitx.o
 .debug_aranges
                0x000001f8      0x100 ./Drivers/STM32F4xx_HAL_Driver/Src/stm32f4xx_hal.o
 .debug_aranges
                0x000002f8      0x130 ./Drivers/STM32F4xx_HAL_Driver/Src/stm32f4xx_hal_cortex.o
 .debug_aranges
                0x00000428       0x90 ./Drivers/STM32F4xx_HAL_Driver/Src/stm32f4xx_hal_dma.o
 .debug_aranges
                0x000004b8       0x58 ./Drivers/STM32F4xx_HAL_Driver/Src/stm32f4xx_hal_gpio.o
 .debug_aranges
                0x00000510      0x148 ./Drivers/STM32F4xx_HAL_Driver/Src/stm32f4xx_hal_pcd.o
 .debug_aranges
                0x00000658       0x38 ./Drivers/STM32F4xx_HAL_Driver/Src/stm32f4xx_hal_pcd_ex.o
 .debug_aranges
                0x00000690       0x88 ./Drivers/STM32F4xx_HAL_Driver/Src/stm32f4xx_hal_rcc.o
 .debug_aranges
                0x00000718      0x1d0 ./Drivers/STM32F4xx_HAL_Driver/Src/stm32f4xx_hal_spi.o
 .debug_aranges
                0x000008e8      0x1a0 ./Drivers/STM32F4xx_HAL_Driver/Src/stm32f4xx_ll_usb.o
 .debug_aranges
                0x00000a88       0x28 ./FATFS/App/fatfs.o
 .debug_aranges
                0x00000ab0       0x40 ./FATFS/Target/user_diskio.o
 .debug_aranges
                0x00000af0       0x68 ./Middlewares/ST/STM32_USB_Device_Library/Class/MSC/Src/usbd_msc.o
 .debug_aranges
                0x00000b58       0x68 ./Middlewares/ST/STM32_USB_Device_Library/Class/MSC/Src/usbd_msc_bot.o
 .debug_aranges
                0x00000bc0       0x18 ./Middlewares/ST/STM32_USB_Device_Library/Class/MSC/Src/usbd_msc_data.o
 .debug_aranges
                0x00000bd8       0xd0 ./Middlewares/ST/STM32_USB_Device_Library/Class/MSC/Src/usbd_msc_scsi.o
 .debug_aranges
                0x00000ca8       0xd8 ./Middlewares/ST/STM32_USB_Device_Library/Core/Src/usbd_core.o
 .debug_aranges
                0x00000d80       0x90 ./Middlewares/ST/STM32_USB_Device_Library/Core/Src/usbd_ctlreq.o
 .debug_aranges
                0x00000e10       0x50 ./Middlewares/ST/STM32_USB_Device_Library/Core/Src/usbd_ioreq.o
 .debug_aranges
                0x00000e60       0x40 ./Middlewares/Third_Party/FatFs/src/ff_gen_drv.o
 .debug_aranges
                0x00000ea0       0x20 ./USB_DEVICE/App/usb_device.o
 .debug_aranges
                0x00000ec0       0x60 ./USB_DEVICE/App/usbd_desc.o
 .debug_aranges
                0x00000f20       0x50 ./USB_DEVICE/App/usbd_storage_if.o
 .debug_aranges
                0x00000f70      0x110 ./USB_DEVICE/Target/usbd_conf.o

.debug_rnglists
                0x00000000      0xc3c
 .debug_rnglists
                0x00000000       0x34 ./Core/Src/main.o
 .debug_rnglists
                0x00000034       0x91 ./Core/Src/sd_spi.o
 .debug_rnglists
                0x000000c5       0x20 ./Core/Src/stm32f4xx_hal_msp.o
 .debug_rnglists
                0x000000e5       0x4f ./Core/Src/stm32f4xx_it.o
 .debug_rnglists
                0x00000134       0x1a ./Core/Src/system_stm32f4xx.o
 .debug_rnglists
                0x0000014e       0x19 ./Core/Startup/startup_stm32f429zitx.o
 .debug_rnglists
                0x00000167       0xbb ./Drivers/STM32F4xx_HAL_Driver/Src/stm32f4xx_hal.o
 .debug_rnglists
                0x00000222       0xe0 ./Drivers/STM32F4xx_HAL_Driver/Src/stm32f4xx_hal_cortex.o
 .debug_rnglists
                0x00000302       0x70 ./Drivers/STM32F4xx_HAL_Driver/Src/stm32f4xx_hal_dma.o
 .debug_rnglists
                0x00000372       0x3f ./Drivers/STM32F4xx_HAL_Driver/Src/stm32f4xx_hal_gpio.o
 .debug_rnglists
                0x000003b1       0xfa ./Drivers/STM32F4xx_HAL_Driver/Src/stm32f4xx_hal_pcd.o
 .debug_rnglists
                0x000004ab       0x26 ./Drivers/STM32F4xx_HAL_Driver/Src/stm32f4xx_hal_pcd_ex.o
 .debug_rnglists
                0x000004d1       0x66 ./Drivers/STM32F4xx_HAL_Driver/Src/stm32f4xx_hal_rcc.o
 .debug_rnglists
                0x00000537      0x16f ./Drivers/STM32F4xx_HAL_Driver/Src/stm32f4xx_hal_spi.o
 .debug_rnglists
                0x000006a6      0x147 ./Drivers/STM32F4xx_HAL_Driver/Src/stm32f4xx_ll_usb.o
 .debug_rnglists
                0x000007ed       0x19 ./FATFS/App/fatfs.o
 .debug_rnglists
                0x00000806       0x2c ./FATFS/Target/user_diskio.o
 .debug_rnglists
                0x00000832       0x4c ./Middlewares/ST/STM32_USB_Device_Library/Class/MSC/Src/usbd_msc.o
 .debug_rnglists
                0x0000087e       0x4c ./Middlewares/ST/STM32_USB_Device_Library/Class/MSC/Src/usbd_msc_bot.o
 .debug_rnglists
                0x000008ca       0xaa ./Middlewares/ST/STM32_USB_Device_Library/Class/MSC/Src/usbd_msc_scsi.o
 .debug_rnglists
                0x00000974       0xa1 ./Middlewares/ST/STM32_USB_Device_Library/Core/Src/usbd_core.o
 .debug_rnglists
                0x00000a15       0x6e ./Middlewares/ST/STM32_USB_Device_Library/Core/Src/usbd_ctlreq.o
 .debug_rnglists
                0x00000a83       0x37 ./Middlewares/ST/STM32_USB_Device_Library/Core/Src/usbd_ioreq.o
 .debug_rnglists
                0x00000aba       0x2c ./Middlewares/Third_Party/FatFs/src/ff_gen_drv.o
 .debug_rnglists
                0x00000ae6       0x13 ./USB_DEVICE/App/usb_device.o
 .debug_rnglists
                0x00000af9       0x43 ./USB_DEVICE/App/usbd_desc.o
 .debug_rnglists
                0x00000b3c       0x37 ./USB_DEVICE/App/usbd_storage_if.o
 .debug_rnglists
                0x00000b73       0xc9 ./USB_DEVICE/Target/usbd_conf.o

.debug_macro    0x00000000    0x27399
 .debug_macro   0x00000000      0x3be ./Core/Src/main.o
 .debug_macro   0x000003be      0xad8 ./Core/Src/main.o
 .debug_macro   0x00000e96      0x29b ./Core/Src/main.o
 .debug_macro   0x00001131       0x2e ./Core/Src/main.o
 .debug_macro   0x0000115f       0x28 ./Core/Src/main.o
 .debug_macro   0x00001187       0x22 ./Core/Src/main.o
 .debug_macro   0x000011a9       0x8e ./Core/Src/main.o
 .debug_macro   0x00001237       0x51 ./Core/Src/main.o
 .debug_macro   0x00001288      0x103 ./Core/Src/main.o
 .debug_macro   0x0000138b       0x6a ./Core/Src/main.o
 .debug_macro   0x000013f5      0x1df ./Core/Src/main.o
 .debug_macro   0x000015d4       0x1c ./Core/Src/main.o
 .debug_macro   0x000015f0       0x22 ./Core/Src/main.o
 .debug_macro   0x00001612       0xfb ./Core/Src/main.o
 .debug_macro   0x0000170d     0x1011 ./Core/Src/main.o
 .debug_macro   0x0000271e      0x11f ./Core/Src/main.o
 .debug_macro   0x0000283d    0x17ff1 ./Core/Src/main.o
 .debug_macro   0x0001a82e       0x6d ./Core/Src/main.o
 .debug_macro   0x0001a89b     0x370a ./Core/Src/main.o
 .debug_macro   0x0001dfa5      0x190 ./Core/Src/main.o
 .debug_macro   0x0001e135       0x5c ./Core/Src/main.o
 .debug_macro   0x0001e191      0xcba ./Core/Src/main.o
 .debug_macro   0x0001ee4b      0x9e9 ./Core/Src/main.o
 .debug_macro   0x0001f834      0x115 ./Core/Src/main.o
 .debug_macro   0x0001f949      0x156 ./Core/Src/main.o
 .debug_macro   0x0001fa9f       0xa5 ./Core/Src/main.o
 .debug_macro   0x0001fb44      0x182 ./Core/Src/main.o
 .debug_macro   0x0001fcc6      0x287 ./Core/Src/main.o
 .debug_macro   0x0001ff4d       0x5f ./Core/Src/main.o
 .debug_macro   0x0001ffac      0x236 ./Core/Src/main.o
 .debug_macro   0x000201e2      0x132 ./Core/Src/main.o
 .debug_macro   0x00020314      0x41d ./Core/Src/main.o
 .debug_macro   0x00020731       0x2e ./Core/Src/main.o
 .debug_macro   0x0002075f      0x127 ./Core/Src/main.o
 .debug_macro   0x00020886       0xe2 ./Core/Src/main.o
 .debug_macro   0x00020968       0x89 ./Core/Src/main.o
 .debug_macro   0x000209f1      0x225 ./Core/Src/main.o
 .debug_macro   0x00020c16      0x293 ./Core/Src/main.o
 .debug_macro   0x00020ea9       0xba ./Core/Src/main.o
 .debug_macro   0x00020f63      0x134 ./Core/Src/main.o
 .debug_macro   0x00021097       0x10 ./Core/Src/main.o
 .debug_macro   0x000210a7       0xeb ./Core/Src/main.o
 .debug_macro   0x00021192       0x2a ./Core/Src/main.o
 .debug_macro   0x000211bc       0x61 ./Core/Src/main.o
 .debug_macro   0x0002121d       0x43 ./Core/Src/main.o
 .debug_macro   0x00021260       0x34 ./Core/Src/main.o
 .debug_macro   0x00021294       0x16 ./Core/Src/main.o
 .debug_macro   0x000212aa       0x3c ./Core/Src/main.o
 .debug_macro   0x000212e6      0x364 ./Core/Src/main.o
 .debug_macro   0x0002164a       0x16 ./Core/Src/main.o
 .debug_macro   0x00021660       0x4a ./Core/Src/main.o
 .debug_macro   0x000216aa       0x34 ./Core/Src/main.o
 .debug_macro   0x000216de       0x10 ./Core/Src/main.o
 .debug_macro   0x000216ee       0x58 ./Core/Src/main.o
 .debug_macro   0x00021746       0x8e ./Core/Src/main.o
 .debug_macro   0x000217d4       0x1c ./Core/Src/main.o
 .debug_macro   0x000217f0      0x17e ./Core/Src/main.o
 .debug_macro   0x0002196e       0x16 ./Core/Src/main.o
 .debug_macro   0x00021984       0x29 ./Core/Src/main.o
 .debug_macro   0x000219ad       0x12 ./Core/Src/main.o
 .debug_macro   0x000219bf       0xe2 ./Core/Src/main.o
 .debug_macro   0x00021aa1       0x8e ./Core/Src/main.o
 .debug_macro   0x00021b2f       0x1c ./Core/Src/main.o
 .debug_macro   0x00021b4b       0x10 ./Core/Src/main.o
 .debug_macro   0x00021b5b       0x1c ./Core/Src/main.o
 .debug_macro   0x00021b77       0x16 ./Core/Src/main.o
 .debug_macro   0x00021b8d      0x146 ./Core/Src/main.o
 .debug_macro   0x00021cd3       0x16 ./Core/Src/main.o
 .debug_macro   0x00021ce9       0x20 ./Core/Src/main.o
 .debug_macro   0x00021d09       0x6b ./Core/Src/main.o
 .debug_macro   0x00021d74      0x20f ./Core/Src/main.o
 .debug_macro   0x00021f83       0x22 ./Core/Src/main.o
 .debug_macro   0x00021fa5       0x10 ./Core/Src/main.o
 .debug_macro   0x00021fb5      0x284 ./Core/Src/sd_spi.o
 .debug_macro   0x00022239      0x1ed ./Core/Src/stm32f4xx_hal_msp.o
 .debug_macro   0x00022426      0x1f7 ./Core/Src/stm32f4xx_it.o
 .debug_macro   0x0002261d      0x1de ./Core/Src/system_stm32f4xx.o
 .debug_macro   0x000227fb      0x23e ./Drivers/STM32F4xx_HAL_Driver/Src/stm32f4xx_hal.o
 .debug_macro   0x00022a39      0x1de ./Drivers/STM32F4xx_HAL_Driver/Src/stm32f4xx_hal_cortex.o
 .debug_macro   0x00022c17      0x1e4 ./Drivers/STM32F4xx_HAL_Driver/Src/stm32f4xx_hal_dma.o
 .debug_macro   0x00022dfb      0x1e4 ./Drivers/STM32F4xx_HAL_Driver/Src/stm32f4xx_hal_gpio.o
 .debug_macro   0x00022fdf      0x1ea ./Drivers/STM32F4xx_HAL_Driver/Src/stm32f4xx_hal_pcd.o
 .debug_macro   0x000231c9      0x1de ./Drivers/STM32F4xx_HAL_Driver/Src/stm32f4xx_hal_pcd_ex.o
 .debug_macro   0x000233a7      0x202 ./Drivers/STM32F4xx_HAL_Driver/Src/stm32f4xx_hal_rcc.o
 .debug_macro   0x000235a9      0x1ed ./Drivers/STM32F4xx_HAL_Driver/Src/stm32f4xx_hal_spi.o
 .debug_macro   0x00023796      0x1de ./Drivers/STM32F4xx_HAL_Driver/Src/stm32f4xx_ll_usb.o
 .debug_macro   0x00023974      0x312 ./FATFS/App/fatfs.o
 .debug_macro   0x00023c86      0x34c ./FATFS/Target/user_diskio.o
 .debug_macro   0x00023fd2       0x10 ./FATFS/Target/user_diskio.o
 .debug_macro   0x00023fe2       0x16 ./FATFS/Target/user_diskio.o
 .debug_macro   0x00023ff8       0x7c ./FATFS/Target/user_diskio.o
 .debug_macro   0x00024074       0x56 ./FATFS/Target/user_diskio.o
 .debug_macro   0x000240ca      0x398 ./Middlewares/ST/STM32_USB_Device_Library/Class/MSC/Src/usbd_msc.o
 .debug_macro   0x00024462       0x16 ./Middlewares/ST/STM32_USB_Device_Library/Class/MSC/Src/usbd_msc.o
 .debug_macro   0x00024478       0x9e ./Middlewares/ST/STM32_USB_Device_Library/Class/MSC/Src/usbd_msc.o
 .debug_macro   0x00024516      0x112 ./Middlewares/ST/STM32_USB_Device_Library/Class/MSC/Src/usbd_msc.o
 .debug_macro   0x00024628       0x16 ./Middlewares/ST/STM32_USB_Device_Library/Class/MSC/Src/usbd_msc.o
 .debug_macro   0x0002463e      0x215 ./Middlewares/ST/STM32_USB_Device_Library/Class/MSC/Src/usbd_msc.o
 .debug_macro   0x00024853       0x7c ./Middlewares/ST/STM32_USB_Device_Library/Class/MSC/Src/usbd_msc.o
 .debug_macro   0x000248cf      0x16c ./Middlewares/ST/STM32_USB_Device_Library/Class/MSC/Src/usbd_msc.o
 .debug_macro   0x00024a3b       0x3a ./Middlewares/ST/STM32_USB_Device_Library/Class/MSC/Src/usbd_msc.o
 .debug_macro   0x00024a75      0x3a0 ./Middlewares/ST/STM32_USB_Device_Library/Class/MSC/Src/usbd_msc_bot.o
 .debug_macro   0x00024e15      0x341 ./Middlewares/ST/STM32_USB_Device_Library/Class/MSC/Src/usbd_msc_data.o
 .debug_macro   0x00025156       0x2e ./Middlewares/ST/STM32_USB_Device_Library/Class/MSC/Src/usbd_msc_data.o
 .debug_macro   0x00025184      0x3a9 ./Middlewares/ST/STM32_USB_Device_Library/Class/MSC/Src/usbd_msc_scsi.o
 .debug_macro   0x0002552d       0x34 ./Middlewares/ST/STM32_USB_Device_Library/Class/MSC/Src/usbd_msc_scsi.o
 .debug_macro   0x00025561      0x363 ./Middlewares/ST/STM32_USB_Device_Library/Core/Src/usbd_core.o
 .debug_macro   0x000258c4      0x36d ./Middlewares/ST/STM32_USB_Device_Library/Core/Src/usbd_ctlreq.o
 .debug_macro   0x00025c31      0x369 ./Middlewares/ST/STM32_USB_Device_Library/Core/Src/usbd_ioreq.o
 .debug_macro   0x00025f9a      0x2ff ./Middlewares/Third_Party/FatFs/src/ff_gen_drv.o
 .debug_macro   0x00026299      0x3af ./USB_DEVICE/App/usb_device.o
 .debug_macro   0x00026648       0x16 ./USB_DEVICE/App/usb_device.o
 .debug_macro   0x0002665e       0x22 ./USB_DEVICE/App/usb_device.o
 .debug_macro   0x00026680       0x82 ./USB_DEVICE/App/usb_device.o
 .debug_macro   0x00026702      0x172 ./USB_DEVICE/App/usb_device.o
 .debug_macro   0x00026874      0x3a6 ./USB_DEVICE/App/usbd_desc.o
 .debug_macro   0x00026c1a       0x1c ./USB_DEVICE/App/usbd_desc.o
 .debug_macro   0x00026c36      0x3d1 ./USB_DEVICE/App/usbd_storage_if.o
 .debug_macro   0x00027007      0x392 ./USB_DEVICE/Target/usbd_conf.o

.debug_line     0x00000000    0x17bca
 .debug_line    0x00000000      0xbeb ./Core/Src/main.o
 .debug_line    0x00000beb      0xd8e ./Core/Src/sd_spi.o
 .debug_line    0x00001979      0x7af ./Core/Src/stm32f4xx_hal_msp.o
 .debug_line    0x00002128      0x83e ./Core/Src/stm32f4xx_it.o
 .debug_line    0x00002966      0x7d5 ./Core/Src/system_stm32f4xx.o
 .debug_line    0x0000313b       0x7a ./Core/Startup/startup_stm32f429zitx.o
 .debug_line    0x000031b5      0xa8a ./Drivers/STM32F4xx_HAL_Driver/Src/stm32f4xx_hal.o
 .debug_line    0x00003c3f      0xd21 ./Drivers/STM32F4xx_HAL_Driver/Src/stm32f4xx_hal_cortex.o
 .debug_line    0x00004960      0xfbd ./Drivers/STM32F4xx_HAL_Driver/Src/stm32f4xx_hal_dma.o
 .debug_line    0x0000591d      0xbce ./Drivers/STM32F4xx_HAL_Driver/Src/stm32f4xx_hal_gpio.o
 .debug_line    0x000064eb     0x149a ./Drivers/STM32F4xx_HAL_Driver/Src/stm32f4xx_hal_pcd.o
 .debug_line    0x00007985      0x81a ./Drivers/STM32F4xx_HAL_Driver/Src/stm32f4xx_hal_pcd_ex.o
 .debug_line    0x0000819f      0xe60 ./Drivers/STM32F4xx_HAL_Driver/Src/stm32f4xx_hal_rcc.o
 .debug_line    0x00008fff     0x1cec ./Drivers/STM32F4xx_HAL_Driver/Src/stm32f4xx_hal_spi.o
 .debug_line    0x0000aceb     0x1d8b ./Drivers/STM32F4xx_HAL_Driver/Src/stm32f4xx_ll_usb.o
 .debug_line    0x0000ca76      0x953 ./FATFS/App/fatfs.o
 .debug_line    0x0000d3c9      0xa89 ./FATFS/Target/user_diskio.o
 .debug_line    0x0000de52      0xd0b ./Middlewares/ST/STM32_USB_Device_Library/Class/MSC/Src/usbd_msc.o
 .debug_line    0x0000eb5d      0xd37 ./Middlewares/ST/STM32_USB_Device_Library/Class/MSC/Src/usbd_msc_bot.o
 .debug_line    0x0000f894      0x988 ./Middlewares/ST/STM32_USB_Device_Library/Class/MSC/Src/usbd_msc_data.o
 .debug_line    0x0001021c     0x1605 ./Middlewares/ST/STM32_USB_Device_Library/Class/MSC/Src/usbd_msc_scsi.o
 .debug_line    0x00011821      0xf77 ./Middlewares/ST/STM32_USB_Device_Library/Core/Src/usbd_core.o
 .debug_line    0x00012798     0x1139 ./Middlewares/ST/STM32_USB_Device_Library/Core/Src/usbd_ctlreq.o
 .debug_line    0x000138d1      0xa7e ./Middlewares/ST/STM32_USB_Device_Library/Core/Src/usbd_ioreq.o