Archive member included to satisfy reference by file (symbol)

C:/ST/STM32CubeIDE_2.0.0/STM32CubeIDE/plugins/com.st.stm32cube.ide.mcu.externaltools.gnu-tools-for-stm32.13.3.rel1.win32_1.0.100.202509120712/tools/bin/../lib/gcc/arm-none-eabi/13.3.1/../../../../arm-none-eabi/lib/thumb/v7e-m+fp/hard\libc_nano.a(libc_a-exit.o)
                              C:/ST/STM32CubeIDE_2.0.0/STM32CubeIDE/plugins/com.st.stm32cube.ide.mcu.externaltools.gnu-tools-for-stm32.13.3.rel1.win32_1.0.100.202509120712/tools/bin/../lib/gcc/arm-none-eabi/13.3.1/../../../../arm-none-eabi/lib/thumb/v7e-m+fp/hard/crt0.o (exit)
C:/ST/STM32CubeIDE_2.0.0/STM32CubeIDE/plugins/com.st.stm32cube.ide.mcu.externaltools.gnu-tools-for-stm32.13.3.rel1.win32_1.0.100.202509120712/tools/bin/../lib/gcc/arm-none-eabi/13.3.1/../../../../arm-none-eabi/lib/thumb/v7e-m+fp/hard\libc_nano.a(libc_a-findfp.o)
                              C:/ST/STM32CubeIDE_2.0.0/STM32CubeIDE/plugins/com.st.stm32cube.ide.mcu.externaltools.gnu-tools-for-stm32.13.3.rel1.win32_1.0.100.202509120712/tools/bin/../lib/gcc/arm-none-eabi/13.3.1/../../../../arm-none-eabi/lib/thumb/v7e-m+fp/hard\libc_nano.a(libc_a-exit.o) (__stdio_exit_handler)
C:/ST/STM32CubeIDE_2.0.0/STM32CubeIDE/plugins/com.st.stm32cube.ide.mcu.externaltools.gnu-tools-for-stm32.13.3.rel1.win32_1.0.100.202509120712/tools/bin/../lib/gcc/arm-none-eabi/13.3.1/../../../../arm-none-eabi/lib/thumb/v7e-m+fp/hard\libc_nano.a(libc_a-fwalk.o)
                              C:/ST/STM32CubeIDE_2.0.0/STM32CubeIDE/plugins/com.st.stm32cube.ide.mcu.externaltools.gnu-tools-for-stm32.13.3.rel1.win32_1.0.100.202509120712/tools/bin/../lib/gcc/arm-none-eabi/13.3.1/../../../../arm-none-eabi/lib/thumb/v7e-m+fp/hard\libc_nano.a(libc_a-findfp.o) (_fwalk_sglue)
C:/ST/STM32CubeIDE_2.0.0/STM32CubeIDE/plugins/com.st.stm32cube.ide.mcu.externaltools.gnu-tools-for-stm32.13.3.rel1.win32_1.0.100.202509120712/tools/bin/../lib/gcc/arm-none-eabi/13.3.1/../../../../arm-none-eabi/lib/thumb/v7e-m+fp/hard\libc_nano.a(libc_a-stdio.o)
                              C:/ST/STM32CubeIDE_2.0.0/STM32CubeIDE/plugins/com.st.stm32cube.ide.mcu.externaltools.gnu-tools-for-stm32.13.3.rel1.win32_1.0.100.202509120712/tools/bin/../lib/gcc/arm-none-eabi/13.3.1/../../../../arm-none-eabi/lib/thumb/v7e-m+fp/hard\libc_nano.a(libc_a-findfp.o) (__sread)
C:/ST/STM32CubeIDE_2.0.0/STM32CubeIDE/plugins/com.st.stm32cube.ide.mcu.externaltools.gnu-tools-for-stm32.13.3.rel1.win32_1.0.100.202509120712/tools/bin/../lib/gcc/arm-none-eabi/13.3.1/../../../../arm-none-eabi/lib/thumb/v7e-m+fp/hard\libc_nano.a(libc_a-memcmp.o)
                              ./Core/Src/main.o (memcmp)
C:/ST/STM32CubeIDE_2.0.0/STM32CubeIDE/plugins/com.st.stm32cube.ide.mcu.externaltools.gnu-tools-for-stm32.13.3.rel1.win32_1.0.100.202509120712/tools/bin/../lib/gcc/arm-none-eabi/13.3.1/../../../../arm-none-eabi/lib/thumb/v7e-m+fp/hard\libc_nano.a(libc_a-memset.o)
                              C:/ST/STM32CubeIDE_2.0.0/STM32CubeIDE/plugins/com.st.stm32cube.ide.mcu.externaltools.gnu-tools-for-stm32.13.3.rel1.win32_1.0.100.202509120712/tools/bin/../lib/gcc/arm-none-eabi/13.3.1/../../../../arm-none-eabi/lib/thumb/v7e-m+fp/hard/crt0.o (memset)
C:/ST/STM32CubeIDE_2.0.0/STM32CubeIDE/plugins/com.st.stm32cube.ide.mcu.externaltools.gnu-tools-for-stm32.13.3.rel1.win32_1.0.100.202509120712/tools/bin/../lib/gcc/arm-none-eabi/13.3.1/../../../../arm-none-eabi/lib/thumb/v7e-m+fp/hard\libc_nano.a(libc_a-closer.o)
                              C:/ST/STM32CubeIDE_2.0.0/STM32CubeIDE/plugins/com.st.stm32cube.ide.mcu.externaltools.gnu-tools-for-stm32.13.3.rel1.win32_1.0.100.202509120712/tools/bin/../lib/gcc/arm-none-eabi/13.3.1/../../../../arm-none-eabi/lib/thumb/v7e-m+fp/hard\libc_nano.a(libc_a-stdio.o) (_close_r)
C:/ST/STM32CubeIDE_2.0.0/STM32CubeIDE/plugins/com.st.stm32cube.ide.mcu.externaltools.gnu-tools-for-stm32.13.3.rel1.win32_1.0.100.202509120712/tools/bin/../lib/gcc/arm-none-eabi/13.3.1/../../../../arm-none-eabi/lib/thumb/v7e-m+fp/hard\libc_nano.a(libc_a-reent.o)
                              C:/ST/STM32CubeIDE_2.0.0/STM32CubeIDE/plugins/com.st.stm32cube.ide.mcu.externaltools.gnu-tools-for-stm32.13.3.rel1.win32_1.0.100.202509120712/tools/bin/../lib/gcc/arm-none-eabi/13.3.1/../../../../arm-none-eabi/lib/thumb/v7e-m+fp/hard\libc_nano.a(libc_a-closer.o) (errno)
C:/ST/STM32CubeIDE_2.0.0/STM32CubeIDE/plugins/com.st.stm32cube.ide.mcu.externaltools.gnu-tools-for-stm32.13.3.rel1.win32_1.0.100.202509120712/tools/bin/../lib/gcc/arm-none-eabi/13.3.1/../../../../arm-none-eabi/lib/thumb/v7e-m+fp/hard\libc_nano.a(libc_a-impure.o)
                              C:/ST/STM32CubeIDE_2.0.0/STM32CubeIDE/plugins/com.st.stm32cube.ide.mcu.externaltools.gnu-tools-for-stm32.13.3.rel1.win32_1.0.100.202509120712/tools/bin/../lib/gcc/arm-none-eabi/13.3.1/../../../../arm-none-eabi/lib/thumb/v7e-m+fp/hard\libc_nano.a(libc_a-reent.o) (_impure_ptr)
[...]
Memory Configuration

Name             Origin             Length             Attributes
CCMRAM           0x10000000         0x00010000         xrw
RAM              0x20000000         0x00030000         xrw
FLASH            0x08000000         0x00200000         xr
*default*        0x00000000         0xffffffff

Linker script and memory map

LOAD C:/ST/STM32CubeIDE_2.0.0/STM32CubeIDE/plugins/com.st.stm32cube.ide.mcu.externaltools.gnu-tools-for-stm32.13.3.rel1.win32_1.0.100.202509120712/tools/bin/../lib/gcc/arm-none-eabi/13.3.1/thumb/v7e-m+fp/hard/crti.o
LOAD C:/ST/STM32CubeIDE_2.0.0/STM32CubeIDE/plugins/com.st.stm32cube.ide.mcu.externaltools.gnu-tools-for-stm32.13.3.rel1.win32_1.0.100.202509120712/tools/bin/../lib/gcc/arm-none-eabi/13.3.1/thumb/v7e-m+fp/hard/crtbegin.o
LOAD C:/ST/STM32CubeIDE_2.0.0/STM32CubeIDE/plugins/com.st.stm32cube.ide.mcu.externaltools.gnu-tools-for-stm32.13.3.rel1.win32_1.0.100.202509120712/tools/bin/../lib/gcc/arm-none-eabi/13.3.1/../../../../arm-none-eabi/lib/thumb/v7e-m+fp/hard/crt0.o
LOAD ./Core/Src/main.o
LOAD ./Core/Src/sd_spi.o
LOAD ./Core/Src/stm32f4xx_hal_msp.o
LOAD ./Core/Src/stm32f4xx_it.o
LOAD ./Core/Src/syscalls.o
LOAD ./Core/Src/sysmem.o
LOAD ./Core/Src/system_stm32f4xx.o
LOAD ./Core/Startup/startup_stm32f429zitx.o
LOAD ./Drivers/STM32F4xx_HAL_Driver/Src/stm32f4xx_hal.o
LOAD ./Drivers/STM32F4xx_HAL_Driver/Src/stm32f4xx_hal_cortex.o
LOAD ./Drivers/STM32F4xx_HAL_Driver/Src/stm32f4xx_hal_dma.o
LOAD ./Drivers/STM32F4xx_HAL_Driver/Src/stm32f4xx_hal_dma_ex.o
LOAD ./Drivers/STM32F4xx_HAL_Driver/Src/stm32f4xx_hal_exti.o
LOAD ./Drivers/STM32F4xx_HAL_Driver/Src/stm32f4xx_hal_flash.o
LOAD ./Drivers/STM32F4xx_HAL_Driver/Src/stm32f4xx_hal_flash_ex.o
LOAD ./Drivers/STM32F4xx_HAL_Driver/Src/stm32f4xx_hal_flash_ramfunc.o
LOAD ./Drivers/STM32F4xx_HAL_Driver/Src/stm32f4xx_hal_gpio.o
LOAD ./Drivers/STM32F4xx_HAL_Driver/Src/stm32f4xx_hal_pwr.o
LOAD ./Drivers/STM32F4xx_HAL_Driver/Src/stm32f4xx_hal_pwr_ex.o
LOAD ./Drivers/STM32F4xx_HAL_Driver/Src/stm32f4xx_hal_rcc.o
LOAD ./Drivers/STM32F4xx_HAL_Driver/Src/stm32f4xx_hal_rcc_ex.o
LOAD ./Drivers/STM32F4xx_HAL_Driver/Src/stm32f4xx_hal_spi.o
LOAD ./FATFS/App/fatfs.o
LOAD ./FATFS/Target/user_diskio.o
LOAD ./Middlewares/Third_Party/FatFs/src/diskio.o
LOAD ./Middlewares/Third_Party/FatFs/src/ff.o
LOAD ./Middlewares/Third_Party/FatFs/src/ff_gen_drv.o
LOAD ./Middlewares/Third_Party/FatFs/src/option/syscall.o
START GROUP
LOAD C:/ST/STM32CubeIDE_2.0.0/STM32CubeIDE/plugins/com.st.stm32cube.ide.mcu.externaltools.gnu-tools-for-stm32.13.3.rel1.win32_1.0.100.202509120712/tools/bin/../lib/gcc/arm-none-eabi/13.3.1/../../../../arm-none-eabi/lib/thumb/v7e-m+fp/hard\libc_nano.a
LOAD C:/ST/STM32CubeIDE_2.0.0/STM32CubeIDE/plugins/com.st.stm32cube.ide.mcu.externaltools.gnu-tools-for-stm32.13.3.rel1.win32_1.0.100.202509120712/tools/bin/../lib/gcc/arm-none-eabi/13.3.1/../../../../arm-none-eabi/lib/thumb/v7e-m+fp/hard\libm.a
END GROUP
START GROUP
LOAD C:/ST/STM32CubeIDE_2.0.0/STM32CubeIDE/plugins/com.st.stm32cube.ide.mcu.externaltools.gnu-tools-for-stm32.13.3.rel1.win32_1.0.100.202509120712/tools/bin/../lib/gcc/arm-none-eabi/13.3.1/thumb/v7e-m+fp/hard\libgcc.a
LOAD C:/ST/STM32CubeIDE_2.0.0/STM32CubeIDE/plugins/com.st.stm32cube.ide.mcu.externaltools.gnu-tools-for-stm32.13.3.rel1.win32_1.0.100.202509120712/tools/bin/../lib/gcc/arm-none-eabi/13.3.1/../../../../arm-none-eabi/lib/thumb/v7e-m+fp/hard\libc_nano.a
END GROUP
START GROUP
LOAD C:/ST/STM32CubeIDE_2.0.0/STM32CubeIDE/plugins/com.st.stm32cube.ide.mcu.externaltools.gnu-tools-for-stm32.13.3.rel1.win32_1.0.100.202509120712/tools/bin/../lib/gcc/arm-none-eabi/13.3.1/thumb/v7e-m+fp/hard\libgcc.a
LOAD C:/ST/STM32CubeIDE_2.0.0/STM32CubeIDE/plugins/com.st.stm32cube.ide.mcu.externaltools.gnu-tools-for-stm32.13.3.rel1.win32_1.0.100.202509120712/tools/bin/../lib/gcc/arm-none-eabi/13.3.1/../../../../arm-none-eabi/lib/thumb/v7e-m+fp/hard\libc_nano.a
LOAD C:/ST/STM32CubeIDE_2.0.0/STM32CubeIDE/plugins/com.st.stm32cube.ide.mcu.externaltools.gnu-tools-for-stm32.13.3.rel1.win32_1.0.100.202509120712/tools/bin/../lib/gcc/arm-none-eabi/13.3.1/../../../../arm-none-eabi/lib/thumb/v7e-m+fp/hard\libnosys.a
END GROUP
START GROUP
LOAD C:/ST/STM32CubeIDE_2.0.0/STM32CubeIDE/plugins/com.st.stm32cube.ide.mcu.externaltools.gnu-tools-for-stm32.13.3.rel1.win32_1.0.100.202509120712/tools/bin/../lib/gcc/arm-none-eabi/13.3.1/thumb/v7e-m+fp/hard\libgcc.a
LOAD C:/ST/STM32CubeIDE_2.0.0/STM32CubeIDE/plugins/com.st.stm32cube.ide.mcu.externaltools.gnu-tools-for-stm32.13.3.rel1.win32_1.0.100.202509120712/tools/bin/../lib/gcc/arm-none-eabi/13.3.1/../../../../arm-none-eabi/lib/thumb/v7e-m+fp/hard\libc_nano.a
LOAD C:/ST/STM32CubeIDE_2.0.0/STM32CubeIDE/plugins/com.st.stm32cube.ide.mcu.externaltools.gnu-tools-for-stm32.13.3.rel1.win32_1.0.100.202509120712/tools/bin/../lib/gcc/arm-none-eabi/13.3.1/../../../../arm-none-eabi/lib/thumb/v7e-m+fp/hard\libnosys.a
END GROUP
LOAD C:/ST/STM32CubeIDE_2.0.0/STM32CubeIDE/plugins/com.st.stm32cube.ide.mcu.externaltools.gnu-tools-for-stm32.13.3.rel1.win32_1.0.100.202509120712/tools/bin/../lib/gcc/arm-none-eabi/13.3.1/thumb/v7e-m+fp/hard/crtend.o
LOAD C:/ST/STM32CubeIDE_2.0.0/STM32CubeIDE/plugins/com.st.stm32cube.ide.mcu.externaltools.gnu-tools-for-stm32.13.3.rel1.win32_1.0.100.202509120712/tools/bin/../lib/gcc/arm-none-eabi/13.3.1/thumb/v7e-m+fp/hard/crtn.o
                0x20030000                        _estack = (ORIGIN (RAM) + LENGTH (RAM))
                0x00000200                        _Min_Heap_Size = 0x200
                0x00000400                        _Min_Stack_Size = 0x400

.isr_vector     0x08000000      0x1ac
                0x08000000                        . = ALIGN (0x4)
 *(.isr_vector)
 .isr_vector    0x08000000      0x1ac ./Core/Startup/startup_stm32f429zitx.o
                0x08000000                g_pfnVectors
                0x080001ac                        . = ALIGN (0x4)

.text           0x080001ac     0x5280
                0x080001ac                        . = ALIGN (0x4)
 *(.text)
 .text          0x080001ac       0x40 C:/ST/STM32CubeIDE_2.0.0/STM32CubeIDE/plugins/com.st.stm32cube.ide.mcu.externaltools.gnu-tools-for-stm32.13.3.rel1.win32_1.0.100.202509120712/tools/bin/../lib/gcc/arm-none-eabi/13.3.1/thumb/v7e-m+fp/hard/crtbegin.o
 .text          0x080001ec       0x10 C:/ST/STM32CubeIDE_2.0.0/STM32CubeIDE/plugins/com.st.stm32cube.ide.mcu.externaltools.gnu-tools-for-stm32.13.3.rel1.win32_1.0.100.202509120712/tools/bin/../lib/gcc/arm-none-eabi/13.3.1/../../../../arm-none-eabi/lib/thumb/v7e-m+fp/hard\libc_nano.a(libc_a-strlen.o)
                0x080001ec                strlen
 .text          0x080001fc       0x30 C:/ST/STM32CubeIDE_2.0.0/STM32CubeIDE/plugins/com.st.stm32cube.ide.mcu.externaltools.gnu-tools-for-stm32.13.3.rel1.win32_1.0.100.202509120712/tools/bin/../lib/gcc/arm-none-eabi/13.3.1/thumb/v7e-m+fp/hard\libgcc.a(_aeabi_uldivmod.o)
                0x080001fc                __aeabi_uldivmod
 .text          0x0800022c      0x2f8 C:/ST/STM32CubeIDE_2.0.0/STM32CubeIDE/plugins/com.st.stm32cube.ide.mcu.externaltools.gnu-tools-for-stm32.13.3.rel1.win32_1.0.100.202509120712/tools/bin/../lib/gcc/arm-none-eabi/13.3.1/thumb/v7e-m+fp/hard\libgcc.a(_udivmoddi4.o)
                0x0800022c                __udivmoddi4
 .text          0x08000524        0x4 C:/ST/STM32CubeIDE_2.0.0/STM32CubeIDE/plugins/com.st.stm32cube.ide.mcu.externaltools.gnu-tools-for-stm32.13.3.rel1.win32_1.0.100.202509120712/tools/bin/../lib/gcc/arm-none-eabi/13.3.1/thumb/v7e-m+fp/hard\libgcc.a(_dvmd_tls.o)
                0x08000524                __aeabi_idiv0
                0x08000524                __aeabi_ldiv0
 *(.text*)
 .text.SD_FileTest
                0x08000528      0x1a4 ./Core/Src/main.o
 .text.main     0x080006cc       0x2c ./Core/Src/main.o
                0x080006cc                main
 .text.SystemClock_Config
                0x080006f8       0xd4 ./Core/Src/main.o
                0x080006f8                SystemClock_Config
 .text.MX_SPI1_Init
                0x080007cc       0x6c ./Core/Src/main.o
 .text.MX_GPIO_Init
                0x08000838       0xa4 ./Core/Src/main.o
 .text.Error_Handler
                0x080008dc        0xc ./Core/Src/main.o
                0x080008dc                Error_Handler
 .text.SD_CS_Low
                0x080008e8       0x18 ./Core/Src/sd_spi.o
 .text.SD_CS_High
                0x08000900       0x18 ./Core/Src/sd_spi.o
 .text.SD_SPI_Transfer
                0x08000918       0x3c ./Core/Src/sd_spi.o
 .text.SD_SPI_ReceiveBuffer
                0x08000954       0x48 ./Core/Src/sd_spi.o
 .text.SD_SPI_TransmitBuffer
                0x0800099c       0x44 ./Core/Src/sd_spi.o
 .text.SD_WaitReady
                0x080009e0       0x38 ./Core/Src/sd_spi.o
 .text.SD_Select
                0x08000a18       0x30 ./Core/Src/sd_spi.o
 .text.SD_Deselect
                0x08000a48       0x12 ./Core/Src/sd_spi.o
 .text.SD_GetCommandCRC
                0x08000a5a       0x2c ./Core/Src/sd_spi.o
 .text.SD_SendCommand
                0x08000a86       0xda ./Core/Src/sd_spi.o
 .text.SD_ReceiveDataBlock
                0x08000b60       0x5c ./Core/Src/sd_spi.o
 .text.SD_TransmitDataBlock
                0x08000bbc       0x76 ./Core/Src/sd_spi.o
 .text.SD_ReadCSD
                0x08000c32       0x3c ./Core/Src/sd_spi.o
 .text.SD_ParseSectorCount
                0x08000c6e      0x104 ./Core/Src/sd_spi.o
 *fill*         0x08000d72        0x2 
 .text.SD_Init  0x08000d74      0x214 ./Core/Src/sd_spi.o
                0x08000d74                SD_Init
 .text.SD_IsReady
                0x08000f88       0x18 ./Core/Src/sd_spi.o
                0x08000f88                SD_IsReady
 .text.SD_GetAddress
                0x08000fa0       0x28 ./Core/Src/sd_spi.o
 .text.SD_ReadBlocks
                0x08000fc8       0xe0 ./Core/Src/sd_spi.o
                0x08000fc8                SD_ReadBlocks
 .text.SD_WriteBlocks
                0x080010a8       0xfc ./Core/Src/sd_spi.o
                0x080010a8                SD_WriteBlocks
 .text.SD_GetSectorCount
                0x080011a4       0x18 ./Core/Src/sd_spi.o
                0x080011a4                SD_GetSectorCount
 .text.HAL_MspInit
                0x080011bc       0x50 ./Core/Src/stm32f4xx_hal_msp.o
                0x080011bc                HAL_MspInit
 .text.HAL_SPI_MspInit
                0x0800120c       0xa0 ./Core/Src/stm32f4xx_hal_msp.o
                0x0800120c                HAL_SPI_MspInit
 .text.NMI_Handler
                0x080012ac        0x8 ./Core/Src/stm32f4xx_it.o
                0x080012ac                NMI_Handler
 .text.HardFault_Handler
                0x080012b4        0x8 ./Core/Src/stm32f4xx_it.o
                0x080012b4                HardFault_Handler
 .text.MemManage_Handler
                0x080012bc        0x8 ./Core/Src/stm32f4xx_it.o
                0x080012bc                MemManage_Handler
 .text.BusFault_Handler
                0x080012c4        0x8 ./Core/Src/stm32f4xx_it.o
                0x080012c4                BusFault_Handler
 .text.UsageFault_Handler
                0x080012cc        0x8 ./Core/Src/stm32f4xx_it.o
                0x080012cc                UsageFault_Handler
 .text.SVC_Handler
                0x080012d4        0xe ./Core/Src/stm32f4xx_it.o
                0x080012d4                SVC_Handler
 .text.DebugMon_Handler
                0x080012e2        0xe ./Core/Src/stm32f4xx_it.o
                0x080012e2                DebugMon_Handler
 .text.PendSV_Handler
                0x080012f0        0xe ./Core/Src/stm32f4xx_it.o
                0x080012f0                PendSV_Handler
 .text.SysTick_Handler
                0x080012fe        0xc ./Core/Src/stm32f4xx_it.o
                0x080012fe                SysTick_Handler
 *fill*         0x0800130a        0x2 
 .text.SPI1_IRQHandler
                0x0800130c       0x14 ./Core/Src/stm32f4xx_it.o
                0x0800130c                SPI1_IRQHandler
 .text.SystemInit
                0x08001320       0x24 ./Core/Src/system_stm32f4xx.o
                0x08001320                SystemInit
 .text.Reset_Handler
                0x08001344       0x50 ./Core/Startup/startup_stm32f429zitx.o
                0x08001344                Reset_Handler
 .text.Default_Handler
                0x08001394        0x2 ./Core/Startup/startup_stm32f429zitx.o
                0x08001394                RTC_Alarm_IRQHandler
                0x08001394                HASH_RNG_IRQHandler
                0x08001394                EXTI2_IRQHandler
                0x08001394                TIM8_CC_IRQHandler
                0x08001394                UART8_IRQHandler
                0x08001394                SPI4_IRQHandler
                0x08001394                TIM1_CC_IRQHandler
                0x08001394                DMA2_Stream5_IRQHandler
                0x08001394                DMA1_Stream5_IRQHandler
                0x08001394                PVD_IRQHandler
                0x08001394                SDIO_IRQHandler
                0x08001394                TAMP_STAMP_IRQHandler
                0x08001394                CAN2_RX1_IRQHandler
                0x08001394                EXTI3_IRQHandler
                0x08001394                TIM8_TRG_COM_TIM14_IRQHandler
                0x08001394                TIM1_UP_TIM10_IRQHandler
                0x08001394                TIM8_UP_TIM13_IRQHandler
                0x08001394                I2C3_ER_IRQHandler
                0x08001394                EXTI0_IRQHandler
                0x08001394                I2C2_EV_IRQHandler
                0x08001394                DMA1_Stream2_IRQHandler
                0x08001394                CAN1_RX0_IRQHandler
                0x08001394                FPU_IRQHandler
                0x08001394                OTG_HS_WKUP_IRQHandler
                0x08001394                LTDC_ER_IRQHandler
                0x08001394                CAN2_SCE_IRQHandler
                0x08001394                DMA2_Stream2_IRQHandler
                0x08001394                TIM6_DAC_IRQHandler
                0x08001394                TIM1_BRK_TIM9_IRQHandler
                0x08001394                DCMI_IRQHandler
                0x08001394                CAN2_RX0_IRQHandler
                0x08001394                DMA2_Stream3_IRQHandler
                0x08001394                USART6_IRQHandler
                0x08001394                USART3_IRQHandler
                0x08001394                CAN1_RX1_IRQHandler
                0x08001394                UART5_IRQHandler
                0x08001394                DMA2_Stream0_IRQHandler
                0x08001394                TIM4_IRQHandler
                0x08001394                I2C1_EV_IRQHandler
                0x08001394                DMA1_Stream6_IRQHandler
                0x08001394                DMA1_Stream1_IRQHandler
                0x08001394                UART4_IRQHandler
                0x08001394                TIM3_IRQHandler
                0x08001394                RCC_IRQHandler
                0x08001394                TIM8_BRK_TIM12_IRQHandler
                0x08001394                Default_Handler
                0x08001394                EXTI15_10_IRQHandler
                0x08001394                ADC_IRQHandler
                0x08001394                DMA1_Stream7_IRQHandler
                0x08001394                SPI5_IRQHandler
                0x08001394                TIM7_IRQHandler
                0x08001394                CAN2_TX_IRQHandler
                0x08001394                TIM5_IRQHandler
                0x08001394                DMA2_Stream7_IRQHandler
                0x08001394                I2C3_EV_IRQHandler
                0x08001394                EXTI9_5_IRQHandler
                0x08001394                RTC_WKUP_IRQHandler
                0x08001394                LTDC_IRQHandler
                0x08001394                ETH_WKUP_IRQHandler
                0x08001394                SPI2_IRQHandler
                0x08001394                OTG_HS_EP1_IN_IRQHandler
                0x08001394                DMA1_Stream0_IRQHandler
                0x08001394                CAN1_TX_IRQHandler
                0x08001394                EXTI4_IRQHandler
                0x08001394                ETH_IRQHandler
                0x08001394                OTG_HS_EP1_OUT_IRQHandler
                0x08001394                WWDG_IRQHandler
                0x08001394                SPI6_IRQHandler
                0x08001394                TIM2_IRQHandler
                0x08001394                OTG_FS_WKUP_IRQHandler
                0x08001394                TIM1_TRG_COM_TIM11_IRQHandler
                0x08001394                OTG_HS_IRQHandler
                0x08001394                DMA2D_IRQHandler
                0x08001394                EXTI1_IRQHandler
                0x08001394                UART7_IRQHandler
                0x08001394                USART2_IRQHandler
                0x08001394                I2C2_ER_IRQHandler
                0x08001394                DMA2_Stream1_IRQHandler
                0x08001394                CAN1_SCE_IRQHandler
                0x08001394                FLASH_IRQHandler
                0x08001394                DMA2_Stream4_IRQHandler
                0x08001394                USART1_IRQHandler
                0x08001394                OTG_FS_IRQHandler
                0x08001394                SPI3_IRQHandler
                0x08001394                DMA1_Stream4_IRQHandler
                0x08001394                I2C1_ER_IRQHandler
                0x08001394                FMC_IRQHandler
                0x08001394                DMA2_Stream6_IRQHandler
                0x08001394                SAI1_IRQHandler
                0x08001394                DMA1_Stream3_IRQHandler
 *fill*         0x08001396        0x2 
 .text.HAL_Init
                0x08001398       0x44 ./Drivers/STM32F4xx_HAL_Driver/Src/stm32f4xx_hal.o
                0x08001398                HAL_Init
 .text.HAL_InitTick
                0x080013dc       0x60 ./Drivers/STM32F4xx_HAL_Driver/Src/stm32f4xx_hal.o
                0x080013dc                HAL_InitTick
 .text.HAL_IncTick
                0x0800143c       0x28 ./Drivers/STM32F4xx_HAL_Driver/Src/stm32f4xx_hal.o
                0x0800143c                HAL_IncTick
 .text.HAL_GetTick
                0x08001464       0x18 ./Drivers/STM32F4xx_HAL_Driver/Src/stm32f4xx_hal.o
                0x08001464                HAL_GetTick
 .text.HAL_Delay
                0x0800147c       0x48 ./Drivers/STM32F4xx_HAL_Driver/Src/stm32f4xx_hal.o
                0x0800147c                HAL_Delay
 .text.__NVIC_SetPriorityGrouping
                0x080014c4       0x48 ./Drivers/STM32F4xx_HAL_Driver/Src/stm32f4xx_hal_cortex.o
 .text.__NVIC_GetPriorityGrouping
                0x0800150c       0x1c ./Drivers/STM32F4xx_HAL_Driver/Src/stm32f4xx_hal_cortex.o
 .text.__NVIC_EnableIRQ
                0x08001528       0x3c ./Drivers/STM32F4xx_HAL_Driver/Src/stm32f4xx_hal_cortex.o
 .text.__NVIC_SetPriority
                0x08001564       0x54 ./Drivers/STM32F4xx_HAL_Driver/Src/stm32f4xx_hal_cortex.o
 .text.NVIC_EncodePriority
                0x080015b8       0x66 ./Drivers/STM32F4xx_HAL_Driver/Src/stm32f4xx_hal_cortex.o
 *fill*         0x0800161e        0x2 
 .text.SysTick_Config
                0x08001620       0x44 ./Drivers/STM32F4xx_HAL_Driver/Src/stm32f4xx_hal_cortex.o
 .text.HAL_NVIC_SetPriorityGrouping
                0x08001664       0x16 ./Drivers/STM32F4xx_HAL_Driver/Src/stm32f4xx_hal_cortex.o
                0x08001664                HAL_NVIC_SetPriorityGrouping
 .text.HAL_NVIC_SetPriority
                0x0800167a       0x38 ./Drivers/STM32F4xx_HAL_Driver/Src/stm32f4xx_hal_cortex.o
                0x0800167a                HAL_NVIC_SetPriority
 .text.HAL_NVIC_EnableIRQ
                0x080016b2       0x1c ./Drivers/STM32F4xx_HAL_Driver/Src/stm32f4xx_hal_cortex.o
                0x080016b2                HAL_NVIC_EnableIRQ
 .text.HAL_SYSTICK_Config
                0x080016ce       0x18 ./Drivers/STM32F4xx_HAL_Driver/Src/stm32f4xx_hal_cortex.o
                0x080016ce                HAL_SYSTICK_Config
 .text.HAL_DMA_Abort_IT
                0x080016e6       0x44 ./Drivers/STM32F4xx_HAL_Driver/Src/stm32f4xx_hal_dma.o
                0x080016e6                HAL_DMA_Abort_IT
 *fill*         0x0800172a        0x2 
 .text.HAL_GPIO_Init
                0x0800172c      0x358 ./Drivers/STM32F4xx_HAL_Driver/Src/stm32f4xx_hal_gpio.o
                0x0800172c                HAL_GPIO_Init
 .text.HAL_GPIO_WritePin
                0x08001a84       0x32 ./Drivers/STM32F4xx_HAL_Driver/Src/stm32f4xx_hal_gpio.o
                0x08001a84                HAL_GPIO_WritePin
 *fill*         0x08001ab6        0x2 
 .text.HAL_RCC_OscConfig
                0x08001ab8      0x4f0 ./Drivers/STM32F4xx_HAL_Driver/Src/stm32f4xx_hal_rcc.o
                0x08001ab8                HAL_RCC_OscConfig
 .text.HAL_RCC_ClockConfig
                0x08001fa8      0x1cc ./Drivers/STM32F4xx_HAL_Driver/Src/stm32f4xx_hal_rcc.o
                0x08001fa8                HAL_RCC_ClockConfig
 .text.HAL_RCC_GetSysClockFreq
                0x08002174      0x20c ./Drivers/STM32F4xx_HAL_Driver/Src/stm32f4xx_hal_rcc.o
                0x08002174                HAL_RCC_GetSysClockFreq
 .text.HAL_SPI_Init
                0x08002380      0x112 ./Drivers/STM32F4xx_HAL_Driver/Src/stm32f4xx_hal_spi.o
                0x08002380                HAL_SPI_Init
 .text.HAL_SPI_TransmitReceive
                0x08002492      0x352 ./Drivers/STM32F4xx_HAL_Driver/Src/stm32f4xx_hal_spi.o
                0x08002492                HAL_SPI_TransmitReceive
 .text.HAL_SPI_IRQHandler
                0x080027e4      0x200 ./Drivers/STM32F4xx_HAL_Driver/Src/stm32f4xx_hal_spi.o
                0x080027e4                HAL_SPI_IRQHandler
 .text.HAL_SPI_ErrorCallback
                0x080029e4       0x14 ./Drivers/STM32F4xx_HAL_Driver/Src/stm32f4xx_hal_spi.o
                0x080029e4                HAL_SPI_ErrorCallback
 .text.SPI_DMAAbortOnError
                0x080029f8       0x28 ./Drivers/STM32F4xx_HAL_Driver/Src/stm32f4xx_hal_spi.o
 .text.SPI_WaitFlagStateUntilTimeout
                0x08002a20      0x110 ./Drivers/STM32F4xx_HAL_Driver/Src/stm32f4xx_hal_spi.o
 .text.SPI_EndRxTxTransaction
                0x08002b30       0xa8 ./Drivers/STM32F4xx_HAL_Driver/Src/stm32f4xx_hal_spi.o
 .text.MX_FATFS_Init
                0x08002bd8       0x24 ./FATFS/App/fatfs.o
                0x08002bd8                MX_FATFS_Init
 .text.get_fattime
                0x08002bfc       0x10 ./FATFS/App/fatfs.o
                0x08002bfc                get_fattime
 .text.USER_initialize
                0x08002c0c       0x2c ./FATFS/Target/user_diskio.o
                0x08002c0c                USER_initialize
 .text.USER_status
                0x08002c38       0x2c ./FATFS/Target/user_diskio.o
                0x08002c38                USER_status
 .text.USER_read
                0x08002c64       0x58 ./FATFS/Target/user_diskio.o
                0x08002c64                USER_read
 .text.USER_write
                0x08002cbc       0x58 ./FATFS/Target/user_diskio.o
                0x08002cbc                USER_write
 .text.USER_ioctl
                0x08002d14       0x9c ./FATFS/Target/user_diskio.o
                0x08002d14                USER_ioctl
 .text.disk_status
                0x08002db0       0x34 ./Middlewares/Third_Party/FatFs/src/diskio.o
                0x08002db0                disk_status
 .text.disk_initialize
                0x08002de4       0x50 ./Middlewares/Third_Party/FatFs/src/diskio.o
                0x08002de4                disk_initialize
 .text.disk_read
                0x08002e34       0x40 ./Middlewares/Third_Party/FatFs/src/diskio.o
                0x08002e34                disk_read
 .text.disk_write
                0x08002e74       0x40 ./Middlewares/Third_Party/FatFs/src/diskio.o
                0x08002e74                disk_write
 .text.disk_ioctl
                0x08002eb4       0x3c ./Middlewares/Third_Party/FatFs/src/diskio.o
                0x08002eb4                disk_ioctl
 .text.ld_word  0x08002ef0       0x32 ./Middlewares/Third_Party/FatFs/src/ff.o
 .text.ld_dword
                0x08002f22       0x46 ./Middlewares/Third_Party/FatFs/src/ff.o
 .text.st_word  0x08002f68       0x36 ./Middlewares/Third_Party/FatFs/src/ff.o
 .text.st_dword
                0x08002f9e       0x58 ./Middlewares/Third_Party/FatFs/src/ff.o
 .text.mem_cpy  0x08002ff6       0x42 ./Middlewares/Third_Party/FatFs/src/ff.o
 .text.mem_set  0x08003038       0x36 ./Middlewares/Third_Party/FatFs/src/ff.o
 .text.mem_cmp  0x0800306e       0x4e ./Middlewares/Third_Party/FatFs/src/ff.o
 .text.chk_chr  0x080030bc       0x36 ./Middlewares/Third_Party/FatFs/src/ff.o
 *fill*         0x080030f2        0x2 
 .text.chk_lock
                0x080030f4       0xb8 ./Middlewares/Third_Party/FatFs/src/ff.o
 .text.enq_lock
                0x080031ac       0x44 ./Middlewares/Third_Party/FatFs/src/ff.o
 .text.inc_lock
                0x080031f0      0x11c ./Middlewares/Third_Party/FatFs/src/ff.o
 .text.dec_lock
                0x0800330c       0x78 ./Middlewares/Third_Party/FatFs/src/ff.o
 .text.clear_lock
                0x08003384       0x48 ./Middlewares/Third_Party/FatFs/src/ff.o
 .text.sync_window
                0x080033cc       0x88 ./Middlewares/Third_Party/FatFs/src/ff.o
 .text.move_window
                0x08003454       0x5a ./Middlewares/Third_Party/FatFs/src/ff.o
 *fill*         0x080034ae        0x2 
 .text.sync_fs  0x080034b0       0xdc ./Middlewares/Third_Party/FatFs/src/ff.o
 .text.clust2sect
                0x0800358c       0x3e ./Middlewares/Third_Party/FatFs/src/ff.o
 .text.get_fat  0x080035ca      0x14e ./Middlewares/Third_Party/FatFs/src/ff.o
 .text.put_fat  0x08003718      0x1d4 ./Middlewares/Third_Party/FatFs/src/ff.o
 .text.remove_chain
                0x080038ec       0xca ./Middlewares/Third_Party/FatFs/src/ff.o
 .text.create_chain
                0x080039b6      0x130 ./Middlewares/Third_Party/FatFs/src/ff.o
 .text.clmt_clust
                0x08003ae6       0x68 ./Middlewares/Third_Party/FatFs/src/ff.o
 .text.dir_sdi  0x08003b4e       0xf6 ./Middlewares/Third_Party/FatFs/src/ff.o
 .text.dir_next
                0x08003c44      0x18a ./Middlewares/Third_Party/FatFs/src/ff.o
 .text.dir_alloc
                0x08003dce       0x8e ./Middlewares/Third_Party/FatFs/src/ff.o
 .text.ld_clust
                0x08003e5c       0x3e ./Middlewares/Third_Party/FatFs/src/ff.o
 .text.st_clust
                0x08003e9a       0x40 ./Middlewares/Third_Party/FatFs/src/ff.o
 .text.dir_find
                0x08003eda       0xaa ./Middlewares/Third_Party/FatFs/src/ff.o
 .text.dir_register
                0x08003f84       0x64 ./Middlewares/Third_Party/FatFs/src/ff.o
 .text.create_name
                0x08003fe8      0x128 ./Middlewares/Third_Party/FatFs/src/ff.o
 .text.follow_path
                0x08004110       0xe2 ./Middlewares/Third_Party/FatFs/src/ff.o
 .text.get_ldnumber
                0x080041f2       0x88 ./Middlewares/Third_Party/FatFs/src/ff.o
 *fill*         0x0800427a        0x2 
 .text.check_fs
                0x0800427c       0xac ./Middlewares/Third_Party/FatFs/src/ff.o
 .text.find_volume
                0x08004328      0x498 ./Middlewares/Third_Party/FatFs/src/ff.o
 .text.validate
                0x080047c0       0x6a ./Middlewares/Third_Party/FatFs/src/ff.o
 *fill*         0x0800482a        0x2 
 .text.f_mount  0x0800482c       0x8c ./Middlewares/Third_Party/FatFs/src/ff.o
                0x0800482c                f_mount
 .text.f_open   0x080048b8      0x374 ./Middlewares/Third_Party/FatFs/src/ff.o
                0x080048b8                f_open
 .text.f_read   0x08004c2c      0x27e ./Middlewares/Third_Party/FatFs/src/ff.o
                0x08004c2c                f_read
 .text.f_write  0x08004eaa      0x2ea ./Middlewares/Third_Party/FatFs/src/ff.o
                0x08004eaa                f_write
 .text.f_sync   0x08005194       0xfc ./Middlewares/Third_Party/FatFs/src/ff.o
                0x08005194                f_sync
 .text.f_close  0x08005290       0x54 ./Middlewares/Third_Party/FatFs/src/ff.o
                0x08005290                f_close
 .text.FATFS_LinkDriverEx
                0x080052e4       0x98 ./Middlewares/Third_Party/FatFs/src/ff_gen_drv.o
                0x080052e4                FATFS_LinkDriverEx
 .text.FATFS_LinkDriver
                0x0800537c       0x1e ./Middlewares/Third_Party/FatFs/src/ff_gen_drv.o
                0x0800537c                FATFS_LinkDriver
 .text.memcmp   0x0800539a       0x20 C:/ST/STM32CubeIDE_2.0.0/STM32CubeIDE/plugins/com.st.stm32cube.ide.mcu.externaltools.gnu-tools-for-stm32.13.3.rel1.win32_1.0.100.202509120712/tools/bin/../lib/gcc/arm-none-eabi/13.3.1/../../../../arm-none-eabi/lib/thumb/v7e-m+fp/hard\libc_nano.a(libc_a-memcmp.o)
                0x0800539a                memcmp
 .text.memset   0x080053ba       0x10 C:/ST/STM32CubeIDE_2.0.0/STM32CubeIDE/plugins/com.st.stm32cube.ide.mcu.externaltools.gnu-tools-for-stm32.13.3.rel1.win32_1.0.100.202509120712/tools/bin/../lib/gcc/arm-none-eabi/13.3.1/../../../../arm-none-eabi/lib/thumb/v7e-m+fp/hard\libc_nano.a(libc_a-memset.o)
                0x080053ba                memset
 *fill*         0x080053ca        0x2 
 .text.__libc_init_array
                0x080053cc       0x48 C:/ST/STM32CubeIDE_2.0.0/STM32CubeIDE/plugins/com.st.stm32cube.ide.mcu.externaltools.gnu-tools-for-stm32.13.3.rel1.win32_1.0.100.202509120712/tools/bin/../lib/gcc/arm-none-eabi/13.3.1/../../../../arm-none-eabi/lib/thumb/v7e-m+fp/hard\libc_nano.a(libc_a-init.o)
                0x080053cc                __libc_init_array
 *(.glue_7)
 .glue_7        0x08005414        0x0 linker stubs
 *(.glue_7t)
 .glue_7t       0x08005414        0x0 linker stubs
 *(.eh_frame)
 .eh_frame      0x08005414        0x0 C:/ST/STM32CubeIDE_2.0.0/STM32CubeIDE/plugins/com.st.stm32cube.ide.mcu.externaltools.gnu-tools-for-stm32.13.3.rel1.win32_1.0.100.202509120712/tools/bin/../lib/gcc/arm-none-eabi/13.3.1/thumb/v7e-m+fp/hard/crtbegin.o
 *(.init)
 .init          0x08005414        0x4 C:/ST/STM32CubeIDE_2.0.0/STM32CubeIDE/plugins/com.st.stm32cube.ide.mcu.externaltools.gnu-tools-for-stm32.13.3.rel1.win32_1.0.100.202509120712/tools/bin/../lib/gcc/arm-none-eabi/13.3.1/thumb/v7e-m+fp/hard/crti.o
                0x08005414                _init
 .init          0x08005418        0x8 C:/ST/STM32CubeIDE_2.0.0/STM32CubeIDE/plugins/com.st.stm32cube.ide.mcu.externaltools.gnu-tools-for-stm32.13.3.rel1.win32_1.0.100.202509120712/tools/bin/../lib/gcc/arm-none-eabi/13.3.1/thumb/v7e-m+fp/hard/crtn.o
 *(.fini)
 .fini          0x08005420        0x4 C:/ST/STM32CubeIDE_2.0.0/STM32CubeIDE/plugins/com.st.stm32cube.ide.mcu.externaltools.gnu-tools-for-stm32.13.3.rel1.win32_1.0.100.202509120712/tools/bin/../lib/gcc/arm-none-eabi/13.3.1/thumb/v7e-m+fp/hard/crti.o
                0x08005420                _fini
 .fini          0x08005424        0x8 C:/ST/STM32CubeIDE_2.0.0/STM32CubeIDE/plugins/com.st.stm32cube.ide.mcu.externaltools.gnu-tools-for-stm32.13.3.rel1.win32_1.0.100.202509120712/tools/bin/../lib/gcc/arm-none-eabi/13.3.1/thumb/v7e-m+fp/hard/crtn.o
                0x0800542c                        . = ALIGN (0x4)
                0x0800542c                        _etext = .

.vfp11_veneer   0x0800542c        0x0
 .vfp11_veneer  0x0800542c        0x0 linker stubs

.v4_bx          0x0800542c        0x0
 .v4_bx         0x0800542c        0x0 linker stubs

.iplt           0x0800542c        0x0
 .iplt          0x0800542c        0x0 C:/ST/STM32CubeIDE_2.0.0/STM32CubeIDE/plugins/com.st.stm32cube.ide.mcu.externaltools.gnu-tools-for-stm32.13.3.rel1.win32_1.0.100.202509120712/tools/bin/../lib/gcc/arm-none-eabi/13.3.1/thumb/v7e-m+fp/hard/crtbegin.o

.rodata         0x0800542c       0xe0
                0x0800542c                        . = ALIGN (0x4)
 *(.rodata)
 .rodata        0x0800542c        0x9 ./Core/Src/main.o
 *fill*         0x08005435        0x3 
 .rodata        0x08005438       0x44 ./Middlewares/Third_Party/FatFs/src/ff.o
 *(.rodata*)
 .rodata.AHBPrescTable
                0x0800547c       0x10 ./Core/Src/system_stm32f4xx.o
                0x0800547c                AHBPrescTable
 .rodata.ExCvt  0x0800548c       0x80 ./Middlewares/Third_Party/FatFs/src/ff.o
                0x0800550c                        . = ALIGN (0x4)

.ARM.extab      0x0800550c        0x0
                0x0800550c                        . = ALIGN (0x4)
 *(.ARM.extab* .gnu.linkonce.armextab.*)
                0x0800550c                        . = ALIGN (0x4)

.ARM            0x0800550c        0x8
                0x0800550c                        . = ALIGN (0x4)
                0x0800550c                        __exidx_start = .
 *(.ARM.exidx*)
 .ARM.exidx     0x0800550c        0x8 C:/ST/STM32CubeIDE_2.0.0/STM32CubeIDE/plugins/com.st.stm32cube.ide.mcu.externaltools.gnu-tools-for-stm32.13.3.rel1.win32_1.0.100.202509120712/tools/bin/../lib/gcc/arm-none-eabi/13.3.1/../../../../arm-none-eabi/lib/thumb/v7e-m+fp/hard\libc_nano.a(libc_a-strlen.o)
 .ARM.exidx     0x08005514        0x0 C:/ST/STM32CubeIDE_2.0.0/STM32CubeIDE/plugins/com.st.stm32cube.ide.mcu.externaltools.gnu-tools-for-stm32.13.3.rel1.win32_1.0.100.202509120712/tools/bin/../lib/gcc/arm-none-eabi/13.3.1/thumb/v7e-m+fp/hard\libgcc.a(_udivmoddi4.o)
                                  0x8 (size before relaxing)
                0x08005514                        __exidx_end = .
                0x08005514                        . = ALIGN (0x4)

.preinit_array  0x08005514        0x0
                0x08005514                        . = ALIGN (0x4)
                0x08005514                        PROVIDE (__preinit_array_start = .)
 *(.preinit_array*)
                0x08005514                        PROVIDE (__preinit_array_end = .)
                0x08005514                        . = ALIGN (0x4)

.init_array     0x08005514        0x4
                0x08005514                        . = ALIGN (0x4)
                0x08005514                        PROVIDE (__init_array_start = .)
 *(SORT_BY_NAME(.init_array.*))
 *(.init_array*)
 .init_array    0x08005514        0x4 C:/ST/STM32CubeIDE_2.0.0/STM32CubeIDE/plugins/com.st.stm32cube.ide.mcu.externaltools.gnu-tools-for-stm32.13.3.rel1.win32_1.0.100.202509120712/tools/bin/../lib/gcc/arm-none-eabi/13.3.1/thumb/v7e-m+fp/hard/crtbegin.o
                0x08005518                        PROVIDE (__init_array_end = .)
                0x08005518                        . = ALIGN (0x4)

.fini_array     0x08005518        0x4
                0x08005518                        . = ALIGN (0x4)
                [!provide]                        PROVIDE (__fini_array_start = .)
 *(SORT_BY_NAME(.fini_array.*))
 *(.fini_array*)
 .fini_array    0x08005518        0x4 C:/ST/STM32CubeIDE_2.0.0/STM32CubeIDE/plugins/com.st.stm32cube.ide.mcu.externaltools.gnu-tools-for-stm32.13.3.rel1.win32_1.0.100.202509120712/tools/bin/../lib/gcc/arm-none-eabi/13.3.1/thumb/v7e-m+fp/hard/crtbegin.o
                [!provide]                        PROVIDE (__fini_array_end = .)
                0x0800551c                        . = ALIGN (0x4)
                0x0800551c                        _sidata = LOADADDR (.data)

.rel.dyn        0x0800551c        0x0
 .rel.iplt      0x0800551c        0x0 C:/ST/STM32CubeIDE_2.0.0/STM32CubeIDE/plugins/com.st.stm32cube.ide.mcu.externaltools.gnu-tools-for-stm32.13.3.rel1.win32_1.0.100.202509120712/tools/bin/../lib/gcc/arm-none-eabi/13.3.1/thumb/v7e-m+fp/hard/crtbegin.o

.data           0x20000000       0x34 load address 0x0800551c
                0x20000000                        . = ALIGN (0x4)
                0x20000000                        _sdata = .
 *(.data)
 *(.data*)
 .data.sd_write_data
                0x20000000       0x14 ./Core/Src/main.o
                0x20000000                sd_write_data
 .data.SystemCoreClock
                0x20000014        0x4 ./Core/Src/system_stm32f4xx.o
                0x20000014                SystemCoreClock
 .data.uwTickPrio
                0x20000018        0x4 ./Drivers/STM32F4xx_HAL_Driver/Src/stm32f4xx_hal.o
                0x20000018                uwTickPrio
 .data.uwTickFreq
                0x2000001c        0x1 ./Drivers/STM32F4xx_HAL_Driver/Src/stm32f4xx_hal.o
                0x2000001c                uwTickFreq
 *fill*         0x2000001d        0x3 
 .data.USER_Driver
                0x20000020       0x14 ./FATFS/Target/user_diskio.o
                0x20000020                USER_Driver
 *(.RamFunc)
 *(.RamFunc*)
                0x20000034                        . = ALIGN (0x4)
                0x20000034                        _edata = .
                0x08005550                        _siccmram = LOADADDR (.ccmram)

.igot.plt       0x20000034        0x0 load address 0x08005550
 .igot.plt      0x20000034        0x0 C:/ST/STM32CubeIDE_2.0.0/STM32CubeIDE/plugins/com.st.stm32cube.ide.mcu.externaltools.gnu-tools-for-stm32.13.3.rel1.win32_1.0.100.202509120712/tools/bin/../lib/gcc/arm-none-eabi/13.3.1/thumb/v7e-m+fp/hard/crtbegin.o

.ccmram         0x10000000        0x0 load address 0x08005550
                0x10000000                        . = ALIGN (0x4)
                0x10000000                        _sccmram = .
 *(.ccmram)
 *(.ccmram*)
                0x10000000                        . = ALIGN (0x4)
                0x10000000                        _eccmram = .
                0x10000000                        . = ALIGN (0x4)

.bss            0x20000034      0x338
                0x20000034                        _sbss = .
                0x20000034                        __bss_start__ = _sbss
 *(.bss)
 .bss           0x20000034       0x1c C:/ST/STM32CubeIDE_2.0.0/STM32CubeIDE/plugins/com.st.stm32cube.ide.mcu.externaltools.gnu-tools-for-stm32.13.3.rel1.win32_1.0.100.202509120712/tools/bin/../lib/gcc/arm-none-eabi/13.3.1/thumb/v7e-m+fp/hard/crtbegin.o
 *(.bss*)
 .bss.hspi1     0x20000050       0x58 ./Core/Src/main.o
                0x20000050                hspi1
 .bss.sd_result
                0x200000a8        0x1 ./Core/Src/main.o
                0x200000a8                sd_result
 *fill*         0x200000a9        0x3 
 .bss.sd_bytes_written
                0x200000ac        0x4 ./Core/Src/main.o
                0x200000ac                sd_bytes_written
 .bss.sd_bytes_read
                0x200000b0        0x4 ./Core/Src/main.o
                0x200000b0                sd_bytes_read
 .bss.sd_read_data
                0x200000b4       0x40 ./Core/Src/main.o
                0x200000b4                sd_read_data
 .bss.sd_initialized
                0x200000f4        0x1 ./Core/Src/sd_spi.o
 .bss.sd_card_type
                0x200000f5        0x1 ./Core/Src/sd_spi.o
 *fill*         0x200000f6        0x2 
 .bss.sd_sector_count
                0x200000f8        0x4 ./Core/Src/sd_spi.o
 .bss.uwTick    0x200000fc        0x4 ./Drivers/STM32F4xx_HAL_Driver/Src/stm32f4xx_hal.o
                0x200000fc                uwTick
 .bss.retUSER   0x20000100        0x1 ./FATFS/App/fatfs.o
                0x20000100                retUSER
 *fill*         0x20000101        0x3 
 .bss.USERPath  0x20000104        0x4 ./FATFS/App/fatfs.o
                0x20000104                USERPath
 .bss.USERFatFS
                0x20000108      0x230 ./FATFS/App/fatfs.o
                0x20000108                USERFatFS
 .bss.FatFs     0x20000338        0x4 ./Middlewares/Third_Party/FatFs/src/ff.o
 .bss.Fsid      0x2000033c        0x2 ./Middlewares/Third_Party/FatFs/src/ff.o
 *fill*         0x2000033e        0x2 
 .bss.Files     0x20000340       0x20 ./Middlewares/Third_Party/FatFs/src/ff.o
 .bss.disk      0x20000360        0xc ./Middlewares/Third_Party/FatFs/src/ff_gen_drv.o
                0x20000360                disk
 *(COMMON)
                0x2000036c                        . = ALIGN (0x4)
                0x2000036c                        _ebss = .
                0x2000036c                        __bss_end__ = _ebss

._user_heap_stack
                0x2000036c      0x604
                0x20000370                        . = ALIGN (0x8)
 *fill*         0x2000036c        0x4 
                [!provide]                        PROVIDE (end = .)
                0x20000370                        PROVIDE (_end = .)
                0x20000570                        . = (. + _Min_Heap_Size)
 *fill*         0x20000370      0x200 
                0x20000970                        . = (. + _Min_Stack_Size)
 *fill*         0x20000570      0x400 
                0x20000970                        . = ALIGN (0x8)

/DISCARD/
 libc.a(*)
 libm.a(*)
 libgcc.a(*)

.ARM.attributes
                0x00000000       0x30
 *(.ARM.attributes)
 .ARM.attributes
                0x00000000       0x22 C:/ST/STM32CubeIDE_2.0.0/STM32CubeIDE/plugins/com.st.stm32cube.ide.mcu.externaltools.gnu-tools-for-stm32.13.3.rel1.win32_1.0.100.202509120712/tools/bin/../lib/gcc/arm-none-eabi/13.3.1/thumb/v7e-m+fp/hard/crti.o
 .ARM.attributes
                0x00000022       0x34 C:/ST/STM32CubeIDE_2.0.0/STM32CubeIDE/plugins/com.st.stm32cube.ide.mcu.externaltools.gnu-tools-for-stm32.13.3.rel1.win32_1.0.100.202509120712/tools/bin/../lib/gcc/arm-none-eabi/13.3.1/thumb/v7e-m+fp/hard/crtbegin.o
 .ARM.attributes
                0x00000056       0x34 ./Core/Src/main.o
 .ARM.attributes
                0x0000008a       0x34 ./Core/Src/sd_spi.o
 .ARM.attributes
                0x000000be       0x34 ./Core/Src/stm32f4xx_hal_msp.o
 .ARM.attributes
                0x000000f2       0x34 ./Core/Src/stm32f4xx_it.o
 .ARM.attributes
                0x00000126       0x34 ./Core/Src/system_stm32f4xx.o
 .ARM.attributes
                0x0000015a       0x21 ./Core/Startup/startup_stm32f429zitx.o
 .ARM.attributes
                0x0000017b       0x34 ./Drivers/STM32F4xx_HAL_Driver/Src/stm32f4xx_hal.o
 .ARM.attributes
                0x000001af       0x34 ./Drivers/STM32F4xx_HAL_Driver/Src/stm32f4xx_hal_cortex.o
 .ARM.attributes
                0x000001e3       0x34 ./Drivers/STM32F4xx_HAL_Driver/Src/stm32f4xx_hal_dma.o
 .ARM.attributes
                0x00000217       0x34 ./Drivers/STM32F4xx_HAL_Driver/Src/stm32f4xx_hal_gpio.o
 .ARM.attributes
                0x0000024b       0x34 ./Drivers/STM32F4xx_HAL_Driver/Src/stm32f4xx_hal_rcc.o
 .ARM.attributes
                0x0000027f       0x34 ./Drivers/STM32F4xx_HAL_Driver/Src/stm32f4xx_hal_spi.o
 .ARM.attributes
                0x000002b3       0x34 ./FATFS/App/fatfs.o
 .ARM.attributes
                0x000002e7       0x34 ./FATFS/Target/user_diskio.o
 .ARM.attributes
                0x0000031b       0x34 ./Middlewares/Third_Party/FatFs/src/diskio.o
 .ARM.attributes
                0x0000034f       0x34 ./Middlewares/Third_Party/FatFs/src/ff.o
 .ARM.attributes
                0x00000383       0x34 ./Middlewares/Third_Party/FatFs/src/ff_gen_drv.o
 .ARM.attributes
                0x000003b7       0x34 C:/ST/STM32CubeIDE_2.0.0/STM32CubeIDE/plugins/com.st.stm32cube.ide.mcu.externaltools.gnu-tools-for-stm32.13.3.rel1.win32_1.0.100.202509120712/tools/bin/../lib/gcc/arm-none-eabi/13.3.1/../../../../arm-none-eabi/lib/thumb/v7e-m+fp/hard\libc_nano.a(libc_a-memcmp.o)
 .ARM.attributes
                0x000003eb       0x34 C:/ST/STM32CubeIDE_2.0.0/STM32CubeIDE/plugins/com.st.stm32cube.ide.mcu.externaltools.gnu-tools-for-stm32.13.3.rel1.win32_1.0.100.202509120712/tools/bin/../lib/gcc/arm-none-eabi/13.3.1/../../../../arm-none-eabi/lib/thumb/v7e-m+fp/hard\libc_nano.a(libc_a-memset.o)
 .ARM.attributes
                0x0000041f       0x34 C:/ST/STM32CubeIDE_2.0.0/STM32CubeIDE/plugins/com.st.stm32cube.ide.mcu.externaltools.gnu-tools-for-stm32.13.3.rel1.win32_1.0.100.202509120712/tools/bin/../lib/gcc/arm-none-eabi/13.3.1/../../../../arm-none-eabi/lib/thumb/v7e-m+fp/hard\libc_nano.a(libc_a-init.o)
 .ARM.attributes
                0x00000453       0x17 C:/ST/STM32CubeIDE_2.0.0/STM32CubeIDE/plugins/com.st.stm32cube.ide.mcu.externaltools.gnu-tools-for-stm32.13.3.rel1.win32_1.0.100.202509120712/tools/bin/../lib/gcc/arm-none-eabi/13.3.1/../../../../arm-none-eabi/lib/thumb/v7e-m+fp/hard\libc_nano.a(libc_a-strlen.o)
 .ARM.attributes
                0x0000046a       0x22 C:/ST/STM32CubeIDE_2.0.0/STM32CubeIDE/plugins/com.st.stm32cube.ide.mcu.externaltools.gnu-tools-for-stm32.13.3.rel1.win32_1.0.100.202509120712/tools/bin/../lib/gcc/arm-none-eabi/13.3.1/thumb/v7e-m+fp/hard\libgcc.a(_aeabi_uldivmod.o)
 .ARM.attributes
                0x0000048c       0x34 C:/ST/STM32CubeIDE_2.0.0/STM32CubeIDE/plugins/com.st.stm32cube.ide.mcu.externaltools.gnu-tools-for-stm32.13.3.rel1.win32_1.0.100.202509120712/tools/bin/../lib/gcc/arm-none-eabi/13.3.1/thumb/v7e-m+fp/hard\libgcc.a(_udivmoddi4.o)
 .ARM.attributes
                0x000004c0       0x22 C:/ST/STM32CubeIDE_2.0.0/STM32CubeIDE/plugins/com.st.stm32cube.ide.mcu.externaltools.gnu-tools-for-stm32.13.3.rel1.win32_1.0.100.202509120712/tools/bin/../lib/gcc/arm-none-eabi/13.3.1/thumb/v7e-m+fp/hard\libgcc.a(_dvmd_tls.o)
 .ARM.attributes
                0x000004e2       0x22 C:/ST/STM32CubeIDE_2.0.0/STM32CubeIDE/plugins/com.st.stm32cube.ide.mcu.externaltools.gnu-tools-for-stm32.13.3.rel1.win32_1.0.100.202509120712/tools/bin/../lib/gcc/arm-none-eabi/13.3.1/thumb/v7e-m+fp/hard/crtn.o
OUTPUT(SD_Card.elf elf32-littlearm)
LOAD linker stubs
LOAD C:/ST/STM32CubeIDE_2.0.0/STM32CubeIDE/plugins/com.st.stm32cube.ide.mcu.externaltools.gnu-tools-for-stm32.13.3.rel1.win32_1.0.100.202509120712/tools/bin/../lib/gcc/arm-none-eabi/13.3.1/../../../../arm-none-eabi/lib/thumb/v7e-m+fp/hard\libc.a
LOAD C:/ST/STM32CubeIDE_2.0.0/STM32CubeIDE/plugins/com.st.stm32cube.ide.mcu.externaltools.gnu-tools-for-stm32.13.3.rel1.win32_1.0.100.202509120712/tools/bin/../lib/gcc/arm-none-eabi/13.3.1/../../../../arm-none-eabi/lib/thumb/v7e-m+fp/hard\libm.a
LOAD C:/ST/STM32CubeIDE_2.0.0/STM32CubeIDE/plugins/com.st.stm32cube.ide.mcu.externaltools.gnu-tools-for-stm32.13.3.rel1.win32_1.0.100.202509120712/tools/bin/../lib/gcc/arm-none-eabi/13.3.1/thumb/v7e-m+fp/hard\libgcc.a

.debug_info     0x00000000     0xad00
 .debug_info    0x00000000     0x10ec ./Core/Src/main.o
 .debug_info    0x000010ec      0xd5b ./Core/Src/sd_spi.o
 .debug_info    0x00001e47      0xbd6 ./Core/Src/stm32f4xx_hal_msp.o
 .debug_info    0x00002a1d      0x66b ./Core/Src/stm32f4xx_it.o
 .debug_info    0x00003088      0x52e ./Core/Src/system_stm32f4xx.o
 .debug_info    0x000035b6       0x30 ./Core/Startup/startup_stm32f429zitx.o
 .debug_info    0x000035e6      0x9ba ./Drivers/STM32F4xx_HAL_Driver/Src/stm32f4xx_hal.o
 .debug_info    0x00003fa0      0xdc2 ./Drivers/STM32F4xx_HAL_Driver/Src/stm32f4xx_hal_cortex.o
 .debug_info    0x00004d62      0x8e7 ./Drivers/STM32F4xx_HAL_Driver/Src/stm32f4xx_hal_dma.o
 .debug_info    0x00005649      0x6db ./Drivers/STM32F4xx_HAL_Driver/Src/stm32f4xx_hal_gpio.o
 .debug_info    0x00005d24      0x8db ./Drivers/STM32F4xx_HAL_Driver/Src/stm32f4xx_hal_rcc.o
 .debug_info    0x000065ff     0x1525 ./Drivers/STM32F4xx_HAL_Driver/Src/stm32f4xx_hal_spi.o
 .debug_info    0x00007b24      0x4d9 ./FATFS/App/fatfs.o
 .debug_info    0x00007ffd      0x3c8 ./FATFS/Target/user_diskio.o
 .debug_info    0x000083c5      0x3df ./Middlewares/Third_Party/FatFs/src/diskio.o
 .debug_info    0x000087a4     0x21dd ./Middlewares/Third_Party/FatFs/src/ff.o
 .debug_info    0x0000a981      0x37f ./Middlewares/Third_Party/FatFs/src/ff_gen_drv.o

.debug_abbrev   0x00000000     0x216f
 .debug_abbrev  0x00000000      0x2e0 ./Core/Src/main.o
 .debug_abbrev  0x000002e0      0x308 ./Core/Src/sd_spi.o
 .debug_abbrev  0x000005e8      0x1cd ./Core/Src/stm32f4xx_hal_msp.o
 .debug_abbrev  0x000007b5      0x186 ./Core/Src/stm32f4xx_it.o
 .debug_abbrev  0x0000093b      0x11a ./Core/Src/system_stm32f4xx.o
 .debug_abbrev  0x00000a55       0x24 ./Core/Startup/startup_stm32f429zitx.o
 .debug_abbrev  0x00000a79      0x214 ./Drivers/STM32F4xx_HAL_Driver/Src/stm32f4xx_hal.o
 .debug_abbrev  0x00000c8d      0x31d ./Drivers/STM32F4xx_HAL_Driver/Src/stm32f4xx_hal_cortex.o
 .debug_abbrev  0x00000faa      0x264 ./Drivers/STM32F4xx_HAL_Driver/Src/stm32f4xx_hal_dma.o
 .debug_abbrev  0x0000120e      0x1d4 ./Drivers/STM32F4xx_HAL_Driver/Src/stm32f4xx_hal_gpio.o
 .debug_abbrev  0x000013e2      0x2b7 ./Drivers/STM32F4xx_HAL_Driver/Src/stm32f4xx_hal_rcc.o
 .debug_abbrev  0x00001699      0x27a ./Drivers/STM32F4xx_HAL_Driver/Src/stm32f4xx_hal_spi.o
 .debug_abbrev  0x00001913      0x160 ./FATFS/App/fatfs.o
 .debug_abbrev  0x00001a73      0x15a ./FATFS/Target/user_diskio.o
 .debug_abbrev  0x00001bcd      0x181 ./Middlewares/Third_Party/FatFs/src/diskio.o
 .debug_abbrev  0x00001d4e      0x282 ./Middlewares/Third_Party/FatFs/src/ff.o
 .debug_abbrev  0x00001fd0      0x19f ./Middlewares/Third_Party/FatFs/src/ff_gen_drv.o

.debug_aranges  0x00000000      0xa58
 .debug_aranges
                0x00000000       0x48 ./Core/Src/main.o
 .debug_aranges
                0x00000048       0xc0 ./Core/Src/sd_spi.o
 .debug_aranges
                0x00000108       0x30 ./Core/Src/stm32f4xx_hal_msp.o
 .debug_aranges
                0x00000138       0x68 ./Core/Src/stm32f4xx_it.o
 .debug_aranges
                0x000001a0       0x28 ./Core/Src/system_stm32f4xx.o
 .debug_aranges
                0x000001c8       0x28 ./Core/Startup/startup_stm32f429zitx.o
 .debug_aranges
                0x000001f0      0x100 ./Drivers/STM32F4xx_HAL_Driver/Src/stm32f4xx_hal.o
 .debug_aranges
                0x000002f0      0x130 ./Drivers/STM32F4xx_HAL_Driver/Src/stm32f4xx_hal_cortex.o
 .debug_aranges
                0x00000420       0x90 ./Drivers/STM32F4xx_HAL_Driver/Src/stm32f4xx_hal_dma.o
 .debug_aranges
                0x000004b0       0x58 ./Drivers/STM32F4xx_HAL_Driver/Src/stm32f4xx_hal_gpio.o
 .debug_aranges
                0x00000508       0x88 ./Drivers/STM32F4xx_HAL_Driver/Src/stm32f4xx_hal_rcc.o
 .debug_aranges
                0x00000590      0x1d0 ./Drivers/STM32F4xx_HAL_Driver/Src/stm32f4xx_hal_spi.o
 .debug_aranges
                0x00000760       0x28 ./FATFS/App/fatfs.o
 .debug_aranges
                0x00000788       0x40 ./FATFS/Target/user_diskio.o
 .debug_aranges
                0x000007c8       0x48 ./Middlewares/Third_Party/FatFs/src/diskio.o
 .debug_aranges
                0x00000810      0x208 ./Middlewares/Third_Party/FatFs/src/ff.o
 .debug_aranges
                0x00000a18       0x40 ./Middlewares/Third_Party/FatFs/src/ff_gen_drv.o

.debug_rnglists
                0x00000000      0x7c3
 .debug_rnglists
                0x00000000       0x34 ./Core/Src/main.o
 .debug_rnglists
                0x00000034       0x90 ./Core/Src/sd_spi.o
 .debug_rnglists
                0x000000c4       0x20 ./Core/Src/stm32f4xx_hal_msp.o
 .debug_rnglists
                0x000000e4       0x49 ./Core/Src/stm32f4xx_it.o
 .debug_rnglists
                0x0000012d       0x1a ./Core/Src/system_stm32f4xx.o
 .debug_rnglists
                0x00000147       0x19 ./Core/Startup/startup_stm32f429zitx.o
 .debug_rnglists
                0x00000160       0xbb ./Drivers/STM32F4xx_HAL_Driver/Src/stm32f4xx_hal.o
 .debug_rnglists
                0x0000021b       0xe0 ./Drivers/STM32F4xx_HAL_Driver/Src/stm32f4xx_hal_cortex.o
 .debug_rnglists
                0x000002fb       0x70 ./Drivers/STM32F4xx_HAL_Driver/Src/stm32f4xx_hal_dma.o
 .debug_rnglists
                0x0000036b       0x3f ./Drivers/STM32F4xx_HAL_Driver/Src/stm32f4xx_hal_gpio.o
 .debug_rnglists
                0x000003aa       0x66 ./Drivers/STM32F4xx_HAL_Driver/Src/stm32f4xx_hal_rcc.o
 .debug_rnglists
                0x00000410      0x16f ./Drivers/STM32F4xx_HAL_Driver/Src/stm32f4xx_hal_spi.o
 .debug_rnglists
                0x0000057f       0x19 ./FATFS/App/fatfs.o
 .debug_rnglists
                0x00000598       0x2c ./FATFS/Target/user_diskio.o
 .debug_rnglists
                0x000005c4       0x31 ./Middlewares/Third_Party/FatFs/src/diskio.o
 .debug_rnglists
                0x000005f5      0x1a2 ./Middlewares/Third_Party/FatFs/src/ff.o
 .debug_rnglists
                0x00000797       0x2c ./Middlewares/Third_Party/FatFs/src/ff_gen_drv.o

.debug_macro    0x00000000    0x23f35
 .debug_macro   0x00000000      0x318 ./Core/Src/main.o
 .debug_macro   0x00000318      0xad8 ./Core/Src/main.o
 .debug_macro   0x00000df0      0x295 ./Core/Src/main.o
 .debug_macro   0x00001085       0x2e ./Core/Src/main.o
 .debug_macro   0x000010b3       0x28 ./Core/Src/main.o
 .debug_macro   0x000010db       0x22 ./Core/Src/main.o
 .debug_macro   0x000010fd       0x8e ./Core/Src/main.o
 .debug_macro   0x0000118b       0x51 ./Core/Src/main.o
 .debug_macro   0x000011dc      0x103 ./Core/Src/main.o
 .debug_macro   0x000012df       0x6a ./Core/Src/main.o
 .debug_macro   0x00001349      0x1df ./Core/Src/main.o
 .debug_macro   0x00001528       0x1c ./Core/Src/main.o
 .debug_macro   0x00001544       0x22 ./Core/Src/main.o
 .debug_macro   0x00001566       0xfb ./Core/Src/main.o
 .debug_macro   0x00001661     0x1011 ./Core/Src/main.o
 .debug_macro   0x00002672      0x11f ./Core/Src/main.o
 .debug_macro   0x00002791    0x17ff1 ./Core/Src/main.o
 .debug_macro   0x0001a782       0x6d ./Core/Src/main.o
 .debug_macro   0x0001a7ef     0x370a ./Core/Src/main.o
 .debug_macro   0x0001def9      0x190 ./Core/Src/main.o
 .debug_macro   0x0001e089       0x5c ./Core/Src/main.o
 .debug_macro   0x0001e0e5      0xcba ./Core/Src/main.o
 .debug_macro   0x0001ed9f      0x9e9 ./Core/Src/main.o
 .debug_macro   0x0001f788      0x115 ./Core/Src/main.o
 .debug_macro   0x0001f89d      0x156 ./Core/Src/main.o
 .debug_macro   0x0001f9f3       0xa5 ./Core/Src/main.o
 .debug_macro   0x0001fa98      0x182 ./Core/Src/main.o
 .debug_macro   0x0001fc1a      0x287 ./Core/Src/main.o
 .debug_macro   0x0001fea1       0x5f ./Core/Src/main.o
 .debug_macro   0x0001ff00      0x236 ./Core/Src/main.o
 .debug_macro   0x00020136      0x132 ./Core/Src/main.o
 .debug_macro   0x00020268      0x41d ./Core/Src/main.o
 .debug_macro   0x00020685       0x2e ./Core/Src/main.o
 .debug_macro   0x000206b3      0x127 ./Core/Src/main.o
 .debug_macro   0x000207da       0xe2 ./Core/Src/main.o
 .debug_macro   0x000208bc       0x89 ./Core/Src/main.o
 .debug_macro   0x00020945      0x225 ./Core/Src/main.o
 .debug_macro   0x00020b6a      0x134 ./Core/Src/main.o
 .debug_macro   0x00020c9e       0x10 ./Core/Src/main.o
 .debug_macro   0x00020cae       0xeb ./Core/Src/main.o
 .debug_macro   0x00020d99       0x2a ./Core/Src/main.o
 .debug_macro   0x00020dc3       0x61 ./Core/Src/main.o
 .debug_macro   0x00020e24       0x43 ./Core/Src/main.o
 .debug_macro   0x00020e67       0x34 ./Core/Src/main.o
 .debug_macro   0x00020e9b       0x16 ./Core/Src/main.o
 .debug_macro   0x00020eb1       0x3c ./Core/Src/main.o
 .debug_macro   0x00020eed      0x370 ./Core/Src/main.o
 .debug_macro   0x0002125d       0x16 ./Core/Src/main.o
 .debug_macro   0x00021273       0x4a ./Core/Src/main.o
 .debug_macro   0x000212bd       0x34 ./Core/Src/main.o
 .debug_macro   0x000212f1       0x10 ./Core/Src/main.o
 .debug_macro   0x00021301       0x58 ./Core/Src/main.o
 .debug_macro   0x00021359       0x8e ./Core/Src/main.o
 .debug_macro   0x000213e7       0x1c ./Core/Src/main.o
 .debug_macro   0x00021403      0x185 ./Core/Src/main.o
 .debug_macro   0x00021588       0x16 ./Core/Src/main.o
 .debug_macro   0x0002159e       0x29 ./Core/Src/main.o
 .debug_macro   0x000215c7       0x12 ./Core/Src/main.o
 .debug_macro   0x000215d9       0xe2 ./Core/Src/main.o
 .debug_macro   0x000216bb       0x8e ./Core/Src/main.o
 .debug_macro   0x00021749       0x16 ./Core/Src/main.o
 .debug_macro   0x0002175f       0x20 ./Core/Src/main.o
 .debug_macro   0x0002177f      0x260 ./Core/Src/sd_spi.o
 .debug_macro   0x000219df       0x22 ./Core/Src/sd_spi.o
 .debug_macro   0x00021a01      0x1c9 ./Core/Src/stm32f4xx_hal_msp.o
 .debug_macro   0x00021bca      0x1d3 ./Core/Src/stm32f4xx_it.o
 .debug_macro   0x00021d9d      0x1ba ./Core/Src/system_stm32f4xx.o
 .debug_macro   0x00021f57      0x21a ./Drivers/STM32F4xx_HAL_Driver/Src/stm32f4xx_hal.o
 .debug_macro   0x00022171      0x1ba ./Drivers/STM32F4xx_HAL_Driver/Src/stm32f4xx_hal_cortex.o
 .debug_macro   0x0002232b      0x1c0 ./Drivers/STM32F4xx_HAL_Driver/Src/stm32f4xx_hal_dma.o
 .debug_macro   0x000224eb      0x1c0 ./Drivers/STM32F4xx_HAL_Driver/Src/stm32f4xx_hal_gpio.o
 .debug_macro   0x000226ab      0x1de ./Drivers/STM32F4xx_HAL_Driver/Src/stm32f4xx_hal_rcc.o
 .debug_macro   0x00022889      0x1c9 ./Drivers/STM32F4xx_HAL_Driver/Src/stm32f4xx_hal_spi.o
 .debug_macro   0x00022a52      0x2ee ./FATFS/App/fatfs.o
 .debug_macro   0x00022d40       0xe5 ./FATFS/App/fatfs.o
 .debug_macro   0x00022e25      0x328 ./FATFS/Target/user_diskio.o
 .debug_macro   0x0002314d       0x10 ./FATFS/Target/user_diskio.o
 .debug_macro   0x0002315d       0x16 ./FATFS/Target/user_diskio.o
 .debug_macro   0x00023173       0x7c ./FATFS/Target/user_diskio.o
 .debug_macro   0x000231ef       0x56 ./FATFS/Target/user_diskio.o
 .debug_macro   0x00023245      0x2db ./Middlewares/Third_Party/FatFs/src/diskio.o
 .debug_macro   0x00023520      0x6e2 ./Middlewares/Third_Party/FatFs/src/ff.o
 .debug_macro   0x00023c02       0x58 ./Middlewares/Third_Party/FatFs/src/ff.o
 .debug_macro   0x00023c5a      0x2db ./Middlewares/Third_Party/FatFs/src/ff_gen_drv.o

.debug_line     0x00000000     0xe868
 .debug_line    0x00000000      0xad5 ./Core/Src/main.o
 .debug_line    0x00000ad5      0xd22 ./Core/Src/sd_spi.o
 .debug_line    0x000017f7      0x768 ./Core/Src/stm32f4xx_hal_msp.o
 .debug_line    0x00001f5f      0x7df ./Core/Src/stm32f4xx_it.o
 .debug_line    0x0000273e      0x78e ./Core/Src/system_stm32f4xx.o
 .debug_line    0x00002ecc       0x7a ./Core/Startup/startup_stm32f429zitx.o
 .debug_line    0x00002f46      0xa40 ./Drivers/STM32F4xx_HAL_Driver/Src/stm32f4xx_hal.o
 .debug_line    0x00003986      0xcda ./Drivers/STM32F4xx_HAL_Driver/Src/stm32f4xx_hal_cortex.o
 .debug_line    0x00004660      0xf76 ./Drivers/STM32F4xx_HAL_Driver/Src/stm32f4xx_hal_dma.o
 .debug_line    0x000055d6      0xb8a ./Drivers/STM32F4xx_HAL_Driver/Src/stm32f4xx_hal_gpio.o
 .debug_line    0x00006160      0xe19 ./Drivers/STM32F4xx_HAL_Driver/Src/stm32f4xx_hal_rcc.o
 .debug_line    0x00006f79     0x1ca5 ./Drivers/STM32F4xx_HAL_Driver/Src/stm32f4xx_hal_spi.o
 .debug_line    0x00008c1e      0x90c ./FATFS/App/fatfs.o
 .debug_line    0x0000952a      0xa42 ./FATFS/Target/user_diskio.o
 .debug_line    0x00009f6c      0x97a ./Middlewares/Third_Party/FatFs/src/diskio.o
 .debug_line    0x0000a8e6     0x35ed ./Middlewares/Third_Party/FatFs/src/ff.o
 .debug_line    0x0000ded3      0x995 ./Middlewares/Third_Party/FatFs/src/ff_gen_drv.o

.debug_str      0x00000000    0xd28ed
 .debug_str     0x00000000    0xd28ed ./Core/Src/main.o
                              0xcf812 (size before relaxing)
 .debug_str     0x000d28ed        0x0 ./Core/Src/sd_spi.o
                              0xcbdbc (size before relaxing)
 .debug_str     0x000d28ed        0x0 ./Core/Src/stm32f4xx_hal_msp.o
                              0xcc007 (size before relaxing)
 .debug_str     0x000d28ed        0x0 ./Core/Src/stm32f4xx_it.o
                              0xcb972 (size before relaxing)
 .debug_str     0x000d28ed        0x0 ./Core/Src/system_stm32f4xx.o
                              0xcb5f8 (size before relaxing)
 .debug_str     0x000d28ed        0x0 ./Core/Startup/startup_stm32f429zitx.o
                                 0xaf (size before relaxing)
 .debug_str     0x000d28ed        0x0 ./Drivers/STM32F4xx_HAL_Driver/Src/stm32f4xx_hal.o
                              0xcc21b (size before relaxing)
 .debug_str     0x000d28ed        0x0 ./Drivers/STM32F4xx_HAL_Driver/Src/stm32f4xx_hal_cortex.o
                              0xcbf49 (size before relaxing)
 .debug_str     0x000d28ed        0x0 ./Drivers/STM32F4xx_HAL_Driver/Src/stm32f4xx_hal_dma.o
                              0xcb9ff (size before relaxing)
 .debug_str     0x000d28ed        0x0 ./Drivers/STM32F4xx_HAL_Driver/Src/stm32f4xx_hal_gpio.o
                              0xcb773 (size before relaxing)
 .debug_str     0x000d28ed        0x0 ./Drivers/STM32F4xx_HAL_Driver/Src/stm32f4xx_hal_rcc.o
                              0xcba2c (size before relaxing)
 .debug_str     0x000d28ed        0x0 ./Drivers/STM32F4xx_HAL_Driver/Src/stm32f4xx_hal_spi.o
                              0xcbea3 (size before relaxing)
 .debug_str     0x000d28ed        0x0 ./FATFS/App/fatfs.o
                              0xcee9a (size before relaxing)
 .debug_str     0x000d28ed        0x0 ./FATFS/Target/user_diskio.o
                              0xceeef (size before relaxing)
 .debug_str     0x000d28ed        0x0 ./Middlewares/Third_Party/FatFs/src/diskio.o
                              0xceda9 (size before relaxing)
 .debug_str     0x000d28ed        0x0 ./Middlewares/Third_Party/FatFs/src/ff.o
                              0xd000c (size before relaxing)
 .debug_str     0x000d28ed        0x0 ./Middlewares/Third_Party/FatFs/src/ff_gen_drv.o
                              0xcedfa (size before relaxing)

.comment        0x00000000       0x43
 .comment       0x00000000       0x43 ./Core/Src/main.o
                                 0x44 (size before relaxing)
 .comment       0x00000043        0x0 ./Core/Src/sd_spi.o
                                 0x44 (size before relaxing)
 .comment       0x00000043        0x0 ./Core/Src/stm32f4xx_hal_msp.o
                                 0x44 (size before relaxing)
 .comment       0x00000043        0x0 ./Core/Src/stm32f4xx_it.o
                                 0x44 (size before relaxing)
 .comment       0x00000043        0x0 ./Core/Src/system_stm32f4xx.o
                                 0x44 (size before relaxing)
 .comment       0x00000043        0x0 ./Drivers/STM32F4xx_HAL_Driver/Src/stm32f4xx_hal.o
                                 0x44 (size before relaxing)
 .comment       0x00000043        0x0 ./Drivers/STM32F4xx_HAL_Driver/Src/stm32f4xx_hal_cortex.o
                                 0x44 (size before relaxing)
 .comment       0x00000043        0x0 ./Drivers/STM32F4xx_HAL_Driver/Src/stm32f4xx_hal_dma.o
                                 0x44 (size before relaxing)
 .comment       0x00000043        0x0 ./Drivers/STM32F4xx_HAL_Driver/Src/stm32f4xx_hal_gpio.o
                                 0x44 (size before relaxing)
 .comment       0x00000043        0x0 ./Drivers/STM32F4xx_HAL_Driver/Src/stm32f4xx_hal_rcc.o
                                 0x44 (size before relaxing)
 .comment       0x00000043        0x0 ./Drivers/STM32F4xx_HAL_Driver/Src/stm32f4xx_hal_spi.o
                                 0x44 (size before relaxing)
 .comment       0x00000043        0x0 ./FATFS/App/fatfs.o
                                 0x44 (size before relaxing)
 .comment       0x00000043        0x0 ./FATFS/Target/user_diskio.o
                                 0x44 (size before relaxing)
 .comment       0x00000043        0x0 ./Middlewares/Third_Party/FatFs/src/diskio.o
                                 0x44 (size before relaxing)
 .comment       0x00000043        0x0 ./Middlewares/Third_Party/FatFs/src/ff.o
                                 0x44 (size before relaxing)
 .comment       0x00000043        0x0 ./Middlewares/Third_Party/FatFs/src/ff_gen_drv.o
                                 0x44 (size before relaxing)

.debug_frame    0x00000000     0x2918
 .debug_frame   0x00000000       0xd0 ./Core/Src/main.o
 .debug_frame   0x000000d0      0x2f8 ./Core/Src/sd_spi.o
 .debug_frame   0x000003c8       0x80 ./Core/Src/stm32f4xx_hal_msp.o
 .debug_frame   0x00000448      0x120 ./Core/Src/stm32f4xx_it.o
 .debug_frame   0x00000568       0x58 ./Core/Src/system_stm32f4xx.o
 .debug_frame   0x000005c0      0x3b4 ./Drivers/STM32F4xx_HAL_Driver/Src/stm32f4xx_hal.o
 .debug_frame   0x00000974      0x508 ./Drivers/STM32F4xx_HAL_Driver/Src/stm32f4xx_hal_cortex.o
 .debug_frame   0x00000e7c      0x250 ./Drivers/STM32F4xx_HAL_Driver/Src/stm32f4xx_hal_dma.o
 .debug_frame   0x000010cc      0x14c ./Drivers/STM32F4xx_HAL_Driver/Src/stm32f4xx_hal_gpio.o
 .debug_frame   0x00001218      0x1f4 ./Drivers/STM32F4xx_HAL_Driver/Src/stm32f4xx_hal_rcc.o
 .debug_frame   0x0000140c      0x828 ./Drivers/STM32F4xx_HAL_Driver/Src/stm32f4xx_hal_spi.o
 .debug_frame   0x00001c34       0x4c ./FATFS/App/fatfs.o
 .debug_frame   0x00001c80       0xc4 ./FATFS/Target/user_diskio.o
 .debug_frame   0x00001d44       0xec ./Middlewares/Third_Party/FatFs/src/diskio.o
 .debug_frame   0x00001e30      0x94c ./Middlewares/Third_Party/FatFs/src/ff.o
 .debug_frame   0x0000277c       0xc8 ./Middlewares/Third_Party/FatFs/src/ff_gen_drv.o
 .debug_frame   0x00002844       0x28 C:/ST/STM32CubeIDE_2.0.0/STM32CubeIDE/plugins/com.st.stm32cube.ide.mcu.externaltools.gnu-tools-for-stm32.13.3.rel1.win32_1.0.100.202509120712/tools/bin/../lib/gcc/arm-none-eabi/13.3.1/../../../../arm-none-eabi/lib/thumb/v7e-m+fp/hard\libc_nano.a(libc_a-memcmp.o)
 .debug_frame   0x0000286c       0x20 C:/ST/STM32CubeIDE_2.0.0/STM32CubeIDE/plugins/com.st.stm32cube.ide.mcu.externaltools.gnu-tools-for-stm32.13.3.rel1.win32_1.0.100.202509120712/tools/bin/../lib/gcc/arm-none-eabi/13.3.1/../../../../arm-none-eabi/lib/thumb/v7e-m+fp/hard\libc_nano.a(libc_a-memset.o)
 .debug_frame   0x0000288c       0x2c C:/ST/STM32CubeIDE_2.0.0/STM32CubeIDE/plugins/com.st.stm32cube.ide.mcu.externaltools.gnu-tools-for-stm32.13.3.rel1.win32_1.0.100.202509120712/tools/bin/../lib/gcc/arm-none-eabi/13.3.1/../../../../arm-none-eabi/lib/thumb/v7e-m+fp/hard\libc_nano.a(libc_a-init.o)
 .debug_frame   0x000028b8       0x2c C:/ST/STM32CubeIDE_2.0.0/STM32CubeIDE/plugins/com.st.stm32cube.ide.mcu.externaltools.gnu-tools-for-stm32.13.3.rel1.win32_1.0.100.202509120712/tools/bin/../lib/gcc/arm-none-eabi/13.3.1/thumb/v7e-m+fp/hard\libgcc.a(_aeabi_uldivmod.o)
 .debug_frame   0x000028e4       0x34 C:/ST/STM32CubeIDE_2.0.0/STM32CubeIDE/plugins/com.st.stm32cube.ide.mcu.externaltools.gnu-tools-for-stm32.13.3.rel1.win32_1.0.100.202509120712/tools/bin/../lib/gcc/arm-none-eabi/13.3.1/thumb/v7e-m+fp/hard\libgcc.a(_udivmoddi4.o)

.debug_line_str
                0x00000000       0x93
 .debug_line_str
                0x00000000       0x93 ./Core/Startup/startup_stm32f429zitx.o
