../Core/Src/sd_spi.c:47:13:SD_CS_Low	8	static
../Core/Src/sd_spi.c:56:13:SD_CS_High	8	static
../Core/Src/sd_spi.c:69:16:SD_SPI_Transfer	32	static
../Core/Src/sd_spi.c:91:13:SD_SPI_ReceiveBuffer	32	static
../Core/Src/sd_spi.c:110:13:SD_SPI_TransmitBuffer	32	static
../Core/Src/sd_spi.c:133:13:SD_WaitReady	24	static
../Core/Src/sd_spi.c:153:13:SD_Select	8	static
../Core/Src/sd_spi.c:173:13:SD_Deselect	8	static
../Core/Src/sd_spi.c:190:16:SD_GetCommandCRC	16	static
../Core/Src/sd_spi.c:209:16:SD_SendCommand	24	static
../Core/Src/sd_spi.c:304:13:SD_ReceiveDataBlock	24	static
../Core/Src/sd_spi.c:343:13:SD_TransmitDataBlock	24	static
../Core/Src/sd_spi.c:400:13:SD_ReadCSD	24	static
../Core/Src/sd_spi.c:419:17:SD_ParseSectorCount	80	static
../Core/Src/sd_spi.c:477:6:SD_Init	48	static
../Core/Src/sd_spi.c:682:6:SD_IsReady	4	static
../Core/Src/sd_spi.c:691:17:SD_GetAddress	16	static
../Core/Src/sd_spi.c:709:6:SD_ReadBlocks	40	static
../Core/Src/sd_spi.c:793:6:SD_WriteBlocks	40	static
../Core/Src/sd_spi.c:889:10:SD_GetSectorCount	4	static
../Core/Src/sd_spi.c:894:13:SD_GetCardType	4	static
